<?xml version="1.0"?>
<link_info>
   <banner>TI ARM Linker PC v16.9.8.LTS</banner>
   <copyright>Copyright (c) 1996-2017 Texas Instruments Incorporated</copyright>
   <link_time>0x5bd23154</link_time>
   <link_errors>0x0</link_errors>
   <output_file>WALLE_Control.out</output_file>
   <entry_point>
      <name>_c_int00</name>
      <address>0x1e15</address>
   </entry_point>
   <input_file_list>
      <input_file id="fl-2">
         <path>.\</path>
         <kind>object</kind>
         <file>main.obj</file>
         <name>main.obj</name>
      </input_file>
      <input_file id="fl-3">
         <path>.\</path>
         <kind>object</kind>
         <file>startup_msp432p401r_ccs.obj</file>
         <name>startup_msp432p401r_ccs.obj</name>
      </input_file>
      <input_file id="fl-4">
         <path>.\</path>
         <kind>object</kind>
         <file>system_msp432p401r.obj</file>
         <name>system_msp432p401r.obj</name>
      </input_file>
      <input_file id="fl-5">
         <path>.\BoardSupportPackage\src\</path>
         <kind>object</kind>
         <file>AsciiLib.obj</file>
         <name>AsciiLib.obj</name>
      </input_file>
      <input_file id="fl-6">
         <path>.\BoardSupportPackage\src\</path>
         <kind>object</kind>
         <file>BSP.obj</file>
         <name>BSP.obj</name>
      </input_file>
      <input_file id="fl-7">
         <path>.\BoardSupportPackage\src\</path>
         <kind>object</kind>
         <file>BackChannelUart.obj</file>
         <name>BackChannelUart.obj</name>
      </input_file>
      <input_file id="fl-8">
         <path>.\BoardSupportPackage\src\</path>
         <kind>object</kind>
         <file>ClockSys.obj</file>
         <name>ClockSys.obj</name>
      </input_file>
      <input_file id="fl-9">
         <path>.\BoardSupportPackage\src\</path>
         <kind>object</kind>
         <file>Joystick.obj</file>
         <name>Joystick.obj</name>
      </input_file>
      <input_file id="fl-a">
         <path>.\BoardSupportPackage\src\</path>
         <kind>object</kind>
         <file>LCD.obj</file>
         <name>LCD.obj</name>
      </input_file>
      <input_file id="fl-b">
         <path>.\BoardSupportPackage\src\</path>
         <kind>object</kind>
         <file>LED.obj</file>
         <name>LED.obj</name>
      </input_file>
      <input_file id="fl-c">
         <path>.\BoardSupportPackage\src\</path>
         <kind>object</kind>
         <file>Servo.obj</file>
         <name>Servo.obj</name>
      </input_file>
      <input_file id="fl-d">
         <path>.\BoardSupportPackage\src\</path>
         <kind>object</kind>
         <file>UARTs.obj</file>
         <name>UARTs.obj</name>
      </input_file>
      <input_file id="fl-e">
         <path>.\BoardSupportPackage\src\</path>
         <kind>object</kind>
         <file>UltraSonic.obj</file>
         <name>UltraSonic.obj</name>
      </input_file>
      <input_file id="fl-f">
         <path>.\BoardSupportPackage\src\</path>
         <kind>object</kind>
         <file>bluetooth.obj</file>
         <name>bluetooth.obj</name>
      </input_file>
      <input_file id="fl-10">
         <path>.\BoardSupportPackage\src\</path>
         <kind>object</kind>
         <file>bme280.obj</file>
         <name>bme280.obj</name>
      </input_file>
      <input_file id="fl-11">
         <path>.\BoardSupportPackage\src\</path>
         <kind>object</kind>
         <file>bme280_support.obj</file>
         <name>bme280_support.obj</name>
      </input_file>
      <input_file id="fl-12">
         <path>.\BoardSupportPackage\src\</path>
         <kind>object</kind>
         <file>bmi160.obj</file>
         <name>bmi160.obj</name>
      </input_file>
      <input_file id="fl-13">
         <path>.\BoardSupportPackage\src\</path>
         <kind>object</kind>
         <file>bmi160_support.obj</file>
         <name>bmi160_support.obj</name>
      </input_file>
      <input_file id="fl-14">
         <path>.\BoardSupportPackage\src\</path>
         <kind>object</kind>
         <file>camera.obj</file>
         <name>camera.obj</name>
      </input_file>
      <input_file id="fl-15">
         <path>.\BoardSupportPackage\src\</path>
         <kind>object</kind>
         <file>controller.obj</file>
         <name>controller.obj</name>
      </input_file>
      <input_file id="fl-16">
         <path>.\BoardSupportPackage\src\</path>
         <kind>object</kind>
         <file>demo_sysctl.obj</file>
         <name>demo_sysctl.obj</name>
      </input_file>
      <input_file id="fl-17">
         <path>.\BoardSupportPackage\src\</path>
         <kind>object</kind>
         <file>i2c_driver.obj</file>
         <name>i2c_driver.obj</name>
      </input_file>
      <input_file id="fl-18">
         <path>.\BoardSupportPackage\src\</path>
         <kind>object</kind>
         <file>motor_driver.obj</file>
         <name>motor_driver.obj</name>
      </input_file>
      <input_file id="fl-19">
         <path>.\BoardSupportPackage\src\</path>
         <kind>object</kind>
         <file>opt3001.obj</file>
         <name>opt3001.obj</name>
      </input_file>
      <input_file id="fl-1a">
         <path>.\BoardSupportPackage\src\</path>
         <kind>object</kind>
         <file>pwm.obj</file>
         <name>pwm.obj</name>
      </input_file>
      <input_file id="fl-1b">
         <path>.\BoardSupportPackage\src\</path>
         <kind>object</kind>
         <file>tmp007.obj</file>
         <name>tmp007.obj</name>
      </input_file>
      <input_file id="fl-1c">
         <path>.\BoardSupportPackage\src\</path>
         <kind>object</kind>
         <file>xbee.obj</file>
         <name>xbee.obj</name>
      </input_file>
      <input_file id="fl-21">
         <kind>object</kind>
         <file>&lt;internal&gt;</file>
         <name>&lt;internal&gt;</name>
      </input_file>
      <input_file id="fl-22">
         <path>C:\Users\Alex Perera\Desktop\Senior\CCS\BoardSupportPackage\DriverLib\</path>
         <kind>archive</kind>
         <file>msp432p4xx_driverlib.lib</file>
         <name>cs.o</name>
      </input_file>
      <input_file id="fl-23">
         <path>C:\Users\Alex Perera\Desktop\Senior\CCS\BoardSupportPackage\DriverLib\</path>
         <kind>archive</kind>
         <file>msp432p4xx_driverlib.lib</file>
         <name>flash.o</name>
      </input_file>
      <input_file id="fl-24">
         <path>C:\Users\Alex Perera\Desktop\Senior\CCS\BoardSupportPackage\DriverLib\</path>
         <kind>archive</kind>
         <file>msp432p4xx_driverlib.lib</file>
         <name>gpio.o</name>
      </input_file>
      <input_file id="fl-25">
         <path>C:\Users\Alex Perera\Desktop\Senior\CCS\BoardSupportPackage\DriverLib\</path>
         <kind>archive</kind>
         <file>msp432p4xx_driverlib.lib</file>
         <name>i2c.o</name>
      </input_file>
      <input_file id="fl-26">
         <path>C:\Users\Alex Perera\Desktop\Senior\CCS\BoardSupportPackage\DriverLib\</path>
         <kind>archive</kind>
         <file>msp432p4xx_driverlib.lib</file>
         <name>interrupt.o</name>
      </input_file>
      <input_file id="fl-27">
         <path>C:\Users\Alex Perera\Desktop\Senior\CCS\BoardSupportPackage\DriverLib\</path>
         <kind>archive</kind>
         <file>msp432p4xx_driverlib.lib</file>
         <name>pcm.o</name>
      </input_file>
      <input_file id="fl-28">
         <path>C:\Users\Alex Perera\Desktop\Senior\CCS\BoardSupportPackage\DriverLib\</path>
         <kind>archive</kind>
         <file>msp432p4xx_driverlib.lib</file>
         <name>rtc_c.o</name>
      </input_file>
      <input_file id="fl-29">
         <path>C:\Users\Alex Perera\Desktop\Senior\CCS\BoardSupportPackage\DriverLib\</path>
         <kind>archive</kind>
         <file>msp432p4xx_driverlib.lib</file>
         <name>spi.o</name>
      </input_file>
      <input_file id="fl-2a">
         <path>C:\Users\Alex Perera\Desktop\Senior\CCS\BoardSupportPackage\DriverLib\</path>
         <kind>archive</kind>
         <file>msp432p4xx_driverlib.lib</file>
         <name>sysctl.o</name>
      </input_file>
      <input_file id="fl-2b">
         <path>C:\Users\Alex Perera\Desktop\Senior\CCS\BoardSupportPackage\DriverLib\</path>
         <kind>archive</kind>
         <file>msp432p4xx_driverlib.lib</file>
         <name>timer_a.o</name>
      </input_file>
      <input_file id="fl-2c">
         <path>C:\Users\Alex Perera\Desktop\Senior\CCS\BoardSupportPackage\DriverLib\</path>
         <kind>archive</kind>
         <file>msp432p4xx_driverlib.lib</file>
         <name>uart.o</name>
      </input_file>
      <input_file id="fl-2d">
         <path>C:\Users\Alex Perera\Desktop\Senior\CCS\BoardSupportPackage\DriverLib\</path>
         <kind>archive</kind>
         <file>msp432p4xx_driverlib.lib</file>
         <name>wdt_a.o</name>
      </input_file>
      <input_file id="fl-2e">
         <path>C:\Users\Alex Perera\Desktop\Senior\CCS\BoardSupportPackage\DriverLib\</path>
         <kind>archive</kind>
         <file>msp432p4xx_driverlib.lib</file>
         <name>cpu.o</name>
      </input_file>
      <input_file id="fl-e4">
         <path>C:\ti\ccsv7\tools\compiler\ti-cgt-arm_16.9.8.LTS\lib\</path>
         <kind>archive</kind>
         <file>rtsv7M4_T_le_v4SPD16_eabi.lib</file>
         <name>boot.obj</name>
      </input_file>
      <input_file id="fl-e5">
         <path>C:\ti\ccsv7\tools\compiler\ti-cgt-arm_16.9.8.LTS\lib\</path>
         <kind>archive</kind>
         <file>rtsv7M4_T_le_v4SPD16_eabi.lib</file>
         <name>copy_decompress_lzss.obj</name>
      </input_file>
      <input_file id="fl-e6">
         <path>C:\ti\ccsv7\tools\compiler\ti-cgt-arm_16.9.8.LTS\lib\</path>
         <kind>archive</kind>
         <file>rtsv7M4_T_le_v4SPD16_eabi.lib</file>
         <name>copy_decompress_none.obj</name>
      </input_file>
      <input_file id="fl-e7">
         <path>C:\ti\ccsv7\tools\compiler\ti-cgt-arm_16.9.8.LTS\lib\</path>
         <kind>archive</kind>
         <file>rtsv7M4_T_le_v4SPD16_eabi.lib</file>
         <name>copy_zero_init.obj</name>
      </input_file>
      <input_file id="fl-e8">
         <path>C:\ti\ccsv7\tools\compiler\ti-cgt-arm_16.9.8.LTS\lib\</path>
         <kind>archive</kind>
         <file>rtsv7M4_T_le_v4SPD16_eabi.lib</file>
         <name>exit.obj</name>
      </input_file>
      <input_file id="fl-e9">
         <path>C:\ti\ccsv7\tools\compiler\ti-cgt-arm_16.9.8.LTS\lib\</path>
         <kind>archive</kind>
         <file>rtsv7M4_T_le_v4SPD16_eabi.lib</file>
         <name>ll_div_t2.obj</name>
      </input_file>
      <input_file id="fl-ea">
         <path>C:\ti\ccsv7\tools\compiler\ti-cgt-arm_16.9.8.LTS\lib\</path>
         <kind>archive</kind>
         <file>rtsv7M4_T_le_v4SPD16_eabi.lib</file>
         <name>ll_mul_t2.obj</name>
      </input_file>
      <input_file id="fl-eb">
         <path>C:\ti\ccsv7\tools\compiler\ti-cgt-arm_16.9.8.LTS\lib\</path>
         <kind>archive</kind>
         <file>rtsv7M4_T_le_v4SPD16_eabi.lib</file>
         <name>memcpy_t2.obj</name>
      </input_file>
      <input_file id="fl-ec">
         <path>C:\ti\ccsv7\tools\compiler\ti-cgt-arm_16.9.8.LTS\lib\</path>
         <kind>archive</kind>
         <file>rtsv7M4_T_le_v4SPD16_eabi.lib</file>
         <name>memset_t2.obj</name>
      </input_file>
      <input_file id="fl-ed">
         <path>C:\ti\ccsv7\tools\compiler\ti-cgt-arm_16.9.8.LTS\lib\</path>
         <kind>archive</kind>
         <file>rtsv7M4_T_le_v4SPD16_eabi.lib</file>
         <name>mpu_init.obj</name>
      </input_file>
      <input_file id="fl-ee">
         <path>C:\ti\ccsv7\tools\compiler\ti-cgt-arm_16.9.8.LTS\lib\</path>
         <kind>archive</kind>
         <file>rtsv7M4_T_le_v4SPD16_eabi.lib</file>
         <name>pre_init.obj</name>
      </input_file>
      <input_file id="fl-ef">
         <path>C:\ti\ccsv7\tools\compiler\ti-cgt-arm_16.9.8.LTS\lib\</path>
         <kind>archive</kind>
         <file>rtsv7M4_T_le_v4SPD16_eabi.lib</file>
         <name>snprintf.obj</name>
      </input_file>
      <input_file id="fl-f0">
         <path>C:\ti\ccsv7\tools\compiler\ti-cgt-arm_16.9.8.LTS\lib\</path>
         <kind>archive</kind>
         <file>rtsv7M4_T_le_v4SPD16_eabi.lib</file>
         <name>stkdepth_vars.obj</name>
      </input_file>
      <input_file id="fl-f1">
         <path>C:\ti\ccsv7\tools\compiler\ti-cgt-arm_16.9.8.LTS\lib\</path>
         <kind>archive</kind>
         <file>rtsv7M4_T_le_v4SPD16_eabi.lib</file>
         <name>strlen.obj</name>
      </input_file>
      <input_file id="fl-f2">
         <path>C:\ti\ccsv7\tools\compiler\ti-cgt-arm_16.9.8.LTS\lib\</path>
         <kind>archive</kind>
         <file>rtsv7M4_T_le_v4SPD16_eabi.lib</file>
         <name>_lock.obj</name>
      </input_file>
      <input_file id="fl-f3">
         <path>C:\ti\ccsv7\tools\compiler\ti-cgt-arm_16.9.8.LTS\lib\</path>
         <kind>archive</kind>
         <file>rtsv7M4_T_le_v4SPD16_eabi.lib</file>
         <name>_printfi.obj</name>
      </input_file>
      <input_file id="fl-f4">
         <path>C:\ti\ccsv7\tools\compiler\ti-cgt-arm_16.9.8.LTS\lib\</path>
         <kind>archive</kind>
         <file>rtsv7M4_T_le_v4SPD16_eabi.lib</file>
         <name>args_main.obj</name>
      </input_file>
      <input_file id="fl-f5">
         <path>C:\ti\ccsv7\tools\compiler\ti-cgt-arm_16.9.8.LTS\lib\</path>
         <kind>archive</kind>
         <file>rtsv7M4_T_le_v4SPD16_eabi.lib</file>
         <name>atoi.obj</name>
      </input_file>
      <input_file id="fl-f6">
         <path>C:\ti\ccsv7\tools\compiler\ti-cgt-arm_16.9.8.LTS\lib\</path>
         <kind>archive</kind>
         <file>rtsv7M4_T_le_v4SPD16_eabi.lib</file>
         <name>autoinit.obj</name>
      </input_file>
      <input_file id="fl-f7">
         <path>C:\ti\ccsv7\tools\compiler\ti-cgt-arm_16.9.8.LTS\lib\</path>
         <kind>archive</kind>
         <file>rtsv7M4_T_le_v4SPD16_eabi.lib</file>
         <name>cpy_tbl.obj</name>
      </input_file>
      <input_file id="fl-f8">
         <path>C:\ti\ccsv7\tools\compiler\ti-cgt-arm_16.9.8.LTS\lib\</path>
         <kind>archive</kind>
         <file>rtsv7M4_T_le_v4SPD16_eabi.lib</file>
         <name>ctype.obj</name>
      </input_file>
      <input_file id="fl-f9">
         <path>C:\ti\ccsv7\tools\compiler\ti-cgt-arm_16.9.8.LTS\lib\</path>
         <kind>archive</kind>
         <file>rtsv7M4_T_le_v4SPD16_eabi.lib</file>
         <name>fd_add_t2.obj</name>
      </input_file>
      <input_file id="fl-fa">
         <path>C:\ti\ccsv7\tools\compiler\ti-cgt-arm_16.9.8.LTS\lib\</path>
         <kind>archive</kind>
         <file>rtsv7M4_T_le_v4SPD16_eabi.lib</file>
         <name>fd_cmp_t2.obj</name>
      </input_file>
      <input_file id="fl-fb">
         <path>C:\ti\ccsv7\tools\compiler\ti-cgt-arm_16.9.8.LTS\lib\</path>
         <kind>archive</kind>
         <file>rtsv7M4_T_le_v4SPD16_eabi.lib</file>
         <name>fd_div_t2.obj</name>
      </input_file>
      <input_file id="fl-fc">
         <path>C:\ti\ccsv7\tools\compiler\ti-cgt-arm_16.9.8.LTS\lib\</path>
         <kind>archive</kind>
         <file>rtsv7M4_T_le_v4SPD16_eabi.lib</file>
         <name>fd_mul_t2.obj</name>
      </input_file>
      <input_file id="fl-fd">
         <path>C:\ti\ccsv7\tools\compiler\ti-cgt-arm_16.9.8.LTS\lib\</path>
         <kind>archive</kind>
         <file>rtsv7M4_T_le_v4SPD16_eabi.lib</file>
         <name>fd_toi_t2.obj</name>
      </input_file>
      <input_file id="fl-fe">
         <path>C:\ti\ccsv7\tools\compiler\ti-cgt-arm_16.9.8.LTS\lib\</path>
         <kind>archive</kind>
         <file>rtsv7M4_T_le_v4SPD16_eabi.lib</file>
         <name>i_tofd_t2.obj</name>
      </input_file>
      <input_file id="fl-ff">
         <path>C:\ti\ccsv7\tools\compiler\ti-cgt-arm_16.9.8.LTS\lib\</path>
         <kind>archive</kind>
         <file>rtsv7M4_T_le_v4SPD16_eabi.lib</file>
         <name>l_div0.obj</name>
      </input_file>
      <input_file id="fl-100">
         <path>C:\ti\ccsv7\tools\compiler\ti-cgt-arm_16.9.8.LTS\lib\</path>
         <kind>archive</kind>
         <file>rtsv7M4_T_le_v4SPD16_eabi.lib</file>
         <name>ltoa.obj</name>
      </input_file>
      <input_file id="fl-101">
         <path>C:\ti\ccsv7\tools\compiler\ti-cgt-arm_16.9.8.LTS\lib\</path>
         <kind>archive</kind>
         <file>rtsv7M4_T_le_v4SPD16_eabi.lib</file>
         <name>memccpy.obj</name>
      </input_file>
      <input_file id="fl-102">
         <path>C:\ti\ccsv7\tools\compiler\ti-cgt-arm_16.9.8.LTS\lib\</path>
         <kind>archive</kind>
         <file>rtsv7M4_T_le_v4SPD16_eabi.lib</file>
         <name>s_frexp.obj</name>
      </input_file>
      <input_file id="fl-103">
         <path>C:\ti\ccsv7\tools\compiler\ti-cgt-arm_16.9.8.LTS\lib\</path>
         <kind>archive</kind>
         <file>rtsv7M4_T_le_v4SPD16_eabi.lib</file>
         <name>s_scalbn.obj</name>
      </input_file>
      <input_file id="fl-104">
         <path>C:\ti\ccsv7\tools\compiler\ti-cgt-arm_16.9.8.LTS\lib\</path>
         <kind>archive</kind>
         <file>rtsv7M4_T_le_v4SPD16_eabi.lib</file>
         <name>startup.obj</name>
      </input_file>
      <input_file id="fl-105">
         <path>C:\ti\ccsv7\tools\compiler\ti-cgt-arm_16.9.8.LTS\lib\</path>
         <kind>archive</kind>
         <file>rtsv7M4_T_le_v4SPD16_eabi.lib</file>
         <name>strchr.obj</name>
      </input_file>
      <input_file id="fl-106">
         <path>C:\ti\ccsv7\tools\compiler\ti-cgt-arm_16.9.8.LTS\lib\</path>
         <kind>archive</kind>
         <file>rtsv7M4_T_le_v4SPD16_eabi.lib</file>
         <name>ull_div_t2.obj</name>
      </input_file>
      <input_file id="fl-107">
         <path>C:\ti\ccsv7\tools\compiler\ti-cgt-arm_16.9.8.LTS\lib\</path>
         <kind>archive</kind>
         <file>rtsv7M4_T_le_v4SPD16_eabi.lib</file>
         <name>errno.obj</name>
      </input_file>
      <input_file id="fl-108">
         <path>C:\ti\ccsv7\tools\compiler\ti-cgt-arm_16.9.8.LTS\lib\</path>
         <kind>archive</kind>
         <file>rtsv7M4_T_le_v4SPD16_eabi.lib</file>
         <name>s_copysign.obj</name>
      </input_file>
   </input_file_list>
   <object_component_list>
      <object_component id="oc-2c">
         <name>.intvecs:retain</name>
         <load_address>0x0</load_address>
         <run_address>0x0</run_address>
         <size>0xe4</size>
         <input_file_ref idref="fl-3"/>
      </object_component>
      <object_component id="oc-81">
         <name>.text</name>
         <load_address>0xe8</load_address>
         <run_address>0xe8</run_address>
         <size>0x59a</size>
         <input_file_ref idref="fl-17"/>
      </object_component>
      <object_component id="oc-167">
         <name>.text:I2C_getEnabledInterruptStatus</name>
         <load_address>0x682</load_address>
         <run_address>0x682</run_address>
         <size>0x6</size>
         <input_file_ref idref="fl-25"/>
      </object_component>
      <object_component id="oc-c3">
         <name>.text</name>
         <load_address>0x688</load_address>
         <run_address>0x688</run_address>
         <size>0x480</size>
         <input_file_ref idref="fl-4"/>
      </object_component>
      <object_component id="oc-7b">
         <name>.text</name>
         <load_address>0xb08</load_address>
         <run_address>0xb08</run_address>
         <size>0x2e6</size>
         <input_file_ref idref="fl-1c"/>
      </object_component>
      <object_component id="oc-53">
         <name>.text</name>
         <load_address>0xdee</load_address>
         <run_address>0xdee</run_address>
         <size>0x2</size>
         <input_file_ref idref="fl-ed"/>
      </object_component>
      <object_component id="oc-1b1">
         <name>.text</name>
         <load_address>0xdf0</load_address>
         <run_address>0xdf0</run_address>
         <size>0x208</size>
         <input_file_ref idref="fl-15"/>
      </object_component>
      <object_component id="oc-26e">
         <name>.text</name>
         <load_address>0xff8</load_address>
         <run_address>0xff8</run_address>
         <size>0x1ea</size>
         <input_file_ref idref="fl-9"/>
      </object_component>
      <object_component id="oc-2b0">
         <name>.text:__PCM_setPowerStateAdvanced</name>
         <load_address>0x11e2</load_address>
         <run_address>0x11e2</run_address>
         <size>0x1a0</size>
         <input_file_ref idref="fl-27"/>
      </object_component>
      <object_component id="oc-a8">
         <name>.text</name>
         <load_address>0x1382</load_address>
         <run_address>0x1382</run_address>
         <size>0x2</size>
         <input_file_ref idref="fl-104"/>
      </object_component>
      <object_component id="oc-245">
         <name>.text:CS_setDCOFrequency</name>
         <load_address>0x1384</load_address>
         <run_address>0x1384</run_address>
         <size>0x14c</size>
         <input_file_ref idref="fl-22"/>
      </object_component>
      <object_component id="oc-1ab">
         <name>.text:CS_getDCOFrequency</name>
         <load_address>0x14d0</load_address>
         <run_address>0x14d0</run_address>
         <size>0x104</size>
         <input_file_ref idref="fl-22"/>
      </object_component>
      <object_component id="oc-24b">
         <name>.text:CS_initClockSignal</name>
         <load_address>0x15d4</load_address>
         <run_address>0x15d4</run_address>
         <size>0xe0</size>
         <input_file_ref idref="fl-22"/>
      </object_component>
      <object_component id="oc-2fb">
         <name>.text:__PCM_setPowerModeAdvanced</name>
         <load_address>0x16b4</load_address>
         <run_address>0x16b4</run_address>
         <size>0xdc</size>
         <input_file_ref idref="fl-27"/>
      </object_component>
      <object_component id="oc-2f5">
         <name>.text:__PCM_setCoreVoltageLevelAdvanced</name>
         <load_address>0x1790</load_address>
         <run_address>0x1790</run_address>
         <size>0xb0</size>
         <input_file_ref idref="fl-27"/>
      </object_component>
      <object_component id="oc-204">
         <name>.text:_CSComputeCLKFrequency</name>
         <load_address>0x1840</load_address>
         <run_address>0x1840</run_address>
         <size>0x9c</size>
         <input_file_ref idref="fl-22"/>
      </object_component>
      <object_component id="oc-321">
         <name>.text:CPU_wfi</name>
         <load_address>0x18dc</load_address>
         <run_address>0x18dc</run_address>
         <size>0x4</size>
         <input_file_ref idref="fl-2e"/>
      </object_component>
      <object_component id="oc-b0">
         <name>.text</name>
         <load_address>0x18e0</load_address>
         <run_address>0x18e0</run_address>
         <size>0x9c</size>
         <input_file_ref idref="fl-2"/>
      </object_component>
      <object_component id="oc-3b">
         <name>.text</name>
         <load_address>0x197c</load_address>
         <run_address>0x197c</run_address>
         <size>0x9c</size>
         <input_file_ref idref="fl-eb"/>
      </object_component>
      <object_component id="oc-cd">
         <name>.text:UART_initModule</name>
         <load_address>0x1a18</load_address>
         <run_address>0x1a18</run_address>
         <size>0x94</size>
         <input_file_ref idref="fl-2c"/>
      </object_component>
      <object_component id="oc-2e3">
         <name>.text:PCM_gotoLPM3</name>
         <load_address>0x1aac</load_address>
         <run_address>0x1aac</run_address>
         <size>0x7c</size>
         <input_file_ref idref="fl-27"/>
      </object_component>
      <object_component id="oc-47">
         <name>.text</name>
         <load_address>0x1b28</load_address>
         <run_address>0x1b28</run_address>
         <size>0x7a</size>
         <input_file_ref idref="fl-ec"/>
      </object_component>
      <object_component id="oc-157">
         <name>.text:I2C_getInterruptStatus</name>
         <load_address>0x1ba2</load_address>
         <run_address>0x1ba2</run_address>
         <size>0x6</size>
         <input_file_ref idref="fl-25"/>
      </object_component>
      <object_component id="oc-19f">
         <name>.text</name>
         <load_address>0x1ba8</load_address>
         <run_address>0x1ba8</run_address>
         <size>0x78</size>
         <input_file_ref idref="fl-8"/>
      </object_component>
      <object_component id="oc-5f">
         <name>.text</name>
         <load_address>0x1c20</load_address>
         <run_address>0x1c20</run_address>
         <size>0x70</size>
         <input_file_ref idref="fl-f6"/>
      </object_component>
      <object_component id="oc-14">
         <name>.text:decompress:lzss</name>
         <load_address>0x1c90</load_address>
         <run_address>0x1c90</run_address>
         <size>0x68</size>
         <input_file_ref idref="fl-e5"/>
      </object_component>
      <object_component id="oc-151">
         <name>.text:Interrupt_disableInterrupt</name>
         <load_address>0x1cf8</load_address>
         <run_address>0x1cf8</run_address>
         <size>0x64</size>
         <input_file_ref idref="fl-26"/>
      </object_component>
      <object_component id="oc-eb">
         <name>.text:Interrupt_enableInterrupt</name>
         <load_address>0x1d5c</load_address>
         <run_address>0x1d5c</run_address>
         <size>0x64</size>
         <input_file_ref idref="fl-26"/>
      </object_component>
      <object_component id="oc-2b9">
         <name>.text:CS_tuneDCOFrequency</name>
         <load_address>0x1dc0</load_address>
         <run_address>0x1dc0</run_address>
         <size>0x54</size>
         <input_file_ref idref="fl-22"/>
      </object_component>
      <object_component id="oc-26">
         <name>.text</name>
         <load_address>0x1e14</load_address>
         <run_address>0x1e14</run_address>
         <size>0x54</size>
         <input_file_ref idref="fl-e4"/>
      </object_component>
      <object_component id="oc-6b">
         <name>.text</name>
         <load_address>0x1e68</load_address>
         <run_address>0x1e68</run_address>
         <size>0x54</size>
         <input_file_ref idref="fl-e8"/>
      </object_component>
      <object_component id="oc-2ef">
         <name>.text:PCM_shutdownDevice</name>
         <load_address>0x1ebc</load_address>
         <run_address>0x1ebc</run_address>
         <size>0x50</size>
         <input_file_ref idref="fl-27"/>
      </object_component>
      <object_component id="oc-265">
         <name>.text:SysCtl_getTLVInfo</name>
         <load_address>0x1f0c</load_address>
         <run_address>0x1f0c</run_address>
         <size>0x50</size>
         <input_file_ref idref="fl-2a"/>
      </object_component>
      <object_component id="oc-117">
         <name>.text:GPIO_setAsPeripheralModuleFunctionOutputPin</name>
         <load_address>0x1f5c</load_address>
         <run_address>0x1f5c</run_address>
         <size>0x4c</size>
         <input_file_ref idref="fl-24"/>
      </object_component>
      <object_component id="oc-25f">
         <name>.text:_CSGetDOCFrequency</name>
         <load_address>0x1fa8</load_address>
         <run_address>0x1fa8</run_address>
         <size>0x4c</size>
         <input_file_ref idref="fl-22"/>
      </object_component>
      <object_component id="oc-a2">
         <name>.text</name>
         <load_address>0x1ff4</load_address>
         <run_address>0x1ff4</run_address>
         <size>0x4c</size>
         <input_file_ref idref="fl-f7"/>
      </object_component>
      <object_component id="oc-d3">
         <name>.text:GPIO_setAsPeripheralModuleFunctionInputPin</name>
         <load_address>0x2040</load_address>
         <run_address>0x2040</run_address>
         <size>0x48</size>
         <input_file_ref idref="fl-24"/>
      </object_component>
      <object_component id="oc-29f">
         <name>.text:_CSGetDividerValue</name>
         <load_address>0x2088</load_address>
         <run_address>0x2088</run_address>
         <size>0x48</size>
         <input_file_ref idref="fl-22"/>
      </object_component>
      <object_component id="oc-12c">
         <name>.text:I2C_initMaster</name>
         <load_address>0x20d0</load_address>
         <run_address>0x20d0</run_address>
         <size>0x3e</size>
         <input_file_ref idref="fl-25"/>
      </object_component>
      <object_component id="oc-145">
         <name>.text:I2C_masterSendMultiByteStart</name>
         <load_address>0x2110</load_address>
         <run_address>0x2110</run_address>
         <size>0x38</size>
         <input_file_ref idref="fl-25"/>
      </object_component>
      <object_component id="oc-173">
         <name>.text:I2C_masterSendMultiByteStop</name>
         <load_address>0x2148</load_address>
         <run_address>0x2148</run_address>
         <size>0x30</size>
         <input_file_ref idref="fl-25"/>
      </object_component>
      <object_component id="oc-f1">
         <name>.text:UART_getEnabledInterruptStatus</name>
         <load_address>0x2178</load_address>
         <run_address>0x2178</run_address>
         <size>0x30</size>
         <input_file_ref idref="fl-2c"/>
      </object_component>
      <object_component id="oc-274">
         <name>.text:GPIO_setAsInputPin</name>
         <load_address>0x21a8</load_address>
         <run_address>0x21a8</run_address>
         <size>0x2c</size>
         <input_file_ref idref="fl-24"/>
      </object_component>
      <object_component id="oc-336">
         <name>.text:PCM_getCoreVoltageLevel</name>
         <load_address>0x21d4</load_address>
         <run_address>0x21d4</run_address>
         <size>0x2c</size>
         <input_file_ref idref="fl-27"/>
      </object_component>
      <object_component id="oc-315">
         <name>.text:PCM_getPowerMode</name>
         <load_address>0x2200</load_address>
         <run_address>0x2200</run_address>
         <size>0x2a</size>
         <input_file_ref idref="fl-27"/>
      </object_component>
      <object_component id="oc-23f">
         <name>.text:FlashCtl_setWaitState</name>
         <load_address>0x222c</load_address>
         <run_address>0x222c</run_address>
         <size>0x28</size>
         <input_file_ref idref="fl-23"/>
      </object_component>
      <object_component id="oc-301">
         <name>.text:PCM_gotoLPM0</name>
         <load_address>0x2254</load_address>
         <run_address>0x2254</run_address>
         <size>0x28</size>
         <input_file_ref idref="fl-27"/>
      </object_component>
      <object_component id="oc-2a5">
         <name>.text:CS_clearInterruptFlag</name>
         <load_address>0x227c</load_address>
         <run_address>0x227c</run_address>
         <size>0x24</size>
         <input_file_ref idref="fl-22"/>
      </object_component>
      <object_component id="oc-251">
         <name>.text:CS_setDCOCenteredFrequency</name>
         <load_address>0x22a0</load_address>
         <run_address>0x22a0</run_address>
         <size>0x24</size>
         <input_file_ref idref="fl-22"/>
      </object_component>
      <object_component id="oc-180">
         <name>.text:I2C_masterSendMultiByteNext</name>
         <load_address>0x22c4</load_address>
         <run_address>0x22c4</run_address>
         <size>0x24</size>
         <input_file_ref idref="fl-25"/>
      </object_component>
      <object_component id="oc-2cd">
         <name>.text:Interrupt_setPriority</name>
         <load_address>0x22e8</load_address>
         <run_address>0x22e8</run_address>
         <size>0x24</size>
         <input_file_ref idref="fl-26"/>
      </object_component>
      <object_component id="oc-32e">
         <name>.text:RTC_C_holdClock</name>
         <load_address>0x230c</load_address>
         <run_address>0x230c</run_address>
         <size>0x24</size>
         <input_file_ref idref="fl-28"/>
      </object_component>
      <object_component id="oc-1a5">
         <name>.text:CS_getACLK</name>
         <load_address>0x2330</load_address>
         <run_address>0x2330</run_address>
         <size>0x18</size>
         <input_file_ref idref="fl-22"/>
      </object_component>
      <object_component id="oc-257">
         <name>.text:CS_getMCLK</name>
         <load_address>0x2348</load_address>
         <run_address>0x2348</run_address>
         <size>0x18</size>
         <input_file_ref idref="fl-22"/>
      </object_component>
      <object_component id="oc-10e">
         <name>.text:CS_getSMCLK</name>
         <load_address>0x2360</load_address>
         <run_address>0x2360</run_address>
         <size>0x18</size>
         <input_file_ref idref="fl-22"/>
      </object_component>
      <object_component id="oc-27a">
         <name>.text:GPIO_getInputPinValue</name>
         <load_address>0x2378</load_address>
         <run_address>0x2378</run_address>
         <size>0x18</size>
         <input_file_ref idref="fl-24"/>
      </object_component>
      <object_component id="oc-328">
         <name>.text:WDT_A_holdTimer</name>
         <load_address>0x2390</load_address>
         <run_address>0x2390</run_address>
         <size>0x18</size>
         <input_file_ref idref="fl-2d"/>
      </object_component>
      <object_component id="oc-65">
         <name>.text</name>
         <load_address>0x23a8</load_address>
         <run_address>0x23a8</run_address>
         <size>0x18</size>
         <input_file_ref idref="fl-f4"/>
      </object_component>
      <object_component id="oc-df">
         <name>.text:UART_enableInterrupt</name>
         <load_address>0x23c0</load_address>
         <run_address>0x23c0</run_address>
         <size>0x16</size>
         <input_file_ref idref="fl-2c"/>
      </object_component>
      <object_component id="oc-11d">
         <name>.text:I2C_isBusBusy</name>
         <load_address>0x23d8</load_address>
         <run_address>0x23d8</run_address>
         <size>0x14</size>
         <input_file_ref idref="fl-25"/>
      </object_component>
      <object_component id="oc-1c4">
         <name>.text</name>
         <load_address>0x23ec</load_address>
         <run_address>0x23ec</run_address>
         <size>0x14</size>
         <input_file_ref idref="fl-f2"/>
      </object_component>
      <object_component id="oc-75">
         <name>.text</name>
         <load_address>0x2400</load_address>
         <run_address>0x2400</run_address>
         <size>0x12</size>
         <input_file_ref idref="fl-3"/>
      </object_component>
      <object_component id="oc-15d">
         <name>.text:I2C_masterReceiveStart</name>
         <load_address>0x2412</load_address>
         <run_address>0x2412</run_address>
         <size>0x10</size>
         <input_file_ref idref="fl-25"/>
      </object_component>
      <object_component id="oc-e5">
         <name>.text:Interrupt_enableMaster</name>
         <load_address>0x2422</load_address>
         <run_address>0x2422</run_address>
         <size>0x10</size>
         <input_file_ref idref="fl-26"/>
      </object_component>
      <object_component id="oc-2e9">
         <name>.text:PCM_gotoLPM4</name>
         <load_address>0x2432</load_address>
         <run_address>0x2432</run_address>
         <size>0x10</size>
         <input_file_ref idref="fl-27"/>
      </object_component>
      <object_component id="oc-16d">
         <name>.text:I2C_clearInterruptFlag</name>
         <load_address>0x2442</load_address>
         <run_address>0x2442</run_address>
         <size>0xe</size>
         <input_file_ref idref="fl-25"/>
      </object_component>
      <object_component id="oc-14b">
         <name>.text:I2C_disableInterrupt</name>
         <load_address>0x2450</load_address>
         <run_address>0x2450</run_address>
         <size>0xe</size>
         <input_file_ref idref="fl-25"/>
      </object_component>
      <object_component id="oc-f7">
         <name>.text:UART_clearInterruptFlag</name>
         <load_address>0x245e</load_address>
         <run_address>0x245e</run_address>
         <size>0xe</size>
         <input_file_ref idref="fl-2c"/>
      </object_component>
      <object_component id="oc-1a">
         <name>.text:decompress:none</name>
         <load_address>0x246c</load_address>
         <run_address>0x246c</run_address>
         <size>0xe</size>
         <input_file_ref idref="fl-e6"/>
      </object_component>
      <object_component id="oc-1df">
         <name>.text:CPU_cpsie</name>
         <load_address>0x247a</load_address>
         <run_address>0x247a</run_address>
         <size>0xc</size>
         <input_file_ref idref="fl-2e"/>
      </object_component>
      <object_component id="oc-126">
         <name>.text:I2C_disableModule</name>
         <load_address>0x2486</load_address>
         <run_address>0x2486</run_address>
         <size>0xc</size>
         <input_file_ref idref="fl-25"/>
      </object_component>
      <object_component id="oc-138">
         <name>.text:I2C_enableModule</name>
         <load_address>0x2492</load_address>
         <run_address>0x2492</run_address>
         <size>0xc</size>
         <input_file_ref idref="fl-25"/>
      </object_component>
      <object_component id="oc-2dd">
         <name>.text:PCM_getPowerState</name>
         <load_address>0x24a0</load_address>
         <run_address>0x24a0</run_address>
         <size>0xc</size>
         <input_file_ref idref="fl-27"/>
      </object_component>
      <object_component id="oc-d9">
         <name>.text:UART_enableModule</name>
         <load_address>0x24ac</load_address>
         <run_address>0x24ac</run_address>
         <size>0xc</size>
         <input_file_ref idref="fl-2c"/>
      </object_component>
      <object_component id="oc-20">
         <name>.text:decompress:ZI</name>
         <load_address>0x24b8</load_address>
         <run_address>0x24b8</run_address>
         <size>0xc</size>
         <input_file_ref idref="fl-e7"/>
      </object_component>
      <object_component id="oc-13e">
         <name>.text:I2C_enableInterrupt</name>
         <load_address>0x24c4</load_address>
         <run_address>0x24c4</run_address>
         <size>0x8</size>
         <input_file_ref idref="fl-25"/>
      </object_component>
      <object_component id="oc-31b">
         <name>.text:PCM_setPowerMode</name>
         <load_address>0x24cc</load_address>
         <run_address>0x24cc</run_address>
         <size>0x8</size>
         <input_file_ref idref="fl-27"/>
      </object_component>
      <object_component id="oc-239">
         <name>.text:PCM_setPowerState</name>
         <load_address>0x24d4</load_address>
         <run_address>0x24d4</run_address>
         <size>0x8</size>
         <input_file_ref idref="fl-27"/>
      </object_component>
      <object_component id="oc-179">
         <name>.text:I2C_masterReceiveMultiByteNext</name>
         <load_address>0x24dc</load_address>
         <run_address>0x24dc</run_address>
         <size>0x6</size>
         <input_file_ref idref="fl-25"/>
      </object_component>
      <object_component id="oc-1eb">
         <name>.text:UART_getInterruptStatus</name>
         <load_address>0x24e2</load_address>
         <run_address>0x24e2</run_address>
         <size>0x6</size>
         <input_file_ref idref="fl-2c"/>
      </object_component>
      <object_component id="oc-132">
         <name>.text:I2C_setSlaveAddress</name>
         <load_address>0x24e8</load_address>
         <run_address>0x24e8</run_address>
         <size>0x4</size>
         <input_file_ref idref="fl-25"/>
      </object_component>
      <object_component id="oc-59">
         <name>.text</name>
         <load_address>0x24ec</load_address>
         <run_address>0x24ec</run_address>
         <size>0x4</size>
         <input_file_ref idref="fl-ee"/>
      </object_component>
      <object_component id="oc-30e">
         <name>.const:g_pulRegs</name>
         <load_address>0x24f0</load_address>
         <run_address>0x24f0</run_address>
         <size>0x50</size>
         <input_file_ref idref="fl-26"/>
      </object_component>
      <object_component id="oc-1e6">
         <name>.const</name>
         <load_address>0x2540</load_address>
         <run_address>0x2540</run_address>
         <size>0x40</size>
         <input_file_ref idref="fl-26"/>
      </object_component>
      <object_component id="oc-ca">
         <name>.const:$P$T0$1</name>
         <load_address>0x2580</load_address>
         <run_address>0x2580</run_address>
         <size>0x24</size>
         <input_file_ref idref="fl-1c"/>
      </object_component>
      <object_component id="oc-370">
         <name>.cinit..data.load</name>
         <load_address>0x25a8</load_address>
         <run_address>0x25a8</run_address>
         <size>0x49</size>
      </object_component>
      <object_component id="oc-36e">
         <name>__TI_handler_table</name>
         <load_address>0x25f4</load_address>
         <run_address>0x25f4</run_address>
         <size>0xc</size>
      </object_component>
      <object_component id="oc-371">
         <name>.cinit..bss.load</name>
         <load_address>0x2600</load_address>
         <run_address>0x2600</run_address>
         <size>0x8</size>
      </object_component>
      <object_component id="oc-36f">
         <name>__TI_cinit_table</name>
         <load_address>0x2608</load_address>
         <run_address>0x2608</run_address>
         <size>0x10</size>
      </object_component>
      <object_component id="oc-34b">
         <name>.binit</name>
         <load_address>0x0</load_address>
         <run_address>0x0</run_address>
         <size>0x0</size>
      </object_component>
      <object_component id="oc-1d0">
         <name>.data</name>
         <load_address>0x2000005c</load_address>
         <run_address>0x2000005c</run_address>
         <size>0x4</size>
         <input_file_ref idref="fl-4"/>
      </object_component>
      <object_component id="oc-164">
         <name>.data</name>
         <load_address>0x20000060</load_address>
         <run_address>0x20000060</run_address>
         <size>0x1</size>
         <input_file_ref idref="fl-17"/>
      </object_component>
      <object_component id="oc-114">
         <name>.data:i2cConfig</name>
         <load_address>0x20000030</load_address>
         <run_address>0x20000030</run_address>
         <size>0x14</size>
         <input_file_ref idref="fl-17"/>
      </object_component>
      <object_component id="oc-1d8">
         <name>.data:GPIO_PORT_TO_BASE</name>
         <load_address>0x20000000</load_address>
         <run_address>0x20000000</run_address>
         <size>0x30</size>
         <input_file_ref idref="fl-24"/>
      </object_component>
      <object_component id="oc-b8">
         <name>.data:$O1$$</name>
         <load_address>0x20000044</load_address>
         <run_address>0x20000044</run_address>
         <size>0xc</size>
         <input_file_ref idref="fl-e8"/>
      </object_component>
      <object_component id="oc-71">
         <name>.data</name>
         <load_address>0x20000058</load_address>
         <run_address>0x20000058</run_address>
         <size>0x4</size>
         <input_file_ref idref="fl-f0"/>
      </object_component>
      <object_component id="oc-bb">
         <name>.data:$O1$$</name>
         <load_address>0x20000050</load_address>
         <run_address>0x20000050</run_address>
         <size>0x8</size>
         <input_file_ref idref="fl-f2"/>
      </object_component>
      <object_component id="oc-1b7">
         <name>.common:cont_state</name>
         <uninitialized>true</uninitialized>
         <run_address>0x20000064</run_address>
         <size>0x6</size>
      </object_component>
      <object_component id="oc-2d3">
         <name>.common:ButtonFunction</name>
         <uninitialized>true</uninitialized>
         <run_address>0x2000006c</run_address>
         <size>0x4</size>
      </object_component>
      <object_component id="oc-144">
         <name>.common:ui8Status</name>
         <uninitialized>true</uninitialized>
         <run_address>0x2000006b</run_address>
         <size>0x1</size>
      </object_component>
      <object_component id="oc-123">
         <name>.common:pData</name>
         <uninitialized>true</uninitialized>
         <run_address>0x2000007c</run_address>
         <size>0x4</size>
      </object_component>
      <object_component id="oc-17f">
         <name>.common:ui8DummyRead</name>
         <uninitialized>true</uninitialized>
         <run_address>0x2000006a</run_address>
         <size>0x1</size>
      </object_component>
      <object_component id="oc-163">
         <name>.common:g_ui32ByteCount</name>
         <uninitialized>true</uninitialized>
         <run_address>0x20000070</run_address>
         <size>0x4</size>
      </object_component>
      <object_component id="oc-2ab">
         <name>.common:hfxtFreq</name>
         <uninitialized>true</uninitialized>
         <run_address>0x20000074</run_address>
         <size>0x4</size>
      </object_component>
      <object_component id="oc-2ac">
         <name>.common:lfxtFreq</name>
         <uninitialized>true</uninitialized>
         <run_address>0x20000078</run_address>
         <size>0x4</size>
      </object_component>
      <object_component id="oc-2f">
         <name>.stack</name>
         <uninitialized>true</uninitialized>
         <run_address>0x2000fe00</run_address>
         <size>0x0</size>
         <input_file_ref idref="fl-e4"/>
      </object_component>
      <object_component id="oc-372">
         <name>.stack</name>
         <uninitialized>true</uninitialized>
         <run_address>0x2000fe00</run_address>
         <size>0x0</size>
      </object_component>
      <object_component id="oc-1b8">
         <name>.debug_info</name>
         <load_address>0x0</load_address>
         <run_address>0x0</run_address>
         <size>0x7cf</size>
         <input_file_ref idref="fl-2"/>
      </object_component>
      <object_component id="oc-b1">
         <name>.debug_info</name>
         <load_address>0x7cf</load_address>
         <run_address>0x7cf</run_address>
         <size>0x2a4</size>
         <input_file_ref idref="fl-2"/>
      </object_component>
      <object_component id="oc-104">
         <name>.debug_info</name>
         <load_address>0xa73</load_address>
         <run_address>0xa73</run_address>
         <size>0x155</size>
         <input_file_ref idref="fl-2"/>
      </object_component>
      <object_component id="oc-212">
         <name>.debug_info</name>
         <load_address>0xbc8</load_address>
         <run_address>0xbc8</run_address>
         <size>0x6c</size>
         <input_file_ref idref="fl-2"/>
      </object_component>
      <object_component id="oc-187">
         <name>.debug_info</name>
         <load_address>0xc34</load_address>
         <run_address>0xc34</run_address>
         <size>0x37e2</size>
         <input_file_ref idref="fl-2"/>
      </object_component>
      <object_component id="oc-1fa">
         <name>.debug_info</name>
         <load_address>0x4416</load_address>
         <run_address>0x4416</run_address>
         <size>0x1055</size>
         <input_file_ref idref="fl-2"/>
      </object_component>
      <object_component id="oc-217">
         <name>.debug_info</name>
         <load_address>0x546b</load_address>
         <run_address>0x546b</run_address>
         <size>0x9a</size>
         <input_file_ref idref="fl-2"/>
      </object_component>
      <object_component id="oc-ff">
         <name>.debug_info</name>
         <load_address>0x5505</load_address>
         <run_address>0x5505</run_address>
         <size>0x8b</size>
         <input_file_ref idref="fl-2"/>
      </object_component>
      <object_component id="oc-109">
         <name>.debug_info</name>
         <load_address>0x5590</load_address>
         <run_address>0x5590</run_address>
         <size>0x18b</size>
         <input_file_ref idref="fl-2"/>
      </object_component>
      <object_component id="oc-283">
         <name>.debug_info</name>
         <load_address>0x571b</load_address>
         <run_address>0x571b</run_address>
         <size>0x338</size>
         <input_file_ref idref="fl-2"/>
      </object_component>
      <object_component id="oc-99">
         <name>.debug_info</name>
         <load_address>0x5a53</load_address>
         <run_address>0x5a53</run_address>
         <size>0x2c</size>
         <input_file_ref idref="fl-2"/>
      </object_component>
      <object_component id="oc-1ff">
         <name>.debug_info</name>
         <load_address>0x5a7f</load_address>
         <run_address>0x5a7f</run_address>
         <size>0xee</size>
         <input_file_ref idref="fl-2"/>
      </object_component>
      <object_component id="oc-89">
         <name>.debug_info</name>
         <load_address>0x5b6d</load_address>
         <run_address>0x5b6d</run_address>
         <size>0x2bd</size>
         <input_file_ref idref="fl-3"/>
      </object_component>
      <object_component id="oc-2d">
         <name>.debug_info</name>
         <load_address>0x5e2a</load_address>
         <run_address>0x5e2a</run_address>
         <size>0xfb</size>
         <input_file_ref idref="fl-3"/>
      </object_component>
      <object_component id="oc-76">
         <name>.debug_info</name>
         <load_address>0x5f25</load_address>
         <run_address>0x5f25</run_address>
         <size>0x1c2</size>
         <input_file_ref idref="fl-3"/>
      </object_component>
      <object_component id="oc-36">
         <name>.debug_info</name>
         <load_address>0x60e7</load_address>
         <run_address>0x60e7</run_address>
         <size>0x84</size>
         <input_file_ref idref="fl-3"/>
      </object_component>
      <object_component id="oc-1d1">
         <name>.debug_info</name>
         <load_address>0x616b</load_address>
         <run_address>0x616b</run_address>
         <size>0xf4</size>
         <input_file_ref idref="fl-4"/>
      </object_component>
      <object_component id="oc-c4">
         <name>.debug_info</name>
         <load_address>0x625f</load_address>
         <run_address>0x625f</run_address>
         <size>0x266</size>
         <input_file_ref idref="fl-4"/>
      </object_component>
      <object_component id="oc-2c8">
         <name>.debug_info</name>
         <load_address>0x64c5</load_address>
         <run_address>0x64c5</run_address>
         <size>0x1b5</size>
         <input_file_ref idref="fl-6"/>
      </object_component>
      <object_component id="oc-1a0">
         <name>.debug_info</name>
         <load_address>0x667a</load_address>
         <run_address>0x667a</run_address>
         <size>0x3ea</size>
         <input_file_ref idref="fl-8"/>
      </object_component>
      <object_component id="oc-2d4">
         <name>.debug_info</name>
         <load_address>0x6a64</load_address>
         <run_address>0x6a64</run_address>
         <size>0x5e6</size>
         <input_file_ref idref="fl-9"/>
      </object_component>
      <object_component id="oc-272">
         <name>.debug_info</name>
         <load_address>0x704a</load_address>
         <run_address>0x704a</run_address>
         <size>0x676</size>
         <input_file_ref idref="fl-9"/>
      </object_component>
      <object_component id="oc-29e">
         <name>.debug_info</name>
         <load_address>0x76c0</load_address>
         <run_address>0x76c0</run_address>
         <size>0x645</size>
         <input_file_ref idref="fl-d"/>
      </object_component>
      <object_component id="oc-1f5">
         <name>.debug_info</name>
         <load_address>0x7d05</load_address>
         <run_address>0x7d05</run_address>
         <size>0x37e2</size>
         <input_file_ref idref="fl-d"/>
      </object_component>
      <object_component id="oc-1b2">
         <name>.debug_info</name>
         <load_address>0xb4e7</load_address>
         <run_address>0xb4e7</run_address>
         <size>0x6bc</size>
         <input_file_ref idref="fl-15"/>
      </object_component>
      <object_component id="oc-124">
         <name>.debug_info</name>
         <load_address>0xbba3</load_address>
         <run_address>0xbba3</run_address>
         <size>0xb46</size>
         <input_file_ref idref="fl-17"/>
      </object_component>
      <object_component id="oc-165">
         <name>.debug_info</name>
         <load_address>0xc6e9</load_address>
         <run_address>0xc6e9</run_address>
         <size>0x11d</size>
         <input_file_ref idref="fl-17"/>
      </object_component>
      <object_component id="oc-115">
         <name>.debug_info</name>
         <load_address>0xc806</load_address>
         <run_address>0xc806</run_address>
         <size>0x11d</size>
         <input_file_ref idref="fl-17"/>
      </object_component>
      <object_component id="oc-84">
         <name>.debug_info</name>
         <load_address>0xc923</load_address>
         <run_address>0xc923</run_address>
         <size>0xde3</size>
         <input_file_ref idref="fl-17"/>
      </object_component>
      <object_component id="oc-fe">
         <name>.debug_info</name>
         <load_address>0xd706</load_address>
         <run_address>0xd706</run_address>
         <size>0x79a</size>
         <input_file_ref idref="fl-1c"/>
      </object_component>
      <object_component id="oc-cb">
         <name>.debug_info</name>
         <load_address>0xdea0</load_address>
         <run_address>0xdea0</run_address>
         <size>0x112</size>
         <input_file_ref idref="fl-1c"/>
      </object_component>
      <object_component id="oc-7c">
         <name>.debug_info</name>
         <load_address>0xdfb2</load_address>
         <run_address>0xdfb2</run_address>
         <size>0x5ec</size>
         <input_file_ref idref="fl-1c"/>
      </object_component>
      <object_component id="oc-26c">
         <name>.debug_info</name>
         <load_address>0xe59e</load_address>
         <run_address>0xe59e</run_address>
         <size>0x5ef</size>
         <input_file_ref idref="fl-22"/>
      </object_component>
      <object_component id="oc-2ba">
         <name>.debug_info</name>
         <load_address>0xeb8d</load_address>
         <run_address>0xeb8d</run_address>
         <size>0x17e</size>
         <input_file_ref idref="fl-22"/>
      </object_component>
      <object_component id="oc-252">
         <name>.debug_info</name>
         <load_address>0xed0b</load_address>
         <run_address>0xed0b</run_address>
         <size>0x132</size>
         <input_file_ref idref="fl-22"/>
      </object_component>
      <object_component id="oc-246">
         <name>.debug_info</name>
         <load_address>0xee3d</load_address>
         <run_address>0xee3d</run_address>
         <size>0x22b</size>
         <input_file_ref idref="fl-22"/>
      </object_component>
      <object_component id="oc-24c">
         <name>.debug_info</name>
         <load_address>0xf068</load_address>
         <run_address>0xf068</run_address>
         <size>0x1b9</size>
         <input_file_ref idref="fl-22"/>
      </object_component>
      <object_component id="oc-2a0">
         <name>.debug_info</name>
         <load_address>0xf221</load_address>
         <run_address>0xf221</run_address>
         <size>0x131</size>
         <input_file_ref idref="fl-22"/>
      </object_component>
      <object_component id="oc-260">
         <name>.debug_info</name>
         <load_address>0xf352</load_address>
         <run_address>0xf352</run_address>
         <size>0x129</size>
         <input_file_ref idref="fl-22"/>
      </object_component>
      <object_component id="oc-1ac">
         <name>.debug_info</name>
         <load_address>0xf47b</load_address>
         <run_address>0xf47b</run_address>
         <size>0x1dd</size>
         <input_file_ref idref="fl-22"/>
      </object_component>
      <object_component id="oc-2a6">
         <name>.debug_info</name>
         <load_address>0xf658</load_address>
         <run_address>0xf658</run_address>
         <size>0x120</size>
         <input_file_ref idref="fl-22"/>
      </object_component>
      <object_component id="oc-205">
         <name>.debug_info</name>
         <load_address>0xf778</load_address>
         <run_address>0xf778</run_address>
         <size>0x1d8</size>
         <input_file_ref idref="fl-22"/>
      </object_component>
      <object_component id="oc-10f">
         <name>.debug_info</name>
         <load_address>0xf950</load_address>
         <run_address>0xf950</run_address>
         <size>0x132</size>
         <input_file_ref idref="fl-22"/>
      </object_component>
      <object_component id="oc-258">
         <name>.debug_info</name>
         <load_address>0xfa82</load_address>
         <run_address>0xfa82</run_address>
         <size>0x130</size>
         <input_file_ref idref="fl-22"/>
      </object_component>
      <object_component id="oc-1a6">
         <name>.debug_info</name>
         <load_address>0xfbb2</load_address>
         <run_address>0xfbb2</run_address>
         <size>0x130</size>
         <input_file_ref idref="fl-22"/>
      </object_component>
      <object_component id="oc-28f">
         <name>.debug_info</name>
         <load_address>0xfce2</load_address>
         <run_address>0xfce2</run_address>
         <size>0x103e</size>
         <input_file_ref idref="fl-22"/>
      </object_component>
      <object_component id="oc-2b8">
         <name>.debug_info</name>
         <load_address>0x10d20</load_address>
         <run_address>0x10d20</run_address>
         <size>0x5c8</size>
         <input_file_ref idref="fl-23"/>
      </object_component>
      <object_component id="oc-241">
         <name>.debug_info</name>
         <load_address>0x112e8</load_address>
         <run_address>0x112e8</run_address>
         <size>0x175</size>
         <input_file_ref idref="fl-23"/>
      </object_component>
      <object_component id="oc-1dc">
         <name>.debug_info</name>
         <load_address>0x1145d</load_address>
         <run_address>0x1145d</run_address>
         <size>0x4a4</size>
         <input_file_ref idref="fl-24"/>
      </object_component>
      <object_component id="oc-1d9">
         <name>.debug_info</name>
         <load_address>0x11901</load_address>
         <run_address>0x11901</run_address>
         <size>0xd0</size>
         <input_file_ref idref="fl-24"/>
      </object_component>
      <object_component id="oc-118">
         <name>.debug_info</name>
         <load_address>0x119d1</load_address>
         <run_address>0x119d1</run_address>
         <size>0x1dd</size>
         <input_file_ref idref="fl-24"/>
      </object_component>
      <object_component id="oc-d4">
         <name>.debug_info</name>
         <load_address>0x11bae</load_address>
         <run_address>0x11bae</run_address>
         <size>0x1db</size>
         <input_file_ref idref="fl-24"/>
      </object_component>
      <object_component id="oc-275">
         <name>.debug_info</name>
         <load_address>0x11d89</load_address>
         <run_address>0x11d89</run_address>
         <size>0x19a</size>
         <input_file_ref idref="fl-24"/>
      </object_component>
      <object_component id="oc-27b">
         <name>.debug_info</name>
         <load_address>0x11f23</load_address>
         <run_address>0x11f23</run_address>
         <size>0x185</size>
         <input_file_ref idref="fl-24"/>
      </object_component>
      <object_component id="oc-20f">
         <name>.debug_info</name>
         <load_address>0x120a8</load_address>
         <run_address>0x120a8</run_address>
         <size>0x4ac</size>
         <input_file_ref idref="fl-25"/>
      </object_component>
      <object_component id="oc-135">
         <name>.debug_info</name>
         <load_address>0x12554</load_address>
         <run_address>0x12554</run_address>
         <size>0x182</size>
         <input_file_ref idref="fl-25"/>
      </object_component>
      <object_component id="oc-176">
         <name>.debug_info</name>
         <load_address>0x126d6</load_address>
         <run_address>0x126d6</run_address>
         <size>0x153</size>
         <input_file_ref idref="fl-25"/>
      </object_component>
      <object_component id="oc-148">
         <name>.debug_info</name>
         <load_address>0x12829</load_address>
         <run_address>0x12829</run_address>
         <size>0x19c</size>
         <input_file_ref idref="fl-25"/>
      </object_component>
      <object_component id="oc-183">
         <name>.debug_info</name>
         <load_address>0x129c5</load_address>
         <run_address>0x129c5</run_address>
         <size>0x17d</size>
         <input_file_ref idref="fl-25"/>
      </object_component>
      <object_component id="oc-160">
         <name>.debug_info</name>
         <load_address>0x12b42</load_address>
         <run_address>0x12b42</run_address>
         <size>0x149</size>
         <input_file_ref idref="fl-25"/>
      </object_component>
      <object_component id="oc-17c">
         <name>.debug_info</name>
         <load_address>0x12c8b</load_address>
         <run_address>0x12c8b</run_address>
         <size>0x15d</size>
         <input_file_ref idref="fl-25"/>
      </object_component>
      <object_component id="oc-120">
         <name>.debug_info</name>
         <load_address>0x12de8</load_address>
         <run_address>0x12de8</run_address>
         <size>0x138</size>
         <input_file_ref idref="fl-25"/>
      </object_component>
      <object_component id="oc-12f">
         <name>.debug_info</name>
         <load_address>0x12f20</load_address>
         <run_address>0x12f20</run_address>
         <size>0x160</size>
         <input_file_ref idref="fl-25"/>
      </object_component>
      <object_component id="oc-15a">
         <name>.debug_info</name>
         <load_address>0x13080</load_address>
         <run_address>0x13080</run_address>
         <size>0x16f</size>
         <input_file_ref idref="fl-25"/>
      </object_component>
      <object_component id="oc-16a">
         <name>.debug_info</name>
         <load_address>0x131ef</load_address>
         <run_address>0x131ef</run_address>
         <size>0x173</size>
         <input_file_ref idref="fl-25"/>
      </object_component>
      <object_component id="oc-13b">
         <name>.debug_info</name>
         <load_address>0x13362</load_address>
         <run_address>0x13362</run_address>
         <size>0x13a</size>
         <input_file_ref idref="fl-25"/>
      </object_component>
      <object_component id="oc-141">
         <name>.debug_info</name>
         <load_address>0x1349c</load_address>
         <run_address>0x1349c</run_address>
         <size>0x165</size>
         <input_file_ref idref="fl-25"/>
      </object_component>
      <object_component id="oc-129">
         <name>.debug_info</name>
         <load_address>0x13601</load_address>
         <run_address>0x13601</run_address>
         <size>0x13c</size>
         <input_file_ref idref="fl-25"/>
      </object_component>
      <object_component id="oc-14e">
         <name>.debug_info</name>
         <load_address>0x1373d</load_address>
         <run_address>0x1373d</run_address>
         <size>0x167</size>
         <input_file_ref idref="fl-25"/>
      </object_component>
      <object_component id="oc-170">
         <name>.debug_info</name>
         <load_address>0x138a4</load_address>
         <run_address>0x138a4</run_address>
         <size>0x16b</size>
         <input_file_ref idref="fl-25"/>
      </object_component>
      <object_component id="oc-1ea">
         <name>.debug_info</name>
         <load_address>0x13a0f</load_address>
         <run_address>0x13a0f</run_address>
         <size>0x432</size>
         <input_file_ref idref="fl-26"/>
      </object_component>
      <object_component id="oc-1e7">
         <name>.debug_info</name>
         <load_address>0x13e41</load_address>
         <run_address>0x13e41</run_address>
         <size>0x173</size>
         <input_file_ref idref="fl-26"/>
      </object_component>
      <object_component id="oc-30f">
         <name>.debug_info</name>
         <load_address>0x13fb4</load_address>
         <run_address>0x13fb4</run_address>
         <size>0xc5</size>
         <input_file_ref idref="fl-26"/>
      </object_component>
      <object_component id="oc-2d1">
         <name>.debug_info</name>
         <load_address>0x14079</load_address>
         <run_address>0x14079</run_address>
         <size>0x1a4</size>
         <input_file_ref idref="fl-26"/>
      </object_component>
      <object_component id="oc-e9">
         <name>.debug_info</name>
         <load_address>0x1421d</load_address>
         <run_address>0x1421d</run_address>
         <size>0x122</size>
         <input_file_ref idref="fl-26"/>
      </object_component>
      <object_component id="oc-ef">
         <name>.debug_info</name>
         <load_address>0x1433f</load_address>
         <run_address>0x1433f</run_address>
         <size>0x16b</size>
         <input_file_ref idref="fl-26"/>
      </object_component>
      <object_component id="oc-155">
         <name>.debug_info</name>
         <load_address>0x144aa</load_address>
         <run_address>0x144aa</run_address>
         <size>0x16d</size>
         <input_file_ref idref="fl-26"/>
      </object_component>
      <object_component id="oc-308">
         <name>.debug_info</name>
         <load_address>0x14617</load_address>
         <run_address>0x14617</run_address>
         <size>0x560</size>
         <input_file_ref idref="fl-27"/>
      </object_component>
      <object_component id="oc-2f2">
         <name>.debug_info</name>
         <load_address>0x14b77</load_address>
         <run_address>0x14b77</run_address>
         <size>0x174</size>
         <input_file_ref idref="fl-27"/>
      </object_component>
      <object_component id="oc-2e0">
         <name>.debug_info</name>
         <load_address>0x14ceb</load_address>
         <run_address>0x14ceb</run_address>
         <size>0xf9</size>
         <input_file_ref idref="fl-27"/>
      </object_component>
      <object_component id="oc-318">
         <name>.debug_info</name>
         <load_address>0x14de4</load_address>
         <run_address>0x14de4</run_address>
         <size>0x112</size>
         <input_file_ref idref="fl-27"/>
      </object_component>
      <object_component id="oc-2ff">
         <name>.debug_info</name>
         <load_address>0x14ef6</load_address>
         <run_address>0x14ef6</run_address>
         <size>0x291</size>
         <input_file_ref idref="fl-27"/>
      </object_component>
      <object_component id="oc-31f">
         <name>.debug_info</name>
         <load_address>0x15187</load_address>
         <run_address>0x15187</run_address>
         <size>0x12e</size>
         <input_file_ref idref="fl-27"/>
      </object_component>
      <object_component id="oc-23d">
         <name>.debug_info</name>
         <load_address>0x152b5</load_address>
         <run_address>0x152b5</run_address>
         <size>0x133</size>
         <input_file_ref idref="fl-27"/>
      </object_component>
      <object_component id="oc-2e7">
         <name>.debug_info</name>
         <load_address>0x153e8</load_address>
         <run_address>0x153e8</run_address>
         <size>0x1b7</size>
         <input_file_ref idref="fl-27"/>
      </object_component>
      <object_component id="oc-2ed">
         <name>.debug_info</name>
         <load_address>0x1559f</load_address>
         <run_address>0x1559f</run_address>
         <size>0x12e</size>
         <input_file_ref idref="fl-27"/>
      </object_component>
      <object_component id="oc-33a">
         <name>.debug_info</name>
         <load_address>0x156cd</load_address>
         <run_address>0x156cd</run_address>
         <size>0x120</size>
         <input_file_ref idref="fl-27"/>
      </object_component>
      <object_component id="oc-2f9">
         <name>.debug_info</name>
         <load_address>0x157ed</load_address>
         <run_address>0x157ed</run_address>
         <size>0x311</size>
         <input_file_ref idref="fl-27"/>
      </object_component>
      <object_component id="oc-305">
         <name>.debug_info</name>
         <load_address>0x15afe</load_address>
         <run_address>0x15afe</run_address>
         <size>0xfd</size>
         <input_file_ref idref="fl-27"/>
      </object_component>
      <object_component id="oc-2b4">
         <name>.debug_info</name>
         <load_address>0x15bfb</load_address>
         <run_address>0x15bfb</run_address>
         <size>0x54c</size>
         <input_file_ref idref="fl-27"/>
      </object_component>
      <object_component id="oc-331">
         <name>.debug_info</name>
         <load_address>0x16147</load_address>
         <run_address>0x16147</run_address>
         <size>0xf4</size>
         <input_file_ref idref="fl-28"/>
      </object_component>
      <object_component id="oc-2c5">
         <name>.debug_info</name>
         <load_address>0x1623b</load_address>
         <run_address>0x1623b</run_address>
         <size>0x379</size>
         <input_file_ref idref="fl-2a"/>
      </object_component>
      <object_component id="oc-267">
         <name>.debug_info</name>
         <load_address>0x165b4</load_address>
         <run_address>0x165b4</run_address>
         <size>0x1d6</size>
         <input_file_ref idref="fl-2a"/>
      </object_component>
      <object_component id="oc-1d7">
         <name>.debug_info</name>
         <load_address>0x1678a</load_address>
         <run_address>0x1678a</run_address>
         <size>0x498</size>
         <input_file_ref idref="fl-2c"/>
      </object_component>
      <object_component id="oc-ce">
         <name>.debug_info</name>
         <load_address>0x16c22</load_address>
         <run_address>0x16c22</run_address>
         <size>0x169</size>
         <input_file_ref idref="fl-2c"/>
      </object_component>
      <object_component id="oc-1ed">
         <name>.debug_info</name>
         <load_address>0x16d8b</load_address>
         <run_address>0x16d8b</run_address>
         <size>0x174</size>
         <input_file_ref idref="fl-2c"/>
      </object_component>
      <object_component id="oc-f3">
         <name>.debug_info</name>
         <load_address>0x16eff</load_address>
         <run_address>0x16eff</run_address>
         <size>0x1d3</size>
         <input_file_ref idref="fl-2c"/>
      </object_component>
      <object_component id="oc-db">
         <name>.debug_info</name>
         <load_address>0x170d2</load_address>
         <run_address>0x170d2</run_address>
         <size>0x13f</size>
         <input_file_ref idref="fl-2c"/>
      </object_component>
      <object_component id="oc-e1">
         <name>.debug_info</name>
         <load_address>0x17211</load_address>
         <run_address>0x17211</run_address>
         <size>0x168</size>
         <input_file_ref idref="fl-2c"/>
      </object_component>
      <object_component id="oc-f9">
         <name>.debug_info</name>
         <load_address>0x17379</load_address>
         <run_address>0x17379</run_address>
         <size>0x170</size>
         <input_file_ref idref="fl-2c"/>
      </object_component>
      <object_component id="oc-329">
         <name>.debug_info</name>
         <load_address>0x174e9</load_address>
         <run_address>0x174e9</run_address>
         <size>0x115</size>
         <input_file_ref idref="fl-2d"/>
      </object_component>
      <object_component id="oc-322">
         <name>.debug_info</name>
         <load_address>0x175fe</load_address>
         <run_address>0x175fe</run_address>
         <size>0xe1</size>
         <input_file_ref idref="fl-2e"/>
      </object_component>
      <object_component id="oc-1e0">
         <name>.debug_info</name>
         <load_address>0x176df</load_address>
         <run_address>0x176df</run_address>
         <size>0xe7</size>
         <input_file_ref idref="fl-2e"/>
      </object_component>
      <object_component id="oc-28">
         <name>.debug_info</name>
         <load_address>0x177c6</load_address>
         <run_address>0x177c6</run_address>
         <size>0x160</size>
         <input_file_ref idref="fl-e4"/>
      </object_component>
      <object_component id="oc-8f">
         <name>.debug_info</name>
         <load_address>0x17926</load_address>
         <run_address>0x17926</run_address>
         <size>0x293</size>
         <input_file_ref idref="fl-e5"/>
      </object_component>
      <object_component id="oc-15">
         <name>.debug_info</name>
         <load_address>0x17bb9</load_address>
         <run_address>0x17bb9</run_address>
         <size>0x245</size>
         <input_file_ref idref="fl-e5"/>
      </object_component>
      <object_component id="oc-31">
         <name>.debug_info</name>
         <load_address>0x17dfe</load_address>
         <run_address>0x17dfe</run_address>
         <size>0x60</size>
         <input_file_ref idref="fl-e5"/>
      </object_component>
      <object_component id="oc-8a">
         <name>.debug_info</name>
         <load_address>0x17e5e</load_address>
         <run_address>0x17e5e</run_address>
         <size>0x46</size>
         <input_file_ref idref="fl-e5"/>
      </object_component>
      <object_component id="oc-46">
         <name>.debug_info</name>
         <load_address>0x17ea4</load_address>
         <run_address>0x17ea4</run_address>
         <size>0x2da</size>
         <input_file_ref idref="fl-e6"/>
      </object_component>
      <object_component id="oc-1d">
         <name>.debug_info</name>
         <load_address>0x1817e</load_address>
         <run_address>0x1817e</run_address>
         <size>0x1df</size>
         <input_file_ref idref="fl-e6"/>
      </object_component>
      <object_component id="oc-41">
         <name>.debug_info</name>
         <load_address>0x1835d</load_address>
         <run_address>0x1835d</run_address>
         <size>0x46</size>
         <input_file_ref idref="fl-e6"/>
      </object_component>
      <object_component id="oc-91">
         <name>.debug_info</name>
         <load_address>0x183a3</load_address>
         <run_address>0x183a3</run_address>
         <size>0x2c</size>
         <input_file_ref idref="fl-e6"/>
      </object_component>
      <object_component id="oc-52">
         <name>.debug_info</name>
         <load_address>0x183cf</load_address>
         <run_address>0x183cf</run_address>
         <size>0x2c9</size>
         <input_file_ref idref="fl-e7"/>
      </object_component>
      <object_component id="oc-21">
         <name>.debug_info</name>
         <load_address>0x18698</load_address>
         <run_address>0x18698</run_address>
         <size>0x1aa</size>
         <input_file_ref idref="fl-e7"/>
      </object_component>
      <object_component id="oc-4d">
         <name>.debug_info</name>
         <load_address>0x18842</load_address>
         <run_address>0x18842</run_address>
         <size>0x46</size>
         <input_file_ref idref="fl-e7"/>
      </object_component>
      <object_component id="oc-bf">
         <name>.debug_info</name>
         <load_address>0x18888</load_address>
         <run_address>0x18888</run_address>
         <size>0x3ce</size>
         <input_file_ref idref="fl-e8"/>
      </object_component>
      <object_component id="oc-b9">
         <name>.debug_info</name>
         <load_address>0x18c56</load_address>
         <run_address>0x18c56</run_address>
         <size>0x185</size>
         <input_file_ref idref="fl-e8"/>
      </object_component>
      <object_component id="oc-6c">
         <name>.debug_info</name>
         <load_address>0x18ddb</load_address>
         <run_address>0x18ddb</run_address>
         <size>0x214</size>
         <input_file_ref idref="fl-e8"/>
      </object_component>
      <object_component id="oc-3e">
         <name>.debug_info</name>
         <load_address>0x18fef</load_address>
         <run_address>0x18fef</run_address>
         <size>0x111</size>
         <input_file_ref idref="fl-eb"/>
      </object_component>
      <object_component id="oc-48">
         <name>.debug_info</name>
         <load_address>0x19100</load_address>
         <run_address>0x19100</run_address>
         <size>0x13f</size>
         <input_file_ref idref="fl-ec"/>
      </object_component>
      <object_component id="oc-56">
         <name>.debug_info</name>
         <load_address>0x1923f</load_address>
         <run_address>0x1923f</run_address>
         <size>0x138</size>
         <input_file_ref idref="fl-ed"/>
      </object_component>
      <object_component id="oc-5a">
         <name>.debug_info</name>
         <load_address>0x19377</load_address>
         <run_address>0x19377</run_address>
         <size>0x148</size>
         <input_file_ref idref="fl-ee"/>
      </object_component>
      <object_component id="oc-72">
         <name>.debug_info</name>
         <load_address>0x194bf</load_address>
         <run_address>0x194bf</run_address>
         <size>0x109</size>
         <input_file_ref idref="fl-f0"/>
      </object_component>
      <object_component id="oc-1cc">
         <name>.debug_info</name>
         <load_address>0x195c8</load_address>
         <run_address>0x195c8</run_address>
         <size>0x2be</size>
         <input_file_ref idref="fl-f2"/>
      </object_component>
      <object_component id="oc-bc">
         <name>.debug_info</name>
         <load_address>0x19886</load_address>
         <run_address>0x19886</run_address>
         <size>0x113</size>
         <input_file_ref idref="fl-f2"/>
      </object_component>
      <object_component id="oc-1c5">
         <name>.debug_info</name>
         <load_address>0x19999</load_address>
         <run_address>0x19999</run_address>
         <size>0x21f</size>
         <input_file_ref idref="fl-f2"/>
      </object_component>
      <object_component id="oc-b7">
         <name>.debug_info</name>
         <load_address>0x19bb8</load_address>
         <run_address>0x19bb8</run_address>
         <size>0x300</size>
         <input_file_ref idref="fl-f4"/>
      </object_component>
      <object_component id="oc-66">
         <name>.debug_info</name>
         <load_address>0x19eb8</load_address>
         <run_address>0x19eb8</run_address>
         <size>0x167</size>
         <input_file_ref idref="fl-f4"/>
      </object_component>
      <object_component id="oc-1bd">
         <name>.debug_info</name>
         <load_address>0x1a01f</load_address>
         <run_address>0x1a01f</run_address>
         <size>0x5e</size>
         <input_file_ref idref="fl-f4"/>
      </object_component>
      <object_component id="oc-af">
         <name>.debug_info</name>
         <load_address>0x1a07d</load_address>
         <run_address>0x1a07d</run_address>
         <size>0x483</size>
         <input_file_ref idref="fl-f6"/>
      </object_component>
      <object_component id="oc-62">
         <name>.debug_info</name>
         <load_address>0x1a500</load_address>
         <run_address>0x1a500</run_address>
         <size>0x190</size>
         <input_file_ref idref="fl-f6"/>
      </object_component>
      <object_component id="oc-195">
         <name>.debug_info</name>
         <load_address>0x1a690</load_address>
         <run_address>0x1a690</run_address>
         <size>0x39</size>
         <input_file_ref idref="fl-f6"/>
      </object_component>
      <object_component id="oc-234">
         <name>.debug_info</name>
         <load_address>0x1a6c9</load_address>
         <run_address>0x1a6c9</run_address>
         <size>0x39</size>
         <input_file_ref idref="fl-f6"/>
      </object_component>
      <object_component id="oc-19a">
         <name>.debug_info</name>
         <load_address>0x1a702</load_address>
         <run_address>0x1a702</run_address>
         <size>0xcd</size>
         <input_file_ref idref="fl-f6"/>
      </object_component>
      <object_component id="oc-191">
         <name>.debug_info</name>
         <load_address>0x1a7cf</load_address>
         <run_address>0x1a7cf</run_address>
         <size>0x37a</size>
         <input_file_ref idref="fl-f7"/>
      </object_component>
      <object_component id="oc-a3">
         <name>.debug_info</name>
[...]
         <name>CS_getMCLK</name>
         <value>0x2349</value>
         <object_component_ref idref="oc-257"/>
      </symbol>
      <symbol id="sm-27d">
         <name>CS_clearInterruptFlag</name>
         <value>0x227d</value>
         <object_component_ref idref="oc-2a5"/>
      </symbol>
      <symbol id="sm-27e">
         <name>CS_setDCOFrequency</name>
         <value>0x1385</value>
         <object_component_ref idref="oc-245"/>
      </symbol>
      <symbol id="sm-27f">
         <name>CS_getDCOFrequency</name>
         <value>0x14d1</value>
         <object_component_ref idref="oc-1ab"/>
      </symbol>
      <symbol id="sm-280">
         <name>CS_getSMCLK</name>
         <value>0x2361</value>
         <object_component_ref idref="oc-10e"/>
      </symbol>
      <symbol id="sm-281">
         <name>CS_setDCOCenteredFrequency</name>
         <value>0x22a1</value>
         <object_component_ref idref="oc-251"/>
      </symbol>
      <symbol id="sm-282">
         <name>CS_tuneDCOFrequency</name>
         <value>0x1dc1</value>
         <object_component_ref idref="oc-2b9"/>
      </symbol>
      <symbol id="sm-283">
         <name>CS_initClockSignal</name>
         <value>0x15d5</value>
         <object_component_ref idref="oc-24b"/>
      </symbol>
      <symbol id="sm-294">
         <name>FlashCtl_setWaitState</name>
         <value>0x222d</value>
         <object_component_ref idref="oc-23f"/>
      </symbol>
      <symbol id="sm-2d2">
         <name>GPIO_setAsInputPin</name>
         <value>0x21a9</value>
         <object_component_ref idref="oc-274"/>
      </symbol>
      <symbol id="sm-2d3">
         <name>GPIO_setAsPeripheralModuleFunctionOutputPin</name>
         <value>0x1f5d</value>
         <object_component_ref idref="oc-117"/>
      </symbol>
      <symbol id="sm-2d4">
         <name>GPIO_getInputPinValue</name>
         <value>0x2379</value>
         <object_component_ref idref="oc-27a"/>
      </symbol>
      <symbol id="sm-2d5">
         <name>GPIO_setAsPeripheralModuleFunctionInputPin</name>
         <value>0x2041</value>
         <object_component_ref idref="oc-d3"/>
      </symbol>
      <symbol id="sm-360">
         <name>I2C_masterSendMultiByteStop</name>
         <value>0x2149</value>
         <object_component_ref idref="oc-173"/>
      </symbol>
      <symbol id="sm-361">
         <name>I2C_masterSendMultiByteNext</name>
         <value>0x22c5</value>
         <object_component_ref idref="oc-180"/>
      </symbol>
      <symbol id="sm-362">
         <name>I2C_disableInterrupt</name>
         <value>0x2451</value>
         <object_component_ref idref="oc-14b"/>
      </symbol>
      <symbol id="sm-363">
         <name>I2C_masterSendMultiByteStart</name>
         <value>0x2111</value>
         <object_component_ref idref="oc-145"/>
      </symbol>
      <symbol id="sm-364">
         <name>I2C_getEnabledInterruptStatus</name>
         <value>0x683</value>
         <object_component_ref idref="oc-167"/>
      </symbol>
      <symbol id="sm-365">
         <name>I2C_masterReceiveMultiByteNext</name>
         <value>0x24dd</value>
         <object_component_ref idref="oc-179"/>
      </symbol>
      <symbol id="sm-366">
         <name>I2C_getInterruptStatus</name>
         <value>0x1ba3</value>
         <object_component_ref idref="oc-157"/>
      </symbol>
      <symbol id="sm-367">
         <name>I2C_isBusBusy</name>
         <value>0x23d9</value>
         <object_component_ref idref="oc-11d"/>
      </symbol>
      <symbol id="sm-368">
         <name>I2C_enableModule</name>
         <value>0x2493</value>
         <object_component_ref idref="oc-138"/>
      </symbol>
      <symbol id="sm-369">
         <name>I2C_masterReceiveStart</name>
         <value>0x2413</value>
         <object_component_ref idref="oc-15d"/>
      </symbol>
      <symbol id="sm-36a">
         <name>I2C_clearInterruptFlag</name>
         <value>0x2443</value>
         <object_component_ref idref="oc-16d"/>
      </symbol>
      <symbol id="sm-36b">
         <name>I2C_setSlaveAddress</name>
         <value>0x24e9</value>
         <object_component_ref idref="oc-132"/>
      </symbol>
      <symbol id="sm-36c">
         <name>I2C_initMaster</name>
         <value>0x20d1</value>
         <object_component_ref idref="oc-12c"/>
      </symbol>
      <symbol id="sm-36d">
         <name>I2C_enableInterrupt</name>
         <value>0x24c5</value>
         <object_component_ref idref="oc-13e"/>
      </symbol>
      <symbol id="sm-36e">
         <name>I2C_disableModule</name>
         <value>0x2487</value>
         <object_component_ref idref="oc-126"/>
      </symbol>
      <symbol id="sm-3c2">
         <name>Interrupt_disableInterrupt</name>
         <value>0x1cf9</value>
         <object_component_ref idref="oc-151"/>
      </symbol>
      <symbol id="sm-3c3">
         <name>Interrupt_setPriority</name>
         <value>0x22e9</value>
         <object_component_ref idref="oc-2cd"/>
      </symbol>
      <symbol id="sm-3c4">
         <name>Interrupt_enableMaster</name>
         <value>0x2423</value>
         <object_component_ref idref="oc-e5"/>
      </symbol>
      <symbol id="sm-3c5">
         <name>Interrupt_enableInterrupt</name>
         <value>0x1d5d</value>
         <object_component_ref idref="oc-eb"/>
      </symbol>
      <symbol id="sm-482">
         <name>PCM_getCoreVoltageLevel</name>
         <value>0x21d5</value>
         <object_component_ref idref="oc-336"/>
      </symbol>
      <symbol id="sm-483">
         <name>PCM_shutdownDevice</name>
         <value>0x1ebd</value>
         <object_component_ref idref="oc-2ef"/>
      </symbol>
      <symbol id="sm-484">
         <name>PCM_setPowerState</name>
         <value>0x24d5</value>
         <object_component_ref idref="oc-239"/>
      </symbol>
      <symbol id="sm-485">
         <name>PCM_getPowerMode</name>
         <value>0x2201</value>
         <object_component_ref idref="oc-315"/>
      </symbol>
      <symbol id="sm-486">
         <name>PCM_getPowerState</name>
         <value>0x24a1</value>
         <object_component_ref idref="oc-2dd"/>
      </symbol>
      <symbol id="sm-487">
         <name>PCM_gotoLPM4</name>
         <value>0x2433</value>
         <object_component_ref idref="oc-2e9"/>
      </symbol>
      <symbol id="sm-488">
         <name>PCM_gotoLPM3</name>
         <value>0x1aad</value>
         <object_component_ref idref="oc-2e3"/>
      </symbol>
      <symbol id="sm-489">
         <name>PCM_gotoLPM0</name>
         <value>0x2255</value>
         <object_component_ref idref="oc-301"/>
      </symbol>
      <symbol id="sm-48a">
         <name>PCM_setPowerMode</name>
         <value>0x24cd</value>
         <object_component_ref idref="oc-31b"/>
      </symbol>
      <symbol id="sm-497">
         <name>RTC_C_holdClock</name>
         <value>0x230d</value>
         <object_component_ref idref="oc-32e"/>
      </symbol>
      <symbol id="sm-4ad">
         <name>SysCtl_getTLVInfo</name>
         <value>0x1f0d</value>
         <object_component_ref idref="oc-265"/>
      </symbol>
      <symbol id="sm-4ec">
         <name>UART_enableInterrupt</name>
         <value>0x23c1</value>
         <object_component_ref idref="oc-df"/>
      </symbol>
      <symbol id="sm-4ed">
         <name>UART_enableModule</name>
         <value>0x24ad</value>
         <object_component_ref idref="oc-d9"/>
      </symbol>
      <symbol id="sm-4ee">
         <name>UART_getEnabledInterruptStatus</name>
         <value>0x2179</value>
         <object_component_ref idref="oc-f1"/>
      </symbol>
      <symbol id="sm-4ef">
         <name>UART_getInterruptStatus</name>
         <value>0x24e3</value>
         <object_component_ref idref="oc-1eb"/>
      </symbol>
      <symbol id="sm-4f0">
         <name>UART_initModule</name>
         <value>0x1a19</value>
         <object_component_ref idref="oc-cd"/>
      </symbol>
      <symbol id="sm-4f1">
         <name>UART_clearInterruptFlag</name>
         <value>0x245f</value>
         <object_component_ref idref="oc-f7"/>
      </symbol>
      <symbol id="sm-4fd">
         <name>WDT_A_holdTimer</name>
         <value>0x2391</value>
         <object_component_ref idref="oc-328"/>
      </symbol>
      <symbol id="sm-50f">
         <name>CPU_wfi</name>
         <value>0x18dd</value>
         <object_component_ref idref="oc-321"/>
      </symbol>
      <symbol id="sm-510">
         <name>CPU_cpsie</name>
         <value>0x247b</value>
         <object_component_ref idref="oc-1df"/>
      </symbol>
      <symbol id="sm-521">
         <name>_c_int00</name>
         <value>0x1e15</value>
         <object_component_ref idref="oc-26"/>
      </symbol>
      <symbol id="sm-522">
         <name>__stack</name>
         <value>0x2000fe00</value>
         <object_component_ref idref="oc-2f"/>
      </symbol>
      <symbol id="sm-540">
         <name>__TI_decompress_lzss</name>
         <value>0x1c91</value>
         <object_component_ref idref="oc-14"/>
      </symbol>
      <symbol id="sm-557">
         <name>__TI_decompress_none</name>
         <value>0x246d</value>
         <object_component_ref idref="oc-1a"/>
      </symbol>
      <symbol id="sm-569">
         <name>__TI_zero_init</name>
         <value>0x24b9</value>
         <object_component_ref idref="oc-20"/>
      </symbol>
      <symbol id="sm-58a">
         <name>C$$EXIT</name>
         <value>0x1e69</value>
         <object_component_ref idref="oc-6b"/>
      </symbol>
      <symbol id="sm-58b">
         <name>abort</name>
         <value>0x1e6d</value>
         <object_component_ref idref="oc-6b"/>
      </symbol>
      <symbol id="sm-58c">
         <name>exit</name>
         <value>0x1e75</value>
         <object_component_ref idref="oc-6b"/>
      </symbol>
      <symbol id="sm-58d">
         <name>__TI_dtors_ptr</name>
         <value>0x20000048</value>
         <object_component_ref idref="oc-b8"/>
      </symbol>
      <symbol id="sm-58e">
         <name>__TI_cleanup_ptr</name>
         <value>0x20000044</value>
         <object_component_ref idref="oc-b8"/>
      </symbol>
      <symbol id="sm-58f">
         <name>__TI_enable_exit_profile_output</name>
         <value>0x2000004c</value>
         <object_component_ref idref="oc-b8"/>
      </symbol>
      <symbol id="sm-5ac">
         <name>memcpy</name>
         <value>0x197d</value>
         <object_component_ref idref="oc-3b"/>
      </symbol>
      <symbol id="sm-5ad">
         <name>__aeabi_memcpy</name>
         <value>0x197d</value>
         <object_component_ref idref="oc-3b"/>
      </symbol>
      <symbol id="sm-5ae">
         <name>__aeabi_memcpy8</name>
         <value>0x197d</value>
         <object_component_ref idref="oc-3b"/>
      </symbol>
      <symbol id="sm-5af">
         <name>__aeabi_memcpy4</name>
         <value>0x197d</value>
         <object_component_ref idref="oc-3b"/>
      </symbol>
      <symbol id="sm-5be">
         <name>__aeabi_memset</name>
         <value>0x1b2b</value>
         <object_component_ref idref="oc-47"/>
      </symbol>
      <symbol id="sm-5bf">
         <name>memset</name>
         <value>0x1b31</value>
         <object_component_ref idref="oc-47"/>
      </symbol>
      <symbol id="sm-5c0">
         <name>__aeabi_memset8</name>
         <value>0x1b2b</value>
         <object_component_ref idref="oc-47"/>
      </symbol>
      <symbol id="sm-5c1">
         <name>__aeabi_memset4</name>
         <value>0x1b2b</value>
         <object_component_ref idref="oc-47"/>
      </symbol>
      <symbol id="sm-5c2">
         <name>__aeabi_memclr8</name>
         <value>0x1b29</value>
         <object_component_ref idref="oc-47"/>
      </symbol>
      <symbol id="sm-5c3">
         <name>__aeabi_memclr4</name>
         <value>0x1b29</value>
         <object_component_ref idref="oc-47"/>
      </symbol>
      <symbol id="sm-5c4">
         <name>__aeabi_memclr</name>
         <value>0x1b29</value>
         <object_component_ref idref="oc-47"/>
      </symbol>
      <symbol id="sm-5ce">
         <name>__mpu_init</name>
         <value>0xdef</value>
         <object_component_ref idref="oc-53"/>
      </symbol>
      <symbol id="sm-5d8">
         <name>_system_pre_init</name>
         <value>0x24ed</value>
         <object_component_ref idref="oc-59"/>
      </symbol>
      <symbol id="sm-5e1">
         <name>main_func_sp</name>
         <value>0x20000058</value>
         <object_component_ref idref="oc-71"/>
      </symbol>
      <symbol id="sm-5fb">
         <name>_nop</name>
         <value>0x23fb</value>
         <object_component_ref idref="oc-1c4"/>
      </symbol>
      <symbol id="sm-5fc">
         <name>_lock</name>
         <value>0x20000050</value>
         <object_component_ref idref="oc-bb"/>
      </symbol>
      <symbol id="sm-5fd">
         <name>_unlock</name>
         <value>0x20000054</value>
         <object_component_ref idref="oc-bb"/>
      </symbol>
      <symbol id="sm-5fe">
         <name>_register_lock</name>
         <value>0x23f3</value>
         <object_component_ref idref="oc-1c4"/>
      </symbol>
      <symbol id="sm-5ff">
         <name>_register_unlock</name>
         <value>0x23ed</value>
         <object_component_ref idref="oc-1c4"/>
      </symbol>
      <symbol id="sm-614">
         <name>_args_main</name>
         <value>0x23a9</value>
         <object_component_ref idref="oc-65"/>
      </symbol>
      <symbol id="sm-63f">
         <name>__TI_auto_init</name>
         <value>0x1c21</value>
         <object_component_ref idref="oc-5f"/>
      </symbol>
      <symbol id="sm-659">
         <name>copy_in</name>
         <value>0x1ff5</value>
         <object_component_ref idref="oc-a2"/>
      </symbol>
      <symbol id="sm-66f">
         <name>_system_post_cinit</name>
         <value>0x1383</value>
         <object_component_ref idref="oc-a8"/>
      </symbol>
      <symbol id="sm-674">
         <name>__TI_static_base__</name>
         <value>0x0</value>
      </symbol>
      <symbol id="sm-677">
         <name>SHT$$INIT_ARRAY$$Limit</name>
         <value>0x0</value>
      </symbol>
      <symbol id="sm-678">
         <name>SHT$$INIT_ARRAY$$Base</name>
         <value>0x0</value>
      </symbol>
      <symbol id="sm-679">
         <name>NMI_Handler</name>
         <value>0x2411</value>
      </symbol>
      <symbol id="sm-67a">
         <name>HardFault_Handler</name>
         <value>0x2411</value>
      </symbol>
      <symbol id="sm-67b">
         <name>MemManage_Handler</name>
         <value>0x2411</value>
      </symbol>
      <symbol id="sm-67c">
         <name>BusFault_Handler</name>
         <value>0x2411</value>
      </symbol>
      <symbol id="sm-67d">
         <name>UsageFault_Handler</name>
         <value>0x2411</value>
      </symbol>
      <symbol id="sm-67e">
         <name>SVC_Handler</name>
         <value>0x2411</value>
      </symbol>
      <symbol id="sm-67f">
         <name>DebugMon_Handler</name>
         <value>0x2411</value>
      </symbol>
      <symbol id="sm-680">
         <name>PendSV_Handler</name>
         <value>0x2411</value>
      </symbol>
      <symbol id="sm-681">
         <name>SysTick_Handler</name>
         <value>0x2411</value>
      </symbol>
      <symbol id="sm-682">
         <name>PSS_IRQHandler</name>
         <value>0x2411</value>
      </symbol>
      <symbol id="sm-683">
         <name>CS_IRQHandler</name>
         <value>0x2411</value>
      </symbol>
      <symbol id="sm-684">
         <name>PCM_IRQHandler</name>
         <value>0x2411</value>
      </symbol>
      <symbol id="sm-685">
         <name>WDT_A_IRQHandler</name>
         <value>0x2411</value>
      </symbol>
      <symbol id="sm-686">
         <name>FPU_IRQHandler</name>
         <value>0x2411</value>
      </symbol>
      <symbol id="sm-687">
         <name>FLCTL_IRQHandler</name>
         <value>0x2411</value>
      </symbol>
      <symbol id="sm-688">
         <name>COMP_E0_IRQHandler</name>
         <value>0x2411</value>
      </symbol>
      <symbol id="sm-689">
         <name>COMP_E1_IRQHandler</name>
         <value>0x2411</value>
      </symbol>
      <symbol id="sm-68a">
         <name>TA0_0_IRQHandler</name>
         <value>0x2411</value>
      </symbol>
      <symbol id="sm-68b">
         <name>TA0_N_IRQHandler</name>
         <value>0x2411</value>
      </symbol>
      <symbol id="sm-68c">
         <name>TA1_0_IRQHandler</name>
         <value>0x2411</value>
      </symbol>
      <symbol id="sm-68d">
         <name>TA1_N_IRQHandler</name>
         <value>0x2411</value>
      </symbol>
      <symbol id="sm-68e">
         <name>TA2_0_IRQHandler</name>
         <value>0x2411</value>
      </symbol>
      <symbol id="sm-68f">
         <name>TA2_N_IRQHandler</name>
         <value>0x2411</value>
      </symbol>
      <symbol id="sm-690">
         <name>TA3_0_IRQHandler</name>
         <value>0x2411</value>
      </symbol>
      <symbol id="sm-691">
         <name>TA3_N_IRQHandler</name>
         <value>0x2411</value>
      </symbol>
      <symbol id="sm-692">
         <name>EUSCIA0_IRQHandler</name>
         <value>0x2411</value>
      </symbol>
      <symbol id="sm-693">
         <name>EUSCIA1_IRQHandler</name>
         <value>0x2411</value>
      </symbol>
      <symbol id="sm-694">
         <name>EUSCIA2_IRQHandler</name>
         <value>0xd91</value>
      </symbol>
      <symbol id="sm-695">
         <name>EUSCIA3_IRQHandler</name>
         <value>0x2411</value>
      </symbol>
      <symbol id="sm-696">
         <name>EUSCIB0_IRQHandler</name>
         <value>0x2411</value>
      </symbol>
      <symbol id="sm-697">
         <name>EUSCIB1_IRQHandler</name>
         <value>0x571</value>
      </symbol>
      <symbol id="sm-698">
         <name>EUSCIB2_IRQHandler</name>
         <value>0x2411</value>
      </symbol>
      <symbol id="sm-699">
         <name>EUSCIB3_IRQHandler</name>
         <value>0x2411</value>
      </symbol>
      <symbol id="sm-69a">
         <name>ADC14_IRQHandler</name>
         <value>0x2411</value>
      </symbol>
      <symbol id="sm-69b">
         <name>T32_INT1_IRQHandler</name>
         <value>0x2411</value>
      </symbol>
      <symbol id="sm-69c">
         <name>T32_INT2_IRQHandler</name>
         <value>0x2411</value>
      </symbol>
      <symbol id="sm-69d">
         <name>T32_INTC_IRQHandler</name>
         <value>0x2411</value>
      </symbol>
      <symbol id="sm-69e">
         <name>AES256_IRQHandler</name>
         <value>0x2411</value>
      </symbol>
      <symbol id="sm-69f">
         <name>RTC_C_IRQHandler</name>
         <value>0x2411</value>
      </symbol>
      <symbol id="sm-6a0">
         <name>DMA_ERR_IRQHandler</name>
         <value>0x2411</value>
      </symbol>
      <symbol id="sm-6a1">
         <name>DMA_INT3_IRQHandler</name>
         <value>0x2411</value>
      </symbol>
      <symbol id="sm-6a2">
         <name>DMA_INT2_IRQHandler</name>
         <value>0x2411</value>
      </symbol>
      <symbol id="sm-6a3">
         <name>DMA_INT1_IRQHandler</name>
         <value>0x2411</value>
      </symbol>
      <symbol id="sm-6a4">
         <name>DMA_INT0_IRQHandler</name>
         <value>0x2411</value>
      </symbol>
      <symbol id="sm-6a5">
         <name>PORT1_IRQHandler</name>
         <value>0x2411</value>
      </symbol>
      <symbol id="sm-6a6">
         <name>PORT2_IRQHandler</name>
         <value>0x2411</value>
      </symbol>
      <symbol id="sm-6a7">
         <name>PORT3_IRQHandler</name>
         <value>0x2411</value>
      </symbol>
      <symbol id="sm-6a8">
         <name>PORT4_IRQHandler</name>
         <value>0x2411</value>
      </symbol>
      <symbol id="sm-6a9">
         <name>PORT5_IRQHandler</name>
         <value>0x2411</value>
      </symbol>
      <symbol id="sm-6aa">
         <name>PORT6_IRQHandler</name>
         <value>0x2411</value>
      </symbol>
   </symbol_table>
   <title>Link successful</title>
</link_info>
