<?xml version="1.0"?>
<link_info>
   <banner>TI ARM Linker PC v16.9.8.LTS</banner>
   <copyright>Copyright (c) 1996-2017 Texas Instruments Incorporated</copyright>
   <link_time>0x5beeeb36</link_time>
   <link_errors>0x0</link_errors>
   <output_file>WALLE_Robot.out</output_file>
   <entry_point>
      <name>_c_int00</name>
      <address>0x2431</address>
   </entry_point>
   <input_file_list>
      <input_file id="fl-2">
         <path>.\</path>
         <kind>object</kind>
         <file>main.obj</file>
         <name>main.obj</name>
      </input_file>
      <input_file id="fl-3">
         <path>.\</path>
         <kind>object</kind>
         <file>startup_msp432p401r_ccs.obj</file>
         <name>startup_msp432p401r_ccs.obj</name>
      </input_file>
      <input_file id="fl-4">
         <path>.\</path>
         <kind>object</kind>
         <file>system_msp432p401r.obj</file>
         <name>system_msp432p401r.obj</name>
      </input_file>
      <input_file id="fl-5">
         <path>.\BoardSupportPackage\src\</path>
         <kind>object</kind>
         <file>AsciiLib.obj</file>
         <name>AsciiLib.obj</name>
      </input_file>
      <input_file id="fl-6">
         <path>.\BoardSupportPackage\src\</path>
         <kind>object</kind>
         <file>BSP.obj</file>
         <name>BSP.obj</name>
      </input_file>
      <input_file id="fl-7">
         <path>.\BoardSupportPackage\src\</path>
         <kind>object</kind>
         <file>BackChannelUart.obj</file>
         <name>BackChannelUart.obj</name>
      </input_file>
      <input_file id="fl-8">
         <path>.\BoardSupportPackage\src\</path>
         <kind>object</kind>
         <file>ClockSys.obj</file>
         <name>ClockSys.obj</name>
      </input_file>
      <input_file id="fl-9">
         <path>.\BoardSupportPackage\src\</path>
         <kind>object</kind>
         <file>Joystick.obj</file>
         <name>Joystick.obj</name>
      </input_file>
      <input_file id="fl-a">
         <path>.\BoardSupportPackage\src\</path>
         <kind>object</kind>
         <file>LCD.obj</file>
         <name>LCD.obj</name>
      </input_file>
      <input_file id="fl-b">
         <path>.\BoardSupportPackage\src\</path>
         <kind>object</kind>
         <file>LED.obj</file>
         <name>LED.obj</name>
      </input_file>
      <input_file id="fl-c">
         <path>.\BoardSupportPackage\src\</path>
         <kind>object</kind>
         <file>Servo.obj</file>
         <name>Servo.obj</name>
      </input_file>
      <input_file id="fl-d">
         <path>.\BoardSupportPackage\src\</path>
         <kind>object</kind>
         <file>UARTs.obj</file>
         <name>UARTs.obj</name>
      </input_file>
      <input_file id="fl-e">
         <path>.\BoardSupportPackage\src\</path>
         <kind>object</kind>
         <file>UltraSonic.obj</file>
         <name>UltraSonic.obj</name>
      </input_file>
      <input_file id="fl-f">
         <path>.\BoardSupportPackage\src\</path>
         <kind>object</kind>
         <file>Wifi.obj</file>
         <name>Wifi.obj</name>
      </input_file>
      <input_file id="fl-10">
         <path>.\BoardSupportPackage\src\</path>
         <kind>object</kind>
         <file>bluetooth.obj</file>
         <name>bluetooth.obj</name>
      </input_file>
      <input_file id="fl-11">
         <path>.\BoardSupportPackage\src\</path>
         <kind>object</kind>
         <file>bme280.obj</file>
         <name>bme280.obj</name>
      </input_file>
      <input_file id="fl-12">
         <path>.\BoardSupportPackage\src\</path>
         <kind>object</kind>
         <file>bme280_support.obj</file>
         <name>bme280_support.obj</name>
      </input_file>
      <input_file id="fl-13">
         <path>.\BoardSupportPackage\src\</path>
         <kind>object</kind>
         <file>bmi160.obj</file>
         <name>bmi160.obj</name>
      </input_file>
      <input_file id="fl-14">
         <path>.\BoardSupportPackage\src\</path>
         <kind>object</kind>
         <file>bmi160_support.obj</file>
         <name>bmi160_support.obj</name>
      </input_file>
      <input_file id="fl-15">
         <path>.\BoardSupportPackage\src\</path>
         <kind>object</kind>
         <file>camera.obj</file>
         <name>camera.obj</name>
      </input_file>
      <input_file id="fl-16">
         <path>.\BoardSupportPackage\src\</path>
         <kind>object</kind>
         <file>controller.obj</file>
         <name>controller.obj</name>
      </input_file>
      <input_file id="fl-17">
         <path>.\BoardSupportPackage\src\</path>
         <kind>object</kind>
         <file>demo_sysctl.obj</file>
         <name>demo_sysctl.obj</name>
      </input_file>
      <input_file id="fl-18">
         <path>.\BoardSupportPackage\src\</path>
         <kind>object</kind>
         <file>i2c_driver.obj</file>
         <name>i2c_driver.obj</name>
      </input_file>
      <input_file id="fl-19">
         <path>.\BoardSupportPackage\src\</path>
         <kind>object</kind>
         <file>motor_driver.obj</file>
         <name>motor_driver.obj</name>
      </input_file>
      <input_file id="fl-1a">
         <path>.\BoardSupportPackage\src\</path>
         <kind>object</kind>
         <file>opt3001.obj</file>
         <name>opt3001.obj</name>
      </input_file>
      <input_file id="fl-1b">
         <path>.\BoardSupportPackage\src\</path>
         <kind>object</kind>
         <file>pwm.obj</file>
         <name>pwm.obj</name>
      </input_file>
      <input_file id="fl-1c">
         <path>.\BoardSupportPackage\src\</path>
         <kind>object</kind>
         <file>tmp007.obj</file>
         <name>tmp007.obj</name>
      </input_file>
      <input_file id="fl-1d">
         <path>.\BoardSupportPackage\src\</path>
         <kind>object</kind>
         <file>xbee.obj</file>
         <name>xbee.obj</name>
      </input_file>
      <input_file id="fl-22">
         <kind>object</kind>
         <file>&lt;internal&gt;</file>
         <name>&lt;internal&gt;</name>
      </input_file>
      <input_file id="fl-23">
         <path>C:\Users\Alex Perera\Desktop\Senior\GITHUB\BoardSupportPackage\DriverLib\</path>
         <kind>archive</kind>
         <file>msp432p4xx_driverlib.lib</file>
         <name>cs.o</name>
      </input_file>
      <input_file id="fl-24">
         <path>C:\Users\Alex Perera\Desktop\Senior\GITHUB\BoardSupportPackage\DriverLib\</path>
         <kind>archive</kind>
         <file>msp432p4xx_driverlib.lib</file>
         <name>flash.o</name>
      </input_file>
      <input_file id="fl-25">
         <path>C:\Users\Alex Perera\Desktop\Senior\GITHUB\BoardSupportPackage\DriverLib\</path>
         <kind>archive</kind>
         <file>msp432p4xx_driverlib.lib</file>
         <name>gpio.o</name>
      </input_file>
      <input_file id="fl-26">
         <path>C:\Users\Alex Perera\Desktop\Senior\GITHUB\BoardSupportPackage\DriverLib\</path>
         <kind>archive</kind>
         <file>msp432p4xx_driverlib.lib</file>
         <name>i2c.o</name>
      </input_file>
      <input_file id="fl-27">
         <path>C:\Users\Alex Perera\Desktop\Senior\GITHUB\BoardSupportPackage\DriverLib\</path>
         <kind>archive</kind>
         <file>msp432p4xx_driverlib.lib</file>
         <name>interrupt.o</name>
      </input_file>
      <input_file id="fl-28">
         <path>C:\Users\Alex Perera\Desktop\Senior\GITHUB\BoardSupportPackage\DriverLib\</path>
         <kind>archive</kind>
         <file>msp432p4xx_driverlib.lib</file>
         <name>pcm.o</name>
      </input_file>
      <input_file id="fl-29">
         <path>C:\Users\Alex Perera\Desktop\Senior\GITHUB\BoardSupportPackage\DriverLib\</path>
         <kind>archive</kind>
         <file>msp432p4xx_driverlib.lib</file>
         <name>rtc_c.o</name>
      </input_file>
      <input_file id="fl-2a">
         <path>C:\Users\Alex Perera\Desktop\Senior\GITHUB\BoardSupportPackage\DriverLib\</path>
         <kind>archive</kind>
         <file>msp432p4xx_driverlib.lib</file>
         <name>spi.o</name>
      </input_file>
      <input_file id="fl-2b">
         <path>C:\Users\Alex Perera\Desktop\Senior\GITHUB\BoardSupportPackage\DriverLib\</path>
         <kind>archive</kind>
         <file>msp432p4xx_driverlib.lib</file>
         <name>sysctl.o</name>
      </input_file>
      <input_file id="fl-2c">
         <path>C:\Users\Alex Perera\Desktop\Senior\GITHUB\BoardSupportPackage\DriverLib\</path>
         <kind>archive</kind>
         <file>msp432p4xx_driverlib.lib</file>
         <name>timer_a.o</name>
      </input_file>
      <input_file id="fl-2d">
         <path>C:\Users\Alex Perera\Desktop\Senior\GITHUB\BoardSupportPackage\DriverLib\</path>
         <kind>archive</kind>
         <file>msp432p4xx_driverlib.lib</file>
         <name>uart.o</name>
      </input_file>
      <input_file id="fl-2e">
         <path>C:\Users\Alex Perera\Desktop\Senior\GITHUB\BoardSupportPackage\DriverLib\</path>
         <kind>archive</kind>
         <file>msp432p4xx_driverlib.lib</file>
         <name>wdt_a.o</name>
      </input_file>
      <input_file id="fl-2f">
         <path>C:\Users\Alex Perera\Desktop\Senior\GITHUB\BoardSupportPackage\DriverLib\</path>
         <kind>archive</kind>
         <file>msp432p4xx_driverlib.lib</file>
         <name>cpu.o</name>
      </input_file>
      <input_file id="fl-e5">
         <path>C:\ti\ccsv7\tools\compiler\ti-cgt-arm_16.9.8.LTS\lib\</path>
         <kind>archive</kind>
         <file>rtsv7M4_T_le_v4SPD16_eabi.lib</file>
         <name>boot.obj</name>
      </input_file>
      <input_file id="fl-e6">
         <path>C:\ti\ccsv7\tools\compiler\ti-cgt-arm_16.9.8.LTS\lib\</path>
         <kind>archive</kind>
         <file>rtsv7M4_T_le_v4SPD16_eabi.lib</file>
         <name>copy_decompress_lzss.obj</name>
      </input_file>
      <input_file id="fl-e7">
         <path>C:\ti\ccsv7\tools\compiler\ti-cgt-arm_16.9.8.LTS\lib\</path>
         <kind>archive</kind>
         <file>rtsv7M4_T_le_v4SPD16_eabi.lib</file>
         <name>copy_decompress_none.obj</name>
      </input_file>
      <input_file id="fl-e8">
         <path>C:\ti\ccsv7\tools\compiler\ti-cgt-arm_16.9.8.LTS\lib\</path>
         <kind>archive</kind>
         <file>rtsv7M4_T_le_v4SPD16_eabi.lib</file>
         <name>copy_zero_init.obj</name>
      </input_file>
      <input_file id="fl-e9">
         <path>C:\ti\ccsv7\tools\compiler\ti-cgt-arm_16.9.8.LTS\lib\</path>
         <kind>archive</kind>
         <file>rtsv7M4_T_le_v4SPD16_eabi.lib</file>
         <name>exit.obj</name>
      </input_file>
      <input_file id="fl-ea">
         <path>C:\ti\ccsv7\tools\compiler\ti-cgt-arm_16.9.8.LTS\lib\</path>
         <kind>archive</kind>
         <file>rtsv7M4_T_le_v4SPD16_eabi.lib</file>
         <name>ll_div_t2.obj</name>
      </input_file>
      <input_file id="fl-eb">
         <path>C:\ti\ccsv7\tools\compiler\ti-cgt-arm_16.9.8.LTS\lib\</path>
         <kind>archive</kind>
         <file>rtsv7M4_T_le_v4SPD16_eabi.lib</file>
         <name>ll_mul_t2.obj</name>
      </input_file>
      <input_file id="fl-ec">
         <path>C:\ti\ccsv7\tools\compiler\ti-cgt-arm_16.9.8.LTS\lib\</path>
         <kind>archive</kind>
         <file>rtsv7M4_T_le_v4SPD16_eabi.lib</file>
         <name>memcpy_t2.obj</name>
      </input_file>
      <input_file id="fl-ed">
         <path>C:\ti\ccsv7\tools\compiler\ti-cgt-arm_16.9.8.LTS\lib\</path>
         <kind>archive</kind>
         <file>rtsv7M4_T_le_v4SPD16_eabi.lib</file>
         <name>memset_t2.obj</name>
      </input_file>
      <input_file id="fl-ee">
         <path>C:\ti\ccsv7\tools\compiler\ti-cgt-arm_16.9.8.LTS\lib\</path>
         <kind>archive</kind>
         <file>rtsv7M4_T_le_v4SPD16_eabi.lib</file>
         <name>mpu_init.obj</name>
      </input_file>
      <input_file id="fl-ef">
         <path>C:\ti\ccsv7\tools\compiler\ti-cgt-arm_16.9.8.LTS\lib\</path>
         <kind>archive</kind>
         <file>rtsv7M4_T_le_v4SPD16_eabi.lib</file>
         <name>pre_init.obj</name>
      </input_file>
      <input_file id="fl-f0">
         <path>C:\ti\ccsv7\tools\compiler\ti-cgt-arm_16.9.8.LTS\lib\</path>
         <kind>archive</kind>
         <file>rtsv7M4_T_le_v4SPD16_eabi.lib</file>
         <name>snprintf.obj</name>
      </input_file>
      <input_file id="fl-f1">
         <path>C:\ti\ccsv7\tools\compiler\ti-cgt-arm_16.9.8.LTS\lib\</path>
         <kind>archive</kind>
         <file>rtsv7M4_T_le_v4SPD16_eabi.lib</file>
         <name>stkdepth_vars.obj</name>
      </input_file>
      <input_file id="fl-f2">
         <path>C:\ti\ccsv7\tools\compiler\ti-cgt-arm_16.9.8.LTS\lib\</path>
         <kind>archive</kind>
         <file>rtsv7M4_T_le_v4SPD16_eabi.lib</file>
         <name>strlen.obj</name>
      </input_file>
      <input_file id="fl-f3">
         <path>C:\ti\ccsv7\tools\compiler\ti-cgt-arm_16.9.8.LTS\lib\</path>
         <kind>archive</kind>
         <file>rtsv7M4_T_le_v4SPD16_eabi.lib</file>
         <name>_lock.obj</name>
      </input_file>
      <input_file id="fl-f4">
         <path>C:\ti\ccsv7\tools\compiler\ti-cgt-arm_16.9.8.LTS\lib\</path>
         <kind>archive</kind>
         <file>rtsv7M4_T_le_v4SPD16_eabi.lib</file>
         <name>_printfi.obj</name>
      </input_file>
      <input_file id="fl-f5">
         <path>C:\ti\ccsv7\tools\compiler\ti-cgt-arm_16.9.8.LTS\lib\</path>
         <kind>archive</kind>
         <file>rtsv7M4_T_le_v4SPD16_eabi.lib</file>
         <name>args_main.obj</name>
      </input_file>
      <input_file id="fl-f6">
         <path>C:\ti\ccsv7\tools\compiler\ti-cgt-arm_16.9.8.LTS\lib\</path>
         <kind>archive</kind>
         <file>rtsv7M4_T_le_v4SPD16_eabi.lib</file>
         <name>atoi.obj</name>
      </input_file>
      <input_file id="fl-f7">
         <path>C:\ti\ccsv7\tools\compiler\ti-cgt-arm_16.9.8.LTS\lib\</path>
         <kind>archive</kind>
         <file>rtsv7M4_T_le_v4SPD16_eabi.lib</file>
         <name>autoinit.obj</name>
      </input_file>
      <input_file id="fl-f8">
         <path>C:\ti\ccsv7\tools\compiler\ti-cgt-arm_16.9.8.LTS\lib\</path>
         <kind>archive</kind>
         <file>rtsv7M4_T_le_v4SPD16_eabi.lib</file>
         <name>cpy_tbl.obj</name>
      </input_file>
      <input_file id="fl-f9">
         <path>C:\ti\ccsv7\tools\compiler\ti-cgt-arm_16.9.8.LTS\lib\</path>
         <kind>archive</kind>
         <file>rtsv7M4_T_le_v4SPD16_eabi.lib</file>
         <name>ctype.obj</name>
      </input_file>
      <input_file id="fl-fa">
         <path>C:\ti\ccsv7\tools\compiler\ti-cgt-arm_16.9.8.LTS\lib\</path>
         <kind>archive</kind>
         <file>rtsv7M4_T_le_v4SPD16_eabi.lib</file>
         <name>fd_add_t2.obj</name>
      </input_file>
      <input_file id="fl-fb">
         <path>C:\ti\ccsv7\tools\compiler\ti-cgt-arm_16.9.8.LTS\lib\</path>
         <kind>archive</kind>
         <file>rtsv7M4_T_le_v4SPD16_eabi.lib</file>
         <name>fd_cmp_t2.obj</name>
      </input_file>
      <input_file id="fl-fc">
         <path>C:\ti\ccsv7\tools\compiler\ti-cgt-arm_16.9.8.LTS\lib\</path>
         <kind>archive</kind>
         <file>rtsv7M4_T_le_v4SPD16_eabi.lib</file>
         <name>fd_div_t2.obj</name>
      </input_file>
      <input_file id="fl-fd">
         <path>C:\ti\ccsv7\tools\compiler\ti-cgt-arm_16.9.8.LTS\lib\</path>
         <kind>archive</kind>
         <file>rtsv7M4_T_le_v4SPD16_eabi.lib</file>
         <name>fd_mul_t2.obj</name>
      </input_file>
      <input_file id="fl-fe">
         <path>C:\ti\ccsv7\tools\compiler\ti-cgt-arm_16.9.8.LTS\lib\</path>
         <kind>archive</kind>
         <file>rtsv7M4_T_le_v4SPD16_eabi.lib</file>
         <name>fd_toi_t2.obj</name>
      </input_file>
      <input_file id="fl-ff">
         <path>C:\ti\ccsv7\tools\compiler\ti-cgt-arm_16.9.8.LTS\lib\</path>
         <kind>archive</kind>
         <file>rtsv7M4_T_le_v4SPD16_eabi.lib</file>
         <name>i_tofd_t2.obj</name>
      </input_file>
      <input_file id="fl-100">
         <path>C:\ti\ccsv7\tools\compiler\ti-cgt-arm_16.9.8.LTS\lib\</path>
         <kind>archive</kind>
         <file>rtsv7M4_T_le_v4SPD16_eabi.lib</file>
         <name>l_div0.obj</name>
      </input_file>
      <input_file id="fl-101">
         <path>C:\ti\ccsv7\tools\compiler\ti-cgt-arm_16.9.8.LTS\lib\</path>
         <kind>archive</kind>
         <file>rtsv7M4_T_le_v4SPD16_eabi.lib</file>
         <name>ltoa.obj</name>
      </input_file>
      <input_file id="fl-102">
         <path>C:\ti\ccsv7\tools\compiler\ti-cgt-arm_16.9.8.LTS\lib\</path>
         <kind>archive</kind>
         <file>rtsv7M4_T_le_v4SPD16_eabi.lib</file>
         <name>memccpy.obj</name>
      </input_file>
      <input_file id="fl-103">
         <path>C:\ti\ccsv7\tools\compiler\ti-cgt-arm_16.9.8.LTS\lib\</path>
         <kind>archive</kind>
         <file>rtsv7M4_T_le_v4SPD16_eabi.lib</file>
         <name>s_frexp.obj</name>
      </input_file>
      <input_file id="fl-104">
         <path>C:\ti\ccsv7\tools\compiler\ti-cgt-arm_16.9.8.LTS\lib\</path>
         <kind>archive</kind>
         <file>rtsv7M4_T_le_v4SPD16_eabi.lib</file>
         <name>s_scalbn.obj</name>
      </input_file>
      <input_file id="fl-105">
         <path>C:\ti\ccsv7\tools\compiler\ti-cgt-arm_16.9.8.LTS\lib\</path>
         <kind>archive</kind>
         <file>rtsv7M4_T_le_v4SPD16_eabi.lib</file>
         <name>startup.obj</name>
      </input_file>
      <input_file id="fl-106">
         <path>C:\ti\ccsv7\tools\compiler\ti-cgt-arm_16.9.8.LTS\lib\</path>
         <kind>archive</kind>
         <file>rtsv7M4_T_le_v4SPD16_eabi.lib</file>
         <name>strchr.obj</name>
      </input_file>
      <input_file id="fl-107">
         <path>C:\ti\ccsv7\tools\compiler\ti-cgt-arm_16.9.8.LTS\lib\</path>
         <kind>archive</kind>
         <file>rtsv7M4_T_le_v4SPD16_eabi.lib</file>
         <name>ull_div_t2.obj</name>
      </input_file>
      <input_file id="fl-108">
         <path>C:\ti\ccsv7\tools\compiler\ti-cgt-arm_16.9.8.LTS\lib\</path>
         <kind>archive</kind>
         <file>rtsv7M4_T_le_v4SPD16_eabi.lib</file>
         <name>errno.obj</name>
      </input_file>
      <input_file id="fl-109">
         <path>C:\ti\ccsv7\tools\compiler\ti-cgt-arm_16.9.8.LTS\lib\</path>
         <kind>archive</kind>
         <file>rtsv7M4_T_le_v4SPD16_eabi.lib</file>
         <name>s_copysign.obj</name>
      </input_file>
   </input_file_list>
   <object_component_list>
      <object_component id="oc-2c">
         <name>.intvecs:retain</name>
         <load_address>0x0</load_address>
         <run_address>0x0</run_address>
         <size>0xe4</size>
         <input_file_ref idref="fl-3"/>
      </object_component>
      <object_component id="oc-1c1">
         <name>.text</name>
         <load_address>0xe8</load_address>
         <run_address>0xe8</run_address>
         <size>0xa40</size>
         <input_file_ref idref="fl-19"/>
      </object_component>
      <object_component id="oc-87">
         <name>.text</name>
         <load_address>0xb28</load_address>
         <run_address>0xb28</run_address>
         <size>0x3a0</size>
         <input_file_ref idref="fl-18"/>
      </object_component>
      <object_component id="oc-c9">
         <name>.text</name>
         <load_address>0xec8</load_address>
         <run_address>0xec8</run_address>
         <size>0x368</size>
         <input_file_ref idref="fl-4"/>
      </object_component>
      <object_component id="oc-7b">
         <name>.text</name>
         <load_address>0x1230</load_address>
         <run_address>0x1230</run_address>
         <size>0x264</size>
         <input_file_ref idref="fl-1d"/>
      </object_component>
      <object_component id="oc-2c2">
         <name>.text:__PCM_setPowerStateAdvanced</name>
         <load_address>0x1494</load_address>
         <run_address>0x1494</run_address>
         <size>0x1a0</size>
         <input_file_ref idref="fl-28"/>
      </object_component>
      <object_component id="oc-338">
         <name>.text:CPU_wfi</name>
         <load_address>0x1634</load_address>
         <run_address>0x1634</run_address>
         <size>0x4</size>
         <input_file_ref idref="fl-2f"/>
      </object_component>
      <object_component id="oc-81">
         <name>.text</name>
         <load_address>0x1638</load_address>
         <run_address>0x1638</run_address>
         <size>0x174</size>
         <input_file_ref idref="fl-f"/>
      </object_component>
      <object_component id="oc-261">
         <name>.text:CS_setDCOFrequency</name>
         <load_address>0x17ac</load_address>
         <run_address>0x17ac</run_address>
         <size>0x14c</size>
         <input_file_ref idref="fl-23"/>
      </object_component>
      <object_component id="oc-b6">
         <name>.text</name>
         <load_address>0x18f8</load_address>
         <run_address>0x18f8</run_address>
         <size>0x10c</size>
         <input_file_ref idref="fl-2"/>
      </object_component>
      <object_component id="oc-1bb">
         <name>.text:CS_getDCOFrequency</name>
         <load_address>0x1a04</load_address>
         <run_address>0x1a04</run_address>
         <size>0x104</size>
         <input_file_ref idref="fl-23"/>
      </object_component>
      <object_component id="oc-28a">
         <name>.text</name>
         <load_address>0x1b08</load_address>
         <run_address>0x1b08</run_address>
         <size>0xe6</size>
         <input_file_ref idref="fl-1b"/>
      </object_component>
      <object_component id="oc-53">
         <name>.text</name>
         <load_address>0x1bee</load_address>
         <run_address>0x1bee</run_address>
         <size>0x2</size>
         <input_file_ref idref="fl-ee"/>
      </object_component>
      <object_component id="oc-267">
         <name>.text:CS_initClockSignal</name>
         <load_address>0x1bf0</load_address>
         <run_address>0x1bf0</run_address>
         <size>0xe0</size>
         <input_file_ref idref="fl-23"/>
      </object_component>
      <object_component id="oc-30e">
         <name>.text:__PCM_setPowerModeAdvanced</name>
         <load_address>0x1cd0</load_address>
         <run_address>0x1cd0</run_address>
         <size>0xdc</size>
         <input_file_ref idref="fl-28"/>
      </object_component>
      <object_component id="oc-321">
         <name>.text:privateTimer_AProcessClockSourceDivider</name>
         <load_address>0x1dac</load_address>
         <run_address>0x1dac</run_address>
         <size>0xb2</size>
         <input_file_ref idref="fl-2c"/>
      </object_component>
      <object_component id="oc-ae">
         <name>.text</name>
         <load_address>0x1e5e</load_address>
         <run_address>0x1e5e</run_address>
         <size>0x2</size>
         <input_file_ref idref="fl-105"/>
      </object_component>
      <object_component id="oc-308">
         <name>.text:__PCM_setCoreVoltageLevelAdvanced</name>
         <load_address>0x1e60</load_address>
         <run_address>0x1e60</run_address>
         <size>0xb0</size>
         <input_file_ref idref="fl-28"/>
      </object_component>
      <object_component id="oc-21f">
         <name>.text:_CSComputeCLKFrequency</name>
         <load_address>0x1f10</load_address>
         <run_address>0x1f10</run_address>
         <size>0x9c</size>
         <input_file_ref idref="fl-23"/>
      </object_component>
      <object_component id="oc-3b">
         <name>.text</name>
         <load_address>0x1fac</load_address>
         <run_address>0x1fac</run_address>
         <size>0x9c</size>
         <input_file_ref idref="fl-ec"/>
      </object_component>
      <object_component id="oc-d0">
         <name>.text:UART_initModule</name>
         <load_address>0x2048</load_address>
         <run_address>0x2048</run_address>
         <size>0x94</size>
         <input_file_ref idref="fl-2d"/>
      </object_component>
      <object_component id="oc-2f6">
         <name>.text:PCM_gotoLPM3</name>
         <load_address>0x20dc</load_address>
         <run_address>0x20dc</run_address>
         <size>0x7c</size>
         <input_file_ref idref="fl-28"/>
      </object_component>
      <object_component id="oc-47">
         <name>.text</name>
         <load_address>0x2158</load_address>
         <run_address>0x2158</run_address>
         <size>0x7a</size>
         <input_file_ref idref="fl-ed"/>
      </object_component>
      <object_component id="oc-5f">
         <name>.text</name>
         <load_address>0x21d4</load_address>
         <run_address>0x21d4</run_address>
         <size>0x70</size>
         <input_file_ref idref="fl-f7"/>
      </object_component>
      <object_component id="oc-14">
         <name>.text:decompress:lzss</name>
         <load_address>0x2244</load_address>
         <run_address>0x2244</run_address>
         <size>0x68</size>
         <input_file_ref idref="fl-e6"/>
      </object_component>
      <object_component id="oc-13c">
         <name>.text:I2C_setSlaveAddress</name>
         <load_address>0x22ac</load_address>
         <run_address>0x22ac</run_address>
         <size>0x4</size>
         <input_file_ref idref="fl-26"/>
      </object_component>
      <object_component id="oc-1af">
         <name>.text</name>
         <load_address>0x22b0</load_address>
         <run_address>0x22b0</run_address>
         <size>0x64</size>
         <input_file_ref idref="fl-8"/>
      </object_component>
      <object_component id="oc-15a">
         <name>.text:Interrupt_disableInterrupt</name>
         <load_address>0x2314</load_address>
         <run_address>0x2314</run_address>
         <size>0x64</size>
         <input_file_ref idref="fl-27"/>
      </object_component>
      <object_component id="oc-ee">
         <name>.text:Interrupt_enableInterrupt</name>
         <load_address>0x2378</load_address>
         <run_address>0x2378</run_address>
         <size>0x64</size>
         <input_file_ref idref="fl-27"/>
      </object_component>
      <object_component id="oc-2cb">
         <name>.text:CS_tuneDCOFrequency</name>
         <load_address>0x23dc</load_address>
         <run_address>0x23dc</run_address>
         <size>0x54</size>
         <input_file_ref idref="fl-23"/>
      </object_component>
      <object_component id="oc-26">
         <name>.text</name>
         <load_address>0x2430</load_address>
         <run_address>0x2430</run_address>
         <size>0x54</size>
         <input_file_ref idref="fl-e5"/>
      </object_component>
      <object_component id="oc-6b">
         <name>.text</name>
         <load_address>0x2484</load_address>
         <run_address>0x2484</run_address>
         <size>0x54</size>
         <input_file_ref idref="fl-e9"/>
      </object_component>
      <object_component id="oc-302">
         <name>.text:PCM_shutdownDevice</name>
         <load_address>0x24d8</load_address>
         <run_address>0x24d8</run_address>
         <size>0x50</size>
         <input_file_ref idref="fl-28"/>
      </object_component>
      <object_component id="oc-281">
         <name>.text:SysCtl_getTLVInfo</name>
         <load_address>0x2528</load_address>
         <run_address>0x2528</run_address>
         <size>0x50</size>
         <input_file_ref idref="fl-2b"/>
      </object_component>
      <object_component id="oc-124">
         <name>.text:GPIO_setAsPeripheralModuleFunctionOutputPin</name>
         <load_address>0x2578</load_address>
         <run_address>0x2578</run_address>
         <size>0x4c</size>
         <input_file_ref idref="fl-25"/>
      </object_component>
      <object_component id="oc-27b">
         <name>.text:_CSGetDOCFrequency</name>
         <load_address>0x25c4</load_address>
         <run_address>0x25c4</run_address>
         <size>0x4c</size>
         <input_file_ref idref="fl-23"/>
      </object_component>
      <object_component id="oc-a8">
         <name>.text</name>
         <load_address>0x2610</load_address>
         <run_address>0x2610</run_address>
         <size>0x4c</size>
         <input_file_ref idref="fl-f8"/>
      </object_component>
      <object_component id="oc-d6">
         <name>.text:GPIO_setAsPeripheralModuleFunctionInputPin</name>
         <load_address>0x265c</load_address>
         <run_address>0x265c</run_address>
         <size>0x48</size>
         <input_file_ref idref="fl-25"/>
      </object_component>
      <object_component id="oc-2df">
         <name>.text:Timer_A_generatePWM</name>
         <load_address>0x26a4</load_address>
         <run_address>0x26a4</run_address>
         <size>0x48</size>
         <input_file_ref idref="fl-2c"/>
      </object_component>
      <object_component id="oc-2aa">
         <name>.text:_CSGetDividerValue</name>
         <load_address>0x26ec</load_address>
         <run_address>0x26ec</run_address>
         <size>0x48</size>
         <input_file_ref idref="fl-23"/>
      </object_component>
      <object_component id="oc-136">
         <name>.text:I2C_initMaster</name>
         <load_address>0x2734</load_address>
         <run_address>0x2734</run_address>
         <size>0x3e</size>
         <input_file_ref idref="fl-26"/>
      </object_component>
      <object_component id="oc-14e">
         <name>.text:I2C_masterSendMultiByteStart</name>
         <load_address>0x2774</load_address>
         <run_address>0x2774</run_address>
         <size>0x38</size>
         <input_file_ref idref="fl-26"/>
      </object_component>
      <object_component id="oc-17b">
         <name>.text:I2C_masterSendMultiByteStop</name>
         <load_address>0x27ac</load_address>
         <run_address>0x27ac</run_address>
         <size>0x30</size>
         <input_file_ref idref="fl-26"/>
      </object_component>
      <object_component id="oc-f4">
         <name>.text:UART_getEnabledInterruptStatus</name>
         <load_address>0x27dc</load_address>
         <run_address>0x27dc</run_address>
         <size>0x30</size>
         <input_file_ref idref="fl-2d"/>
      </object_component>
      <object_component id="oc-34d">
         <name>.text:PCM_getCoreVoltageLevel</name>
         <load_address>0x280c</load_address>
         <run_address>0x280c</run_address>
         <size>0x2c</size>
         <input_file_ref idref="fl-28"/>
      </object_component>
      <object_component id="oc-32c">
         <name>.text:PCM_getPowerMode</name>
         <load_address>0x2838</load_address>
         <run_address>0x2838</run_address>
         <size>0x2a</size>
         <input_file_ref idref="fl-28"/>
      </object_component>
      <object_component id="oc-25b">
         <name>.text:FlashCtl_setWaitState</name>
         <load_address>0x2864</load_address>
         <run_address>0x2864</run_address>
         <size>0x28</size>
         <input_file_ref idref="fl-24"/>
      </object_component>
      <object_component id="oc-314">
         <name>.text:PCM_gotoLPM0</name>
         <load_address>0x288c</load_address>
         <run_address>0x288c</run_address>
         <size>0x28</size>
         <input_file_ref idref="fl-28"/>
      </object_component>
      <object_component id="oc-2b0">
         <name>.text:CS_clearInterruptFlag</name>
         <load_address>0x28b4</load_address>
         <run_address>0x28b4</run_address>
         <size>0x24</size>
         <input_file_ref idref="fl-23"/>
      </object_component>
      <object_component id="oc-26d">
         <name>.text:CS_setDCOCenteredFrequency</name>
         <load_address>0x28d8</load_address>
         <run_address>0x28d8</run_address>
         <size>0x24</size>
         <input_file_ref idref="fl-23"/>
      </object_component>
      <object_component id="oc-18a">
         <name>.text:I2C_masterSendMultiByteNext</name>
         <load_address>0x28fc</load_address>
         <run_address>0x28fc</run_address>
         <size>0x24</size>
         <input_file_ref idref="fl-26"/>
      </object_component>
      <object_component id="oc-345">
         <name>.text:RTC_C_holdClock</name>
         <load_address>0x2920</load_address>
         <run_address>0x2920</run_address>
         <size>0x24</size>
         <input_file_ref idref="fl-29"/>
      </object_component>
      <object_component id="oc-1b5">
         <name>.text:CS_getACLK</name>
         <load_address>0x2944</load_address>
         <run_address>0x2944</run_address>
         <size>0x18</size>
         <input_file_ref idref="fl-23"/>
      </object_component>
      <object_component id="oc-273">
         <name>.text:CS_getMCLK</name>
         <load_address>0x295c</load_address>
         <run_address>0x295c</run_address>
         <size>0x18</size>
         <input_file_ref idref="fl-23"/>
      </object_component>
      <object_component id="oc-11e">
         <name>.text:CS_getSMCLK</name>
         <load_address>0x2974</load_address>
         <run_address>0x2974</run_address>
         <size>0x18</size>
         <input_file_ref idref="fl-23"/>
      </object_component>
      <object_component id="oc-33f">
         <name>.text:WDT_A_holdTimer</name>
         <load_address>0x298c</load_address>
         <run_address>0x298c</run_address>
         <size>0x18</size>
         <input_file_ref idref="fl-2e"/>
      </object_component>
      <object_component id="oc-65">
         <name>.text</name>
         <load_address>0x29a4</load_address>
         <run_address>0x29a4</run_address>
         <size>0x18</size>
         <input_file_ref idref="fl-f5"/>
      </object_component>
      <object_component id="oc-e2">
         <name>.text:UART_enableInterrupt</name>
         <load_address>0x29bc</load_address>
         <run_address>0x29bc</run_address>
         <size>0x16</size>
         <input_file_ref idref="fl-2d"/>
      </object_component>
      <object_component id="oc-12a">
         <name>.text:I2C_isBusBusy</name>
         <load_address>0x29d4</load_address>
         <run_address>0x29d4</run_address>
         <size>0x14</size>
         <input_file_ref idref="fl-26"/>
      </object_component>
      <object_component id="oc-1d4">
         <name>.text</name>
         <load_address>0x29e8</load_address>
         <run_address>0x29e8</run_address>
         <size>0x14</size>
         <input_file_ref idref="fl-f3"/>
      </object_component>
      <object_component id="oc-59">
         <name>.text</name>
         <load_address>0x29fc</load_address>
         <run_address>0x29fc</run_address>
         <size>0x4</size>
         <input_file_ref idref="fl-ef"/>
      </object_component>
      <object_component id="oc-75">
         <name>.text</name>
         <load_address>0x2a00</load_address>
         <run_address>0x2a00</run_address>
         <size>0x12</size>
         <input_file_ref idref="fl-3"/>
      </object_component>
      <object_component id="oc-166">
         <name>.text:I2C_masterReceiveStart</name>
         <load_address>0x2a12</load_address>
         <run_address>0x2a12</run_address>
         <size>0x10</size>
         <input_file_ref idref="fl-26"/>
      </object_component>
      <object_component id="oc-e8">
         <name>.text:Interrupt_enableMaster</name>
         <load_address>0x2a22</load_address>
         <run_address>0x2a22</run_address>
         <size>0x10</size>
         <input_file_ref idref="fl-27"/>
      </object_component>
      <object_component id="oc-2fc">
         <name>.text:PCM_gotoLPM4</name>
         <load_address>0x2a32</load_address>
         <run_address>0x2a32</run_address>
         <size>0x10</size>
         <input_file_ref idref="fl-28"/>
      </object_component>
      <object_component id="oc-175">
         <name>.text:I2C_clearInterruptFlag</name>
         <load_address>0x2a42</load_address>
         <run_address>0x2a42</run_address>
         <size>0xe</size>
         <input_file_ref idref="fl-26"/>
      </object_component>
      <object_component id="oc-154">
         <name>.text:I2C_disableInterrupt</name>
         <load_address>0x2a50</load_address>
         <run_address>0x2a50</run_address>
         <size>0xe</size>
         <input_file_ref idref="fl-26"/>
      </object_component>
      <object_component id="oc-fa">
         <name>.text:UART_clearInterruptFlag</name>
         <load_address>0x2a5e</load_address>
         <run_address>0x2a5e</run_address>
         <size>0xe</size>
         <input_file_ref idref="fl-2d"/>
      </object_component>
      <object_component id="oc-1a">
         <name>.text:decompress:none</name>
         <load_address>0x2a6c</load_address>
         <run_address>0x2a6c</run_address>
         <size>0xe</size>
         <input_file_ref idref="fl-e7"/>
      </object_component>
      <object_component id="oc-1ed">
         <name>.text:CPU_cpsie</name>
         <load_address>0x2a7a</load_address>
         <run_address>0x2a7a</run_address>
         <size>0xc</size>
         <input_file_ref idref="fl-2f"/>
      </object_component>
      <object_component id="oc-130">
         <name>.text:I2C_disableModule</name>
         <load_address>0x2a86</load_address>
         <run_address>0x2a86</run_address>
         <size>0xc</size>
         <input_file_ref idref="fl-26"/>
      </object_component>
      <object_component id="oc-142">
         <name>.text:I2C_enableModule</name>
         <load_address>0x2a92</load_address>
         <run_address>0x2a92</run_address>
         <size>0xc</size>
         <input_file_ref idref="fl-26"/>
      </object_component>
      <object_component id="oc-2f0">
         <name>.text:PCM_getPowerState</name>
         <load_address>0x2aa0</load_address>
         <run_address>0x2aa0</run_address>
         <size>0xc</size>
         <input_file_ref idref="fl-28"/>
      </object_component>
      <object_component id="oc-dc">
         <name>.text:UART_enableModule</name>
         <load_address>0x2aac</load_address>
         <run_address>0x2aac</run_address>
         <size>0xc</size>
         <input_file_ref idref="fl-2d"/>
      </object_component>
      <object_component id="oc-20">
         <name>.text:decompress:ZI</name>
         <load_address>0x2ab8</load_address>
         <run_address>0x2ab8</run_address>
         <size>0xc</size>
         <input_file_ref idref="fl-e8"/>
      </object_component>
      <object_component id="oc-148">
         <name>.text:I2C_enableInterrupt</name>
         <load_address>0x2ac4</load_address>
         <run_address>0x2ac4</run_address>
         <size>0x8</size>
         <input_file_ref idref="fl-26"/>
      </object_component>
      <object_component id="oc-332">
         <name>.text:PCM_setPowerMode</name>
         <load_address>0x2acc</load_address>
         <run_address>0x2acc</run_address>
         <size>0x8</size>
         <input_file_ref idref="fl-28"/>
      </object_component>
      <object_component id="oc-255">
         <name>.text:PCM_setPowerState</name>
         <load_address>0x2ad4</load_address>
         <run_address>0x2ad4</run_address>
         <size>0x8</size>
         <input_file_ref idref="fl-28"/>
      </object_component>
      <object_component id="oc-16f">
         <name>.text:I2C_getEnabledInterruptStatus</name>
         <load_address>0x2adc</load_address>
         <run_address>0x2adc</run_address>
         <size>0x6</size>
         <input_file_ref idref="fl-26"/>
      </object_component>
      <object_component id="oc-160">
         <name>.text:I2C_getInterruptStatus</name>
         <load_address>0x2ae2</load_address>
         <run_address>0x2ae2</run_address>
         <size>0x6</size>
         <input_file_ref idref="fl-26"/>
      </object_component>
      <object_component id="oc-181">
         <name>.text:I2C_masterReceiveMultiByteNext</name>
         <load_address>0x2ae8</load_address>
         <run_address>0x2ae8</run_address>
         <size>0x6</size>
         <input_file_ref idref="fl-26"/>
      </object_component>
      <object_component id="oc-1f9">
         <name>.text:UART_getInterruptStatus</name>
         <load_address>0x2aee</load_address>
         <run_address>0x2aee</run_address>
         <size>0x6</size>
         <input_file_ref idref="fl-2d"/>
      </object_component>
      <object_component id="oc-1f4">
         <name>.const</name>
         <load_address>0x2af4</load_address>
         <run_address>0x2af4</run_address>
         <size>0x40</size>
         <input_file_ref idref="fl-27"/>
      </object_component>
      <object_component id="oc-116">
         <name>.const:$P$T0$1</name>
         <load_address>0x2b34</load_address>
         <run_address>0x2b34</run_address>
         <size>0x24</size>
         <input_file_ref idref="fl-f"/>
      </object_component>
      <object_component id="oc-100">
         <name>.const:$P$T0$1</name>
         <load_address>0x2b58</load_address>
         <run_address>0x2b58</run_address>
         <size>0x24</size>
         <input_file_ref idref="fl-1d"/>
      </object_component>
      <object_component id="oc-119">
         <name>.const:.string:$P$T1$2</name>
         <load_address>0x2b7c</load_address>
         <run_address>0x2b7c</run_address>
         <size>0x1</size>
         <input_file_ref idref="fl-f"/>
      </object_component>
      <object_component id="oc-388">
         <name>.cinit..data.load</name>
         <load_address>0x2b80</load_address>
         <run_address>0x2b80</run_address>
         <size>0x49</size>
      </object_component>
      <object_component id="oc-386">
         <name>__TI_handler_table</name>
         <load_address>0x2bcc</load_address>
         <run_address>0x2bcc</run_address>
         <size>0xc</size>
      </object_component>
      <object_component id="oc-389">
         <name>.cinit..bss.load</name>
         <load_address>0x2bd8</load_address>
         <run_address>0x2bd8</run_address>
         <size>0x8</size>
      </object_component>
      <object_component id="oc-387">
         <name>__TI_cinit_table</name>
         <load_address>0x2be0</load_address>
         <run_address>0x2be0</run_address>
         <size>0x10</size>
      </object_component>
      <object_component id="oc-363">
         <name>.binit</name>
         <load_address>0x0</load_address>
         <run_address>0x0</run_address>
         <size>0x0</size>
      </object_component>
      <object_component id="oc-1c7">
         <name>.data</name>
         <load_address>0x20000060</load_address>
         <run_address>0x20000060</run_address>
         <size>0x2</size>
         <input_file_ref idref="fl-2"/>
      </object_component>
      <object_component id="oc-1e0">
         <name>.data</name>
         <load_address>0x2000005c</load_address>
         <run_address>0x2000005c</run_address>
         <size>0x4</size>
         <input_file_ref idref="fl-4"/>
      </object_component>
      <object_component id="oc-192">
         <name>.data</name>
         <load_address>0x20000062</load_address>
         <run_address>0x20000062</run_address>
         <size>0x1</size>
         <input_file_ref idref="fl-18"/>
      </object_component>
      <object_component id="oc-16c">
         <name>.data:i2cConfig</name>
         <load_address>0x20000030</load_address>
         <run_address>0x20000030</run_address>
         <size>0x14</size>
         <input_file_ref idref="fl-18"/>
      </object_component>
      <object_component id="oc-1e6">
         <name>.data:GPIO_PORT_TO_BASE</name>
         <load_address>0x20000000</load_address>
         <run_address>0x20000000</run_address>
         <size>0x30</size>
         <input_file_ref idref="fl-25"/>
      </object_component>
      <object_component id="oc-be">
         <name>.data:$O1$$</name>
         <load_address>0x20000044</load_address>
         <run_address>0x20000044</run_address>
         <size>0xc</size>
         <input_file_ref idref="fl-e9"/>
      </object_component>
      <object_component id="oc-71">
         <name>.data</name>
         <load_address>0x20000058</load_address>
         <run_address>0x20000058</run_address>
         <size>0x4</size>
         <input_file_ref idref="fl-f1"/>
      </object_component>
      <object_component id="oc-c1">
         <name>.data:$O1$$</name>
         <load_address>0x20000050</load_address>
         <run_address>0x20000050</run_address>
         <size>0x8</size>
         <input_file_ref idref="fl-f3"/>
      </object_component>
      <object_component id="oc-190">
         <name>.common:ui8Status</name>
         <uninitialized>true</uninitialized>
         <run_address>0x2000006b</run_address>
         <size>0x1</size>
      </object_component>
      <object_component id="oc-187">
         <name>.common:pData</name>
         <uninitialized>true</uninitialized>
         <run_address>0x20000078</run_address>
         <size>0x4</size>
      </object_component>
      <object_component id="oc-195">
         <name>.common:ui8DummyRead</name>
         <uninitialized>true</uninitialized>
         <run_address>0x2000006a</run_address>
         <size>0x1</size>
      </object_component>
      <object_component id="oc-191">
         <name>.common:g_ui32ByteCount</name>
         <uninitialized>true</uninitialized>
         <run_address>0x2000006c</run_address>
         <size>0x4</size>
      </object_component>
      <object_component id="oc-103">
         <name>.common:cont_state</name>
         <uninitialized>true</uninitialized>
         <run_address>0x20000064</run_address>
         <size>0x6</size>
      </object_component>
      <object_component id="oc-2b6">
         <name>.common:hfxtFreq</name>
         <uninitialized>true</uninitialized>
         <run_address>0x20000070</run_address>
         <size>0x4</size>
      </object_component>
      <object_component id="oc-2b7">
         <name>.common:lfxtFreq</name>
         <uninitialized>true</uninitialized>
         <run_address>0x20000074</run_address>
         <size>0x4</size>
      </object_component>
      <object_component id="oc-2f">
         <name>.stack</name>
         <uninitialized>true</uninitialized>
         <run_address>0x2000fe00</run_address>
         <size>0x0</size>
         <input_file_ref idref="fl-e5"/>
      </object_component>
      <object_component id="oc-38a">
         <name>.stack</name>
         <uninitialized>true</uninitialized>
         <run_address>0x2000fe00</run_address>
         <size>0x0</size>
      </object_component>
      <object_component id="oc-248">
         <name>.debug_info</name>
         <load_address>0x0</load_address>
         <run_address>0x0</run_address>
         <size>0x7ad</size>
         <input_file_ref idref="fl-2"/>
      </object_component>
      <object_component id="oc-1c8">
         <name>.debug_info</name>
         <load_address>0x7ad</load_address>
         <run_address>0x7ad</run_address>
         <size>0xf2</size>
         <input_file_ref idref="fl-2"/>
      </object_component>
      <object_component id="oc-b7">
         <name>.debug_info</name>
         <load_address>0x89f</load_address>
         <run_address>0x89f</run_address>
         <size>0x20d</size>
         <input_file_ref idref="fl-2"/>
      </object_component>
      <object_component id="oc-10c">
         <name>.debug_info</name>
         <load_address>0xaac</load_address>
         <run_address>0xaac</run_address>
         <size>0x199</size>
         <input_file_ref idref="fl-2"/>
      </object_component>
      <object_component id="oc-23b">
         <name>.debug_info</name>
         <load_address>0xc45</load_address>
         <run_address>0xc45</run_address>
         <size>0x6c</size>
         <input_file_ref idref="fl-2"/>
      </object_component>
      <object_component id="oc-197">
         <name>.debug_info</name>
         <load_address>0xcb1</load_address>
         <run_address>0xcb1</run_address>
         <size>0x37e2</size>
         <input_file_ref idref="fl-2"/>
      </object_component>
      <object_component id="oc-20a">
         <name>.debug_info</name>
         <load_address>0x4493</load_address>
         <run_address>0x4493</run_address>
         <size>0x1055</size>
         <input_file_ref idref="fl-2"/>
      </object_component>
      <object_component id="oc-240">
         <name>.debug_info</name>
         <load_address>0x54e8</load_address>
         <run_address>0x54e8</run_address>
         <size>0x9a</size>
         <input_file_ref idref="fl-2"/>
      </object_component>
      <object_component id="oc-2e6">
         <name>.debug_info</name>
         <load_address>0x5582</load_address>
         <run_address>0x5582</run_address>
         <size>0x341</size>
         <input_file_ref idref="fl-2"/>
      </object_component>
      <object_component id="oc-107">
         <name>.debug_info</name>
         <load_address>0x58c3</load_address>
         <run_address>0x58c3</run_address>
         <size>0x8b</size>
         <input_file_ref idref="fl-2"/>
      </object_component>
      <object_component id="oc-111">
         <name>.debug_info</name>
         <load_address>0x594e</load_address>
         <run_address>0x594e</run_address>
         <size>0x18b</size>
         <input_file_ref idref="fl-2"/>
      </object_component>
      <object_component id="oc-2bd">
         <name>.debug_info</name>
         <load_address>0x5ad9</load_address>
         <run_address>0x5ad9</run_address>
         <size>0x338</size>
         <input_file_ref idref="fl-2"/>
      </object_component>
      <object_component id="oc-20f">
         <name>.debug_info</name>
         <load_address>0x5e11</load_address>
         <run_address>0x5e11</run_address>
         <size>0xee</size>
         <input_file_ref idref="fl-2"/>
      </object_component>
      <object_component id="oc-8f">
         <name>.debug_info</name>
         <load_address>0x5eff</load_address>
         <run_address>0x5eff</run_address>
         <size>0x2be</size>
         <input_file_ref idref="fl-3"/>
      </object_component>
      <object_component id="oc-2d">
         <name>.debug_info</name>
         <load_address>0x61bd</load_address>
         <run_address>0x61bd</run_address>
         <size>0xfc</size>
         <input_file_ref idref="fl-3"/>
      </object_component>
      <object_component id="oc-76">
         <name>.debug_info</name>
         <load_address>0x62b9</load_address>
         <run_address>0x62b9</run_address>
         <size>0x1c3</size>
         <input_file_ref idref="fl-3"/>
      </object_component>
      <object_component id="oc-36">
         <name>.debug_info</name>
         <load_address>0x647c</load_address>
         <run_address>0x647c</run_address>
         <size>0x84</size>
         <input_file_ref idref="fl-3"/>
      </object_component>
      <object_component id="oc-1e1">
         <name>.debug_info</name>
         <load_address>0x6500</load_address>
         <run_address>0x6500</run_address>
         <size>0xf5</size>
         <input_file_ref idref="fl-4"/>
      </object_component>
      <object_component id="oc-ca">
         <name>.debug_info</name>
         <load_address>0x65f5</load_address>
         <run_address>0x65f5</run_address>
         <size>0x267</size>
         <input_file_ref idref="fl-4"/>
      </object_component>
      <object_component id="oc-9f">
         <name>.debug_info</name>
         <load_address>0x685c</load_address>
         <run_address>0x685c</run_address>
         <size>0x2c</size>
         <input_file_ref idref="fl-5"/>
      </object_component>
      <object_component id="oc-2da">
         <name>.debug_info</name>
         <load_address>0x6888</load_address>
         <run_address>0x6888</run_address>
         <size>0x1b5</size>
         <input_file_ref idref="fl-6"/>
      </object_component>
      <object_component id="oc-1b2">
         <name>.debug_info</name>
         <load_address>0x6a3d</load_address>
         <run_address>0x6a3d</run_address>
         <size>0x3b0</size>
         <input_file_ref idref="fl-8"/>
      </object_component>
      <object_component id="oc-2a9">
         <name>.debug_info</name>
         <load_address>0x6ded</load_address>
         <run_address>0x6ded</run_address>
         <size>0x649</size>
         <input_file_ref idref="fl-d"/>
      </object_component>
      <object_component id="oc-205">
         <name>.debug_info</name>
         <load_address>0x7436</load_address>
         <run_address>0x7436</run_address>
         <size>0x37e2</size>
         <input_file_ref idref="fl-d"/>
      </object_component>
      <object_component id="oc-11d">
         <name>.debug_info</name>
         <load_address>0xac18</load_address>
         <run_address>0xac18</run_address>
         <size>0x733</size>
         <input_file_ref idref="fl-f"/>
      </object_component>
      <object_component id="oc-117">
         <name>.debug_info</name>
         <load_address>0xb34b</load_address>
         <run_address>0xb34b</run_address>
         <size>0x116</size>
         <input_file_ref idref="fl-f"/>
      </object_component>
      <object_component id="oc-11a">
         <name>.debug_info</name>
         <load_address>0xb461</load_address>
         <run_address>0xb461</run_address>
         <size>0x116</size>
         <input_file_ref idref="fl-f"/>
      </object_component>
      <object_component id="oc-82">
         <name>.debug_info</name>
         <load_address>0xb577</load_address>
         <run_address>0xb577</run_address>
         <size>0x918</size>
         <input_file_ref idref="fl-f"/>
      </object_component>
      <object_component id="oc-21a">
         <name>.debug_info</name>
         <load_address>0xbe8f</load_address>
         <run_address>0xbe8f</run_address>
         <size>0x37e2</size>
         <input_file_ref idref="fl-f"/>
      </object_component>
      <object_component id="oc-188">
         <name>.debug_info</name>
         <load_address>0xf671</load_address>
         <run_address>0xf671</run_address>
         <size>0xb4a</size>
         <input_file_ref idref="fl-18"/>
      </object_component>
      <object_component id="oc-193">
         <name>.debug_info</name>
         <load_address>0x101bb</load_address>
         <run_address>0x101bb</run_address>
         <size>0x121</size>
         <input_file_ref idref="fl-18"/>
      </object_component>
      <object_component id="oc-16d">
         <name>.debug_info</name>
         <load_address>0x102dc</load_address>
         <run_address>0x102dc</run_address>
         <size>0x121</size>
         <input_file_ref idref="fl-18"/>
      </object_component>
      <object_component id="oc-88">
         <name>.debug_info</name>
         <load_address>0x103fd</load_address>
         <run_address>0x103fd</run_address>
         <size>0xdc9</size>
         <input_file_ref idref="fl-18"/>
      </object_component>
      <object_component id="oc-1c4">
         <name>.debug_info</name>
         <load_address>0x111c6</load_address>
         <run_address>0x111c6</run_address>
         <size>0x1380</size>
         <input_file_ref idref="fl-19"/>
      </object_component>
      <object_component id="oc-2eb">
         <name>.debug_info</name>
         <load_address>0x12546</load_address>
         <run_address>0x12546</run_address>
         <size>0x61f</size>
         <input_file_ref idref="fl-1b"/>
      </object_component>
      <object_component id="oc-28c">
         <name>.debug_info</name>
         <load_address>0x12b65</load_address>
         <run_address>0x12b65</run_address>
         <size>0x8bd</size>
         <input_file_ref idref="fl-1b"/>
      </object_component>
      <object_component id="oc-104">
         <name>.debug_info</name>
         <load_address>0x13422</load_address>
         <run_address>0x13422</run_address>
         <size>0x7c8</size>
         <input_file_ref idref="fl-1d"/>
      </object_component>
      <object_component id="oc-101">
         <name>.debug_info</name>
         <load_address>0x13bea</load_address>
         <run_address>0x13bea</run_address>
         <size>0x116</size>
         <input_file_ref idref="fl-1d"/>
      </object_component>
      <object_component id="oc-7d">
         <name>.debug_info</name>
         <load_address>0x13d00</load_address>
         <run_address>0x13d00</run_address>
         <size>0x65c</size>
         <input_file_ref idref="fl-1d"/>
      </object_component>
      <object_component id="oc-288">
         <name>.debug_info</name>
         <load_address>0x1435c</load_address>
         <run_address>0x1435c</run_address>
         <size>0x5ef</size>
         <input_file_ref idref="fl-23"/>
      </object_component>
      <object_component id="oc-2cc">
         <name>.debug_info</name>
         <load_address>0x1494b</load_address>
         <run_address>0x1494b</run_address>
         <size>0x17e</size>
         <input_file_ref idref="fl-23"/>
      </object_component>
      <object_component id="oc-26e">
         <name>.debug_info</name>
         <load_address>0x14ac9</load_address>
         <run_address>0x14ac9</run_address>
         <size>0x132</size>
         <input_file_ref idref="fl-23"/>
      </object_component>
      <object_component id="oc-262">
         <name>.debug_info</name>
         <load_address>0x14bfb</load_address>
         <run_address>0x14bfb</run_address>
         <size>0x22b</size>
         <input_file_ref idref="fl-23"/>
      </object_component>
      <object_component id="oc-268">
         <name>.debug_info</name>
         <load_address>0x14e26</load_address>
         <run_address>0x14e26</run_address>
         <size>0x1b9</size>
         <input_file_ref idref="fl-23"/>
      </object_component>
      <object_component id="oc-2ab">
         <name>.debug_info</name>
         <load_address>0x14fdf</load_address>
         <run_address>0x14fdf</run_address>
         <size>0x131</size>
         <input_file_ref idref="fl-23"/>
      </object_component>
      <object_component id="oc-27c">
         <name>.debug_info</name>
         <load_address>0x15110</load_address>
         <run_address>0x15110</run_address>
         <size>0x129</size>
         <input_file_ref idref="fl-23"/>
      </object_component>
      <object_component id="oc-1bc">
         <name>.debug_info</name>
         <load_address>0x15239</load_address>
         <run_address>0x15239</run_address>
         <size>0x1dd</size>
         <input_file_ref idref="fl-23"/>
      </object_component>
      <object_component id="oc-2b1">
         <name>.debug_info</name>
         <load_address>0x15416</load_address>
         <run_address>0x15416</run_address>
         <size>0x120</size>
         <input_file_ref idref="fl-23"/>
      </object_component>
      <object_component id="oc-220">
         <name>.debug_info</name>
         <load_address>0x15536</load_address>
         <run_address>0x15536</run_address>
         <size>0x1d8</size>
         <input_file_ref idref="fl-23"/>
      </object_component>
      <object_component id="oc-11f">
         <name>.debug_info</name>
         <load_address>0x1570e</load_address>
         <run_address>0x1570e</run_address>
         <size>0x132</size>
         <input_file_ref idref="fl-23"/>
      </object_component>
      <object_component id="oc-274">
         <name>.debug_info</name>
         <load_address>0x15840</load_address>
         <run_address>0x15840</run_address>
         <size>0x130</size>
         <input_file_ref idref="fl-23"/>
      </object_component>
      <object_component id="oc-1b6">
         <name>.debug_info</name>
         <load_address>0x15970</load_address>
         <run_address>0x15970</run_address>
         <size>0x130</size>
         <input_file_ref idref="fl-23"/>
      </object_component>
      <object_component id="oc-29a">
         <name>.debug_info</name>
         <load_address>0x15aa0</load_address>
         <run_address>0x15aa0</run_address>
         <size>0x103e</size>
         <input_file_ref idref="fl-23"/>
      </object_component>
      <object_component id="oc-2ca">
         <name>.debug_info</name>
         <load_address>0x16ade</load_address>
         <run_address>0x16ade</run_address>
         <size>0x5c8</size>
         <input_file_ref idref="fl-24"/>
      </object_component>
      <object_component id="oc-25e">
         <name>.debug_info</name>
         <load_address>0x170a6</load_address>
         <run_address>0x170a6</run_address>
         <size>0x175</size>
         <input_file_ref idref="fl-24"/>
      </object_component>
      <object_component id="oc-1ea">
         <name>.debug_info</name>
         <load_address>0x1721b</load_address>
         <run_address>0x1721b</run_address>
         <size>0x4a4</size>
         <input_file_ref idref="fl-25"/>
      </object_component>
      <object_component id="oc-1e7">
         <name>.debug_info</name>
         <load_address>0x176bf</load_address>
         <run_address>0x176bf</run_address>
         <size>0xd0</size>
         <input_file_ref idref="fl-25"/>
      </object_component>
      <object_component id="oc-127">
         <name>.debug_info</name>
         <load_address>0x1778f</load_address>
         <run_address>0x1778f</run_address>
         <size>0x1dd</size>
         <input_file_ref idref="fl-25"/>
      </object_component>
      <object_component id="oc-d9">
         <name>.debug_info</name>
         <load_address>0x1796c</load_address>
         <run_address>0x1796c</run_address>
         <size>0x1db</size>
         <input_file_ref idref="fl-25"/>
      </object_component>
      <object_component id="oc-228">
         <name>.debug_info</name>
         <load_address>0x17b47</load_address>
         <run_address>0x17b47</run_address>
         <size>0x4ac</size>
         <input_file_ref idref="fl-26"/>
      </object_component>
      <object_component id="oc-13f">
         <name>.debug_info</name>
         <load_address>0x17ff3</load_address>
         <run_address>0x17ff3</run_address>
         <size>0x182</size>
         <input_file_ref idref="fl-26"/>
      </object_component>
      <object_component id="oc-17e">
         <name>.debug_info</name>
         <load_address>0x18175</load_address>
         <run_address>0x18175</run_address>
         <size>0x153</size>
         <input_file_ref idref="fl-26"/>
      </object_component>
      <object_component id="oc-151">
         <name>.debug_info</name>
         <load_address>0x182c8</load_address>
         <run_address>0x182c8</run_address>
         <size>0x19c</size>
         <input_file_ref idref="fl-26"/>
      </object_component>
      <object_component id="oc-18d">
         <name>.debug_info</name>
         <load_address>0x18464</load_address>
         <run_address>0x18464</run_address>
         <size>0x17d</size>
         <input_file_ref idref="fl-26"/>
      </object_component>
      <object_component id="oc-169">
         <name>.debug_info</name>
         <load_address>0x185e1</load_address>
         <run_address>0x185e1</run_address>
         <size>0x149</size>
         <input_file_ref idref="fl-26"/>
      </object_component>
      <object_component id="oc-184">
         <name>.debug_info</name>
         <load_address>0x1872a</load_address>
         <run_address>0x1872a</run_address>
         <size>0x15d</size>
         <input_file_ref idref="fl-26"/>
      </object_component>
      <object_component id="oc-12d">
         <name>.debug_info</name>
         <load_address>0x18887</load_address>
         <run_address>0x18887</run_address>
         <size>0x138</size>
         <input_file_ref idref="fl-26"/>
      </object_component>
      <object_component id="oc-139">
         <name>.debug_info</name>
         <load_address>0x189bf</load_address>
         <run_address>0x189bf</run_address>
         <size>0x160</size>
         <input_file_ref idref="fl-26"/>
      </object_component>
      <object_component id="oc-164">
         <name>.debug_info</name>
         <load_address>0x18b1f</load_address>
         <run_address>0x18b1f</run_address>
         <size>0x16f</size>
         <input_file_ref idref="fl-26"/>
      </object_component>
      <object_component id="oc-173">
         <name>.debug_info</name>
         <load_address>0x18c8e</load_address>
         <run_address>0x18c8e</run_address>
         <size>0x173</size>
         <input_file_ref idref="fl-26"/>
      </object_component>
      <object_component id="oc-146">
         <name>.debug_info</name>
         <load_address>0x18e01</load_address>
         <run_address>0x18e01</run_address>
         <size>0x13a</size>
         <input_file_ref idref="fl-26"/>
      </object_component>
      <object_component id="oc-14c">
         <name>.debug_info</name>
         <load_address>0x18f3b</load_address>
         <run_address>0x18f3b</run_address>
         <size>0x165</size>
         <input_file_ref idref="fl-26"/>
      </object_component>
      <object_component id="oc-134">
         <name>.debug_info</name>
         <load_address>0x190a0</load_address>
         <run_address>0x190a0</run_address>
         <size>0x13c</size>
         <input_file_ref idref="fl-26"/>
      </object_component>
      <object_component id="oc-158">
         <name>.debug_info</name>
         <load_address>0x191dc</load_address>
         <run_address>0x191dc</run_address>
         <size>0x167</size>
         <input_file_ref idref="fl-26"/>
      </object_component>
      <object_component id="oc-179">
         <name>.debug_info</name>
         <load_address>0x19343</load_address>
         <run_address>0x19343</run_address>
         <size>0x16b</size>
         <input_file_ref idref="fl-26"/>
      </object_component>
      <object_component id="oc-1f8">
         <name>.debug_info</name>
         <load_address>0x194ae</load_address>
         <run_address>0x194ae</run_address>
         <size>0x432</size>
         <input_file_ref idref="fl-27"/>
      </object_component>
      <object_component id="oc-1f5">
         <name>.debug_info</name>
         <load_address>0x198e0</load_address>
         <run_address>0x198e0</run_address>
         <size>0x173</size>
         <input_file_ref idref="fl-27"/>
      </object_component>
      <object_component id="oc-eb">
         <name>.debug_info</name>
         <load_address>0x19a53</load_address>
         <run_address>0x19a53</run_address>
         <size>0x122</size>
         <input_file_ref idref="fl-27"/>
      </object_component>
      <object_component id="oc-f1">
         <name>.debug_info</name>
         <load_address>0x19b75</load_address>
         <run_address>0x19b75</run_address>
         <size>0x16b</size>
         <input_file_ref idref="fl-27"/>
      </object_component>
      <object_component id="oc-15d">
         <name>.debug_info</name>
         <load_address>0x19ce0</load_address>
         <run_address>0x19ce0</run_address>
         <size>0x16d</size>
         <input_file_ref idref="fl-27"/>
      </object_component>
      <object_component id="oc-31b">
         <name>.debug_info</name>
         <load_address>0x19e4d</load_address>
         <run_address>0x19e4d</run_address>
         <size>0x560</size>
         <input_file_ref idref="fl-28"/>
      </object_component>
      <object_component id="oc-306">
         <name>.debug_info</name>
         <load_address>0x1a3ad</load_address>
         <run_address>0x1a3ad</run_address>
         <size>0x174</size>
         <input_file_ref idref="fl-28"/>
      </object_component>
      <object_component id="oc-2f4">
         <name>.debug_info</name>
         <load_address>0x1a521</load_address>
         <run_address>0x1a521</run_address>
         <size>0xf9</size>
         <input_file_ref idref="fl-28"/>
      </object_component>
      <object_component id="oc-330">
         <name>.debug_info</name>
         <load_address>0x1a61a</load_address>
         <run_address>0x1a61a</run_address>
         <size>0x112</size>
         <input_file_ref idref="fl-28"/>
      </object_component>
      <object_component id="oc-311">
         <name>.debug_info</name>
         <load_address>0x1a72c</load_address>
         <run_address>0x1a72c</run_address>
         <size>0x291</size>
         <input_file_ref idref="fl-28"/>
      </object_component>
      <object_component id="oc-335">
         <name>.debug_info</name>
         <load_address>0x1a9bd</load_address>
         <run_address>0x1a9bd</run_address>
         <size>0x12e</size>
         <input_file_ref idref="fl-28"/>
      </object_component>
      <object_component id="oc-258">
         <name>.debug_info</name>
         <load_address>0x1aaeb</load_address>
         <run_address>0x1aaeb</run_address>
         <size>0x133</size>
         <input_file_ref idref="fl-28"/>
      </object_component>
      <object_component id="oc-2f8">
         <name>.debug_info</name>
         <load_address>0x1ac1e</load_address>
         <run_address>0x1ac1e</run_address>
         <size>0x1b7</size>
         <input_file_ref idref="fl-28"/>
      </object_component>
      <object_component id="oc-2fe">
         <name>.debug_info</name>
         <load_address>0x1add5</load_address>
         <run_address>0x1add5</run_address>
         <size>0x12e</size>
         <input_file_ref idref="fl-28"/>
      </object_component>
      <object_component id="oc-34f">
         <name>.debug_info</name>
         <load_address>0x1af03</load_address>
         <run_address>0x1af03</run_address>
         <size>0x120</size>
         <input_file_ref idref="fl-28"/>
      </object_component>
      <object_component id="oc-30a">
         <name>.debug_info</name>
         <load_address>0x1b023</load_address>
         <run_address>0x1b023</run_address>
         <size>0x311</size>
         <input_file_ref idref="fl-28"/>
      </object_component>
      <object_component id="oc-316">
         <name>.debug_info</name>
         <load_address>0x1b334</load_address>
         <run_address>0x1b334</run_address>
         <size>0xfd</size>
         <input_file_ref idref="fl-28"/>
      </object_component>
      <object_component id="oc-2c4">
         <name>.debug_info</name>
         <load_address>0x1b431</load_address>
         <run_address>0x1b431</run_address>
         <size>0x54c</size>
         <input_file_ref idref="fl-28"/>
      </object_component>
      <object_component id="oc-346">
         <name>.debug_info</name>
         <load_address>0x1b97d</load_address>
         <run_address>0x1b97d</run_address>
         <size>0xf4</size>
         <input_file_ref idref="fl-29"/>
      </object_component>
      <object_component id="oc-2d7">
         <name>.debug_info</name>
         <load_address>0x1ba71</load_address>
         <run_address>0x1ba71</run_address>
         <size>0x379</size>
         <input_file_ref idref="fl-2b"/>
      </object_component>
      <object_component id="oc-282">
         <name>.debug_info</name>
         <load_address>0x1bdea</load_address>
         <run_address>0x1bdea</run_address>
         <size>0x1d6</size>
         <input_file_ref idref="fl-2b"/>
      </object_component>
      <object_component id="oc-328">
         <name>.debug_info</name>
         <load_address>0x1bfc0</load_address>
         <run_address>0x1bfc0</run_address>
         <size>0x4f5</size>
         <input_file_ref idref="fl-2c"/>
      </object_component>
      <object_component id="oc-322">
         <name>.debug_info</name>
         <load_address>0x1c4b5</load_address>
         <run_address>0x1c4b5</run_address>
         <size>0x1af</size>
         <input_file_ref idref="fl-2c"/>
      </object_component>
      <object_component id="oc-2e0">
         <name>.debug_info</name>
         <load_address>0x1c664</load_address>
         <run_address>0x1c664</run_address>
         <size>0x192</size>
         <input_file_ref idref="fl-2c"/>
      </object_component>
      <object_component id="oc-1e5">
         <name>.debug_info</name>
         <load_address>0x1c7f6</load_address>
         <run_address>0x1c7f6</run_address>
         <size>0x498</size>
         <input_file_ref idref="fl-2d"/>
      </object_component>
      <object_component id="oc-d1">
         <name>.debug_info</name>
         <load_address>0x1cc8e</load_address>
         <run_address>0x1cc8e</run_address>
         <size>0x169</size>
         <input_file_ref idref="fl-2d"/>
      </object_component>
      <object_component id="oc-1fa">
         <name>.debug_info</name>
         <load_address>0x1cdf7</load_address>
         <run_address>0x1cdf7</run_address>
         <size>0x174</size>
         <input_file_ref idref="fl-2d"/>
      </object_component>
      <object_component id="oc-f5">
         <name>.debug_info</name>
         <load_address>0x1cf6b</load_address>
         <run_address>0x1cf6b</run_address>
         <size>0x1d3</size>
         <input_file_ref idref="fl-2d"/>
      </object_component>
      <object_component id="oc-dd">
         <name>.debug_info</name>
         <load_address>0x1d13e</load_address>
         <run_address>0x1d13e</run_address>
         <size>0x13f</size>
         <input_file_ref idref="fl-2d"/>
      </object_component>
      <object_component id="oc-e3">
         <name>.debug_info</name>
         <load_address>0x1d27d</load_address>
         <run_address>0x1d27d</run_address>
         <size>0x168</size>
         <input_file_ref idref="fl-2d"/>
      </object_component>
      <object_component id="oc-fb">
         <name>.debug_info</name>
         <load_address>0x1d3e5</load_address>
         <run_address>0x1d3e5</run_address>
         <size>0x170</size>
         <input_file_ref idref="fl-2d"/>
      </object_component>
      <object_component id="oc-343">
         <name>.debug_info</name>
         <load_address>0x1d555</load_address>
         <run_address>0x1d555</run_address>
         <size>0x115</size>
         <input_file_ref idref="fl-2e"/>
      </object_component>
      <object_component id="oc-339">
         <name>.debug_info</name>
         <load_address>0x1d66a</load_address>
         <run_address>0x1d66a</run_address>
         <size>0xe1</size>
         <input_file_ref idref="fl-2f"/>
      </object_component>
      <object_component id="oc-1ef">
         <name>.debug_info</name>
         <load_address>0x1d74b</load_address>
         <run_address>0x1d74b</run_address>
         <size>0xe7</size>
         <input_file_ref idref="fl-2f"/>
      </object_component>
      <object_component id="oc-27">
         <name>.debug_info</name>
         <load_address>0x1d832</load_address>
         <run_address>0x1d832</run_address>
         <size>0x160</size>
         <input_file_ref idref="fl-e5"/>
      </object_component>
      <object_component id="oc-95">
         <name>.debug_info</name>
         <load_address>0x1d992</load_address>
         <run_address>0x1d992</run_address>
         <size>0x293</size>
         <input_file_ref idref="fl-e6"/>
      </object_component>
      <object_component id="oc-17">
         <name>.debug_info</name>
         <load_address>0x1dc25</load_address>
         <run_address>0x1dc25</run_address>
         <size>0x245</size>
         <input_file_ref idref="fl-e6"/>
      </object_component>
      <object_component id="oc-31">
         <name>.debug_info</name>
         <load_address>0x1de6a</load_address>
         <run_address>0x1de6a</run_address>
         <size>0x60</size>
         <input_file_ref idref="fl-e6"/>
      </object_component>
      <object_component id="oc-90">
         <name>.debug_info</name>
         <load_address>0x1deca</load_address>
         <run_address>0x1deca</run_address>
         <size>0x46</size>
         <input_file_ref idref="fl-e6"/>
      </object_component>
      <object_component id="oc-46">
         <name>.debug_info</name>
         <load_address>0x1df10</load_address>
         <run_address>0x1df10</run_address>
         <size>0x2da</size>
         <input_file_ref idref="fl-e7"/>
      </object_component>
      <object_component id="oc-1c">
         <name>.debug_info</name>
         <load_address>0x1e1ea</load_address>
         <run_address>0x1e1ea</run_address>
         <size>0x1df</size>
         <input_file_ref idref="fl-e7"/>
      </object_component>
      <object_component id="oc-41">
         <name>.debug_info</name>
         <load_address>0x1e3c9</load_address>
         <run_address>0x1e3c9</run_address>
         <size>0x46</size>
         <input_file_ref idref="fl-e7"/>
      </object_component>
      <object_component id="oc-97">
         <name>.debug_info</name>
         <load_address>0x1e40f</load_address>
         <run_address>0x1e40f</run_address>
         <size>0x2c</size>
         <input_file_ref idref="fl-e7"/>
      </object_component>
      <object_component id="oc-52">
         <name>.debug_info</name>
         <load_address>0x1e43b</load_address>
         <run_address>0x1e43b</run_address>
         <size>0x2c9</size>
         <input_file_ref idref="fl-e8"/>
      </object_component>
      <object_component id="oc-21">
         <name>.debug_info</name>
         <load_address>0x1e704</load_address>
         <run_address>0x1e704</run_address>
         <size>0x1aa</size>
         <input_file_ref idref="fl-e8"/>
      </object_component>
      <object_component id="oc-4d">
         <name>.debug_info</name>
         <load_address>0x1e8ae</load_address>
         <run_address>0x1e8ae</run_address>
         <size>0x46</size>
         <input_file_ref idref="fl-e8"/>
      </object_component>
      <object_component id="oc-c5">
         <name>.debug_info</name>
         <load_address>0x1e8f4</load_address>
         <run_address>0x1e8f4</run_address>
         <size>0x3ce</size>
         <input_file_ref idref="fl-e9"/>
      </object_component>
      <object_component id="oc-bf">
         <name>.debug_info</name>
         <load_address>0x1ecc2</load_address>
         <run_address>0x1ecc2</run_address>
         <size>0x185</size>
         <input_file_ref idref="fl-e9"/>
      </object_component>
      <object_component id="oc-6c">
         <name>.debug_info</name>
         <load_address>0x1ee47</load_address>
         <run_address>0x1ee47</run_address>
         <size>0x214</size>
         <input_file_ref idref="fl-e9"/>
      </object_component>
      <object_component id="oc-3c">
         <name>.debug_info</name>
         <load_address>0x1f05b</load_address>
         <run_address>0x1f05b</run_address>
         <size>0x111</size>
         <input_file_ref idref="fl-ec"/>
      </object_component>
      <object_component id="oc-48">
         <name>.debug_info</name>
         <load_address>0x1f16c</load_address>
         <run_address>0x1f16c</run_address>
         <size>0x13f</size>
         <input_file_ref idref="fl-ed"/>
      </object_component>
      <object_component id="oc-55">
         <name>.debug_info</name>
         <load_address>0x1f2ab</load_address>
         <run_address>0x1f2ab</run_address>
         <size>0x138</size>
         <input_file_ref idref="fl-ee"/>
      </object_component>
      <object_component id="oc-5b">
         <name>.debug_info</name>
         <load_address>0x1f3e3</load_address>
         <run_address>0x1f3e3</run_address>
         <size>0x148</size>
         <input_file_ref idref="fl-ef"/>
      </object_component>
      <object_component id="oc-72">
         <name>.debug_info</name>
         <load_address>0x1f52b</load_address>
         <run_address>0x1f52b</run_address>
         <size>0x109</size>
         <input_file_ref idref="fl-f1"/>
      </object_component>
      <object_component id="oc-1dc">
         <name>.debug_info</name>
         <load_address>0x1f634</load_address>
         <run_address>0x1f634</run_address>
         <size>0x2be</size>
         <input_file_ref idref="fl-f3"/>
      </object_component>
      <object_component id="oc-c2">
         <name>.debug_info</name>
         <load_address>0x1f8f2</load_address>
         <run_address>0x1f8f2</run_address>
         <size>0x113</size>
         <input_file_ref idref="fl-f3"/>
      </object_component>
      <object_component id="oc-1d5">
         <name>.debug_info</name>
         <load_address>0x1fa05</load_address>
         <run_address>0x1fa05</run_address>
         <size>0x21f</size>
         <input_file_ref idref="fl-f3"/>
      </object_component>
      <object_component id="oc-bd">
         <name>.debug_info</name>
         <load_address>0x1fc24</load_address>
         <run_address>0x1fc24</run_address>
         <size>0x300</size>
         <input_file_ref idref="fl-f5"/>
      </object_component>
      <object_component id="oc-66">
[...]
      <symbol id="sm-241">
         <name>EUSCIA2_IRQHandler</name>
         <value>0x1379</value>
         <object_component_ref idref="oc-7b"/>
      </symbol>
      <symbol id="sm-324">
         <name>CS_getACLK</name>
         <value>0x2945</value>
         <object_component_ref idref="oc-1b5"/>
      </symbol>
      <symbol id="sm-325">
         <name>CS_getMCLK</name>
         <value>0x295d</value>
         <object_component_ref idref="oc-273"/>
      </symbol>
      <symbol id="sm-326">
         <name>CS_clearInterruptFlag</name>
         <value>0x28b5</value>
         <object_component_ref idref="oc-2b0"/>
      </symbol>
      <symbol id="sm-327">
         <name>CS_setDCOFrequency</name>
         <value>0x17ad</value>
         <object_component_ref idref="oc-261"/>
      </symbol>
      <symbol id="sm-328">
         <name>CS_getDCOFrequency</name>
         <value>0x1a05</value>
         <object_component_ref idref="oc-1bb"/>
      </symbol>
      <symbol id="sm-329">
         <name>CS_getSMCLK</name>
         <value>0x2975</value>
         <object_component_ref idref="oc-11e"/>
      </symbol>
      <symbol id="sm-32a">
         <name>CS_setDCOCenteredFrequency</name>
         <value>0x28d9</value>
         <object_component_ref idref="oc-26d"/>
      </symbol>
      <symbol id="sm-32b">
         <name>CS_tuneDCOFrequency</name>
         <value>0x23dd</value>
         <object_component_ref idref="oc-2cb"/>
      </symbol>
      <symbol id="sm-32c">
         <name>CS_initClockSignal</name>
         <value>0x1bf1</value>
         <object_component_ref idref="oc-267"/>
      </symbol>
      <symbol id="sm-33d">
         <name>FlashCtl_setWaitState</name>
         <value>0x2865</value>
         <object_component_ref idref="oc-25b"/>
      </symbol>
      <symbol id="sm-367">
         <name>GPIO_setAsPeripheralModuleFunctionOutputPin</name>
         <value>0x2579</value>
         <object_component_ref idref="oc-124"/>
      </symbol>
      <symbol id="sm-368">
         <name>GPIO_setAsPeripheralModuleFunctionInputPin</name>
         <value>0x265d</value>
         <object_component_ref idref="oc-d6"/>
      </symbol>
      <symbol id="sm-3f3">
         <name>I2C_masterSendMultiByteStop</name>
         <value>0x27ad</value>
         <object_component_ref idref="oc-17b"/>
      </symbol>
      <symbol id="sm-3f4">
         <name>I2C_masterSendMultiByteNext</name>
         <value>0x28fd</value>
         <object_component_ref idref="oc-18a"/>
      </symbol>
      <symbol id="sm-3f5">
         <name>I2C_disableInterrupt</name>
         <value>0x2a51</value>
         <object_component_ref idref="oc-154"/>
      </symbol>
      <symbol id="sm-3f6">
         <name>I2C_masterSendMultiByteStart</name>
         <value>0x2775</value>
         <object_component_ref idref="oc-14e"/>
      </symbol>
      <symbol id="sm-3f7">
         <name>I2C_getEnabledInterruptStatus</name>
         <value>0x2add</value>
         <object_component_ref idref="oc-16f"/>
      </symbol>
      <symbol id="sm-3f8">
         <name>I2C_masterReceiveMultiByteNext</name>
         <value>0x2ae9</value>
         <object_component_ref idref="oc-181"/>
      </symbol>
      <symbol id="sm-3f9">
         <name>I2C_getInterruptStatus</name>
         <value>0x2ae3</value>
         <object_component_ref idref="oc-160"/>
      </symbol>
      <symbol id="sm-3fa">
         <name>I2C_isBusBusy</name>
         <value>0x29d5</value>
         <object_component_ref idref="oc-12a"/>
      </symbol>
      <symbol id="sm-3fb">
         <name>I2C_enableModule</name>
         <value>0x2a93</value>
         <object_component_ref idref="oc-142"/>
      </symbol>
      <symbol id="sm-3fc">
         <name>I2C_masterReceiveStart</name>
         <value>0x2a13</value>
         <object_component_ref idref="oc-166"/>
      </symbol>
      <symbol id="sm-3fd">
         <name>I2C_clearInterruptFlag</name>
         <value>0x2a43</value>
         <object_component_ref idref="oc-175"/>
      </symbol>
      <symbol id="sm-3fe">
         <name>I2C_setSlaveAddress</name>
         <value>0x22ad</value>
         <object_component_ref idref="oc-13c"/>
      </symbol>
      <symbol id="sm-3ff">
         <name>I2C_initMaster</name>
         <value>0x2735</value>
         <object_component_ref idref="oc-136"/>
      </symbol>
      <symbol id="sm-400">
         <name>I2C_enableInterrupt</name>
         <value>0x2ac5</value>
         <object_component_ref idref="oc-148"/>
      </symbol>
      <symbol id="sm-401">
         <name>I2C_disableModule</name>
         <value>0x2a87</value>
         <object_component_ref idref="oc-130"/>
      </symbol>
      <symbol id="sm-444">
         <name>Interrupt_disableInterrupt</name>
         <value>0x2315</value>
         <object_component_ref idref="oc-15a"/>
      </symbol>
      <symbol id="sm-445">
         <name>Interrupt_enableMaster</name>
         <value>0x2a23</value>
         <object_component_ref idref="oc-e8"/>
      </symbol>
      <symbol id="sm-446">
         <name>Interrupt_enableInterrupt</name>
         <value>0x2379</value>
         <object_component_ref idref="oc-ee"/>
      </symbol>
      <symbol id="sm-503">
         <name>PCM_getCoreVoltageLevel</name>
         <value>0x280d</value>
         <object_component_ref idref="oc-34d"/>
      </symbol>
      <symbol id="sm-504">
         <name>PCM_shutdownDevice</name>
         <value>0x24d9</value>
         <object_component_ref idref="oc-302"/>
      </symbol>
      <symbol id="sm-505">
         <name>PCM_setPowerState</name>
         <value>0x2ad5</value>
         <object_component_ref idref="oc-255"/>
      </symbol>
      <symbol id="sm-506">
         <name>PCM_getPowerMode</name>
         <value>0x2839</value>
         <object_component_ref idref="oc-32c"/>
      </symbol>
      <symbol id="sm-507">
         <name>PCM_getPowerState</name>
         <value>0x2aa1</value>
         <object_component_ref idref="oc-2f0"/>
      </symbol>
      <symbol id="sm-508">
         <name>PCM_gotoLPM4</name>
         <value>0x2a33</value>
         <object_component_ref idref="oc-2fc"/>
      </symbol>
      <symbol id="sm-509">
         <name>PCM_gotoLPM3</name>
         <value>0x20dd</value>
         <object_component_ref idref="oc-2f6"/>
      </symbol>
      <symbol id="sm-50a">
         <name>PCM_gotoLPM0</name>
         <value>0x288d</value>
         <object_component_ref idref="oc-314"/>
      </symbol>
      <symbol id="sm-50b">
         <name>PCM_setPowerMode</name>
         <value>0x2acd</value>
         <object_component_ref idref="oc-332"/>
      </symbol>
      <symbol id="sm-518">
         <name>RTC_C_holdClock</name>
         <value>0x2921</value>
         <object_component_ref idref="oc-345"/>
      </symbol>
      <symbol id="sm-52e">
         <name>SysCtl_getTLVInfo</name>
         <value>0x2529</value>
         <object_component_ref idref="oc-281"/>
      </symbol>
      <symbol id="sm-550">
         <name>Timer_A_generatePWM</name>
         <value>0x26a5</value>
         <object_component_ref idref="oc-2df"/>
      </symbol>
      <symbol id="sm-58e">
         <name>UART_enableInterrupt</name>
         <value>0x29bd</value>
         <object_component_ref idref="oc-e2"/>
      </symbol>
      <symbol id="sm-58f">
         <name>UART_enableModule</name>
         <value>0x2aad</value>
         <object_component_ref idref="oc-dc"/>
      </symbol>
      <symbol id="sm-590">
         <name>UART_getEnabledInterruptStatus</name>
         <value>0x27dd</value>
         <object_component_ref idref="oc-f4"/>
      </symbol>
      <symbol id="sm-591">
         <name>UART_getInterruptStatus</name>
         <value>0x2aef</value>
         <object_component_ref idref="oc-1f9"/>
      </symbol>
      <symbol id="sm-592">
         <name>UART_initModule</name>
         <value>0x2049</value>
         <object_component_ref idref="oc-d0"/>
      </symbol>
      <symbol id="sm-593">
         <name>UART_clearInterruptFlag</name>
         <value>0x2a5f</value>
         <object_component_ref idref="oc-fa"/>
      </symbol>
      <symbol id="sm-59f">
         <name>WDT_A_holdTimer</name>
         <value>0x298d</value>
         <object_component_ref idref="oc-33f"/>
      </symbol>
      <symbol id="sm-5b1">
         <name>CPU_wfi</name>
         <value>0x1635</value>
         <object_component_ref idref="oc-338"/>
      </symbol>
      <symbol id="sm-5b2">
         <name>CPU_cpsie</name>
         <value>0x2a7b</value>
         <object_component_ref idref="oc-1ed"/>
      </symbol>
      <symbol id="sm-5c3">
         <name>_c_int00</name>
         <value>0x2431</value>
         <object_component_ref idref="oc-26"/>
      </symbol>
      <symbol id="sm-5c4">
         <name>__stack</name>
         <value>0x2000fe00</value>
         <object_component_ref idref="oc-2f"/>
      </symbol>
      <symbol id="sm-5e2">
         <name>__TI_decompress_lzss</name>
         <value>0x2245</value>
         <object_component_ref idref="oc-14"/>
      </symbol>
      <symbol id="sm-5f9">
         <name>__TI_decompress_none</name>
         <value>0x2a6d</value>
         <object_component_ref idref="oc-1a"/>
      </symbol>
      <symbol id="sm-60b">
         <name>__TI_zero_init</name>
         <value>0x2ab9</value>
         <object_component_ref idref="oc-20"/>
      </symbol>
      <symbol id="sm-62c">
         <name>C$$EXIT</name>
         <value>0x2485</value>
         <object_component_ref idref="oc-6b"/>
      </symbol>
      <symbol id="sm-62d">
         <name>abort</name>
         <value>0x2489</value>
         <object_component_ref idref="oc-6b"/>
      </symbol>
      <symbol id="sm-62e">
         <name>exit</name>
         <value>0x2491</value>
         <object_component_ref idref="oc-6b"/>
      </symbol>
      <symbol id="sm-62f">
         <name>__TI_dtors_ptr</name>
         <value>0x20000048</value>
         <object_component_ref idref="oc-be"/>
      </symbol>
      <symbol id="sm-630">
         <name>__TI_cleanup_ptr</name>
         <value>0x20000044</value>
         <object_component_ref idref="oc-be"/>
      </symbol>
      <symbol id="sm-631">
         <name>__TI_enable_exit_profile_output</name>
         <value>0x2000004c</value>
         <object_component_ref idref="oc-be"/>
      </symbol>
      <symbol id="sm-64e">
         <name>memcpy</name>
         <value>0x1fad</value>
         <object_component_ref idref="oc-3b"/>
      </symbol>
      <symbol id="sm-64f">
         <name>__aeabi_memcpy</name>
         <value>0x1fad</value>
         <object_component_ref idref="oc-3b"/>
      </symbol>
      <symbol id="sm-650">
         <name>__aeabi_memcpy8</name>
         <value>0x1fad</value>
         <object_component_ref idref="oc-3b"/>
      </symbol>
      <symbol id="sm-651">
         <name>__aeabi_memcpy4</name>
         <value>0x1fad</value>
         <object_component_ref idref="oc-3b"/>
      </symbol>
      <symbol id="sm-660">
         <name>__aeabi_memset</name>
         <value>0x215b</value>
         <object_component_ref idref="oc-47"/>
      </symbol>
      <symbol id="sm-661">
         <name>memset</name>
         <value>0x2161</value>
         <object_component_ref idref="oc-47"/>
      </symbol>
      <symbol id="sm-662">
         <name>__aeabi_memset8</name>
         <value>0x215b</value>
         <object_component_ref idref="oc-47"/>
      </symbol>
      <symbol id="sm-663">
         <name>__aeabi_memset4</name>
         <value>0x215b</value>
         <object_component_ref idref="oc-47"/>
      </symbol>
      <symbol id="sm-664">
         <name>__aeabi_memclr8</name>
         <value>0x2159</value>
         <object_component_ref idref="oc-47"/>
      </symbol>
      <symbol id="sm-665">
         <name>__aeabi_memclr4</name>
         <value>0x2159</value>
         <object_component_ref idref="oc-47"/>
      </symbol>
      <symbol id="sm-666">
         <name>__aeabi_memclr</name>
         <value>0x2159</value>
         <object_component_ref idref="oc-47"/>
      </symbol>
      <symbol id="sm-670">
         <name>__mpu_init</name>
         <value>0x1bef</value>
         <object_component_ref idref="oc-53"/>
      </symbol>
      <symbol id="sm-67a">
         <name>_system_pre_init</name>
         <value>0x29fd</value>
         <object_component_ref idref="oc-59"/>
      </symbol>
      <symbol id="sm-683">
         <name>main_func_sp</name>
         <value>0x20000058</value>
         <object_component_ref idref="oc-71"/>
      </symbol>
      <symbol id="sm-69d">
         <name>_nop</name>
         <value>0x29f7</value>
         <object_component_ref idref="oc-1d4"/>
      </symbol>
      <symbol id="sm-69e">
         <name>_lock</name>
         <value>0x20000050</value>
         <object_component_ref idref="oc-c1"/>
      </symbol>
      <symbol id="sm-69f">
         <name>_unlock</name>
         <value>0x20000054</value>
         <object_component_ref idref="oc-c1"/>
      </symbol>
      <symbol id="sm-6a0">
         <name>_register_lock</name>
         <value>0x29ef</value>
         <object_component_ref idref="oc-1d4"/>
      </symbol>
      <symbol id="sm-6a1">
         <name>_register_unlock</name>
         <value>0x29e9</value>
         <object_component_ref idref="oc-1d4"/>
      </symbol>
      <symbol id="sm-6b6">
         <name>_args_main</name>
         <value>0x29a5</value>
         <object_component_ref idref="oc-65"/>
      </symbol>
      <symbol id="sm-6e1">
         <name>__TI_auto_init</name>
         <value>0x21d5</value>
         <object_component_ref idref="oc-5f"/>
      </symbol>
      <symbol id="sm-6fb">
         <name>copy_in</name>
         <value>0x2611</value>
         <object_component_ref idref="oc-a8"/>
      </symbol>
      <symbol id="sm-711">
         <name>_system_post_cinit</name>
         <value>0x1e5f</value>
         <object_component_ref idref="oc-ae"/>
      </symbol>
      <symbol id="sm-716">
         <name>__TI_static_base__</name>
         <value>0x0</value>
      </symbol>
      <symbol id="sm-719">
         <name>SHT$$INIT_ARRAY$$Limit</name>
         <value>0x0</value>
      </symbol>
      <symbol id="sm-71a">
         <name>SHT$$INIT_ARRAY$$Base</name>
         <value>0x0</value>
      </symbol>
      <symbol id="sm-71b">
         <name>NMI_Handler</name>
         <value>0x2a11</value>
      </symbol>
      <symbol id="sm-71c">
         <name>HardFault_Handler</name>
         <value>0x2a11</value>
      </symbol>
      <symbol id="sm-71d">
         <name>MemManage_Handler</name>
         <value>0x2a11</value>
      </symbol>
      <symbol id="sm-71e">
         <name>BusFault_Handler</name>
         <value>0x2a11</value>
      </symbol>
      <symbol id="sm-71f">
         <name>UsageFault_Handler</name>
         <value>0x2a11</value>
      </symbol>
      <symbol id="sm-720">
         <name>SVC_Handler</name>
         <value>0x2a11</value>
      </symbol>
      <symbol id="sm-721">
         <name>DebugMon_Handler</name>
         <value>0x2a11</value>
      </symbol>
      <symbol id="sm-722">
         <name>PendSV_Handler</name>
         <value>0x2a11</value>
      </symbol>
      <symbol id="sm-723">
         <name>SysTick_Handler</name>
         <value>0x2a11</value>
      </symbol>
      <symbol id="sm-724">
         <name>PSS_IRQHandler</name>
         <value>0x2a11</value>
      </symbol>
      <symbol id="sm-725">
         <name>CS_IRQHandler</name>
         <value>0x2a11</value>
      </symbol>
      <symbol id="sm-726">
         <name>PCM_IRQHandler</name>
         <value>0x2a11</value>
      </symbol>
      <symbol id="sm-727">
         <name>WDT_A_IRQHandler</name>
         <value>0x2a11</value>
      </symbol>
      <symbol id="sm-728">
         <name>FPU_IRQHandler</name>
         <value>0x2a11</value>
      </symbol>
      <symbol id="sm-729">
         <name>FLCTL_IRQHandler</name>
         <value>0x2a11</value>
      </symbol>
      <symbol id="sm-72a">
         <name>COMP_E0_IRQHandler</name>
         <value>0x2a11</value>
      </symbol>
      <symbol id="sm-72b">
         <name>COMP_E1_IRQHandler</name>
         <value>0x2a11</value>
      </symbol>
      <symbol id="sm-72c">
         <name>TA0_0_IRQHandler</name>
         <value>0x2a11</value>
      </symbol>
      <symbol id="sm-72d">
         <name>TA0_N_IRQHandler</name>
         <value>0x2a11</value>
      </symbol>
      <symbol id="sm-72e">
         <name>TA1_0_IRQHandler</name>
         <value>0x2a11</value>
      </symbol>
      <symbol id="sm-72f">
         <name>TA1_N_IRQHandler</name>
         <value>0x2a11</value>
      </symbol>
      <symbol id="sm-730">
         <name>TA2_0_IRQHandler</name>
         <value>0x2a11</value>
      </symbol>
      <symbol id="sm-731">
         <name>TA2_N_IRQHandler</name>
         <value>0x2a11</value>
      </symbol>
      <symbol id="sm-732">
         <name>TA3_0_IRQHandler</name>
         <value>0x2a11</value>
      </symbol>
      <symbol id="sm-733">
         <name>TA3_N_IRQHandler</name>
         <value>0x2a11</value>
      </symbol>
      <symbol id="sm-734">
         <name>EUSCIA0_IRQHandler</name>
         <value>0x2a11</value>
      </symbol>
      <symbol id="sm-735">
         <name>EUSCIA1_IRQHandler</name>
         <value>0x2a11</value>
      </symbol>
      <symbol id="sm-736">
         <name>EUSCIA2_IRQHandler</name>
         <value>0x1379</value>
      </symbol>
      <symbol id="sm-737">
         <name>EUSCIA3_IRQHandler</name>
         <value>0x1771</value>
      </symbol>
      <symbol id="sm-738">
         <name>EUSCIB0_IRQHandler</name>
         <value>0x2a11</value>
      </symbol>
      <symbol id="sm-739">
         <name>EUSCIB1_IRQHandler</name>
         <value>0xdf9</value>
      </symbol>
      <symbol id="sm-73a">
         <name>EUSCIB2_IRQHandler</name>
         <value>0x2a11</value>
      </symbol>
      <symbol id="sm-73b">
         <name>EUSCIB3_IRQHandler</name>
         <value>0x2a11</value>
      </symbol>
      <symbol id="sm-73c">
         <name>ADC14_IRQHandler</name>
         <value>0x2a11</value>
      </symbol>
      <symbol id="sm-73d">
         <name>T32_INT1_IRQHandler</name>
         <value>0x2a11</value>
      </symbol>
      <symbol id="sm-73e">
         <name>T32_INT2_IRQHandler</name>
         <value>0x2a11</value>
      </symbol>
      <symbol id="sm-73f">
         <name>T32_INTC_IRQHandler</name>
         <value>0x2a11</value>
      </symbol>
      <symbol id="sm-740">
         <name>AES256_IRQHandler</name>
         <value>0x2a11</value>
      </symbol>
      <symbol id="sm-741">
         <name>RTC_C_IRQHandler</name>
         <value>0x2a11</value>
      </symbol>
      <symbol id="sm-742">
         <name>DMA_ERR_IRQHandler</name>
         <value>0x2a11</value>
      </symbol>
      <symbol id="sm-743">
         <name>DMA_INT3_IRQHandler</name>
         <value>0x2a11</value>
      </symbol>
      <symbol id="sm-744">
         <name>DMA_INT2_IRQHandler</name>
         <value>0x2a11</value>
      </symbol>
      <symbol id="sm-745">
         <name>DMA_INT1_IRQHandler</name>
         <value>0x2a11</value>
      </symbol>
      <symbol id="sm-746">
         <name>DMA_INT0_IRQHandler</name>
         <value>0x2a11</value>
      </symbol>
      <symbol id="sm-747">
         <name>PORT1_IRQHandler</name>
         <value>0x2a11</value>
      </symbol>
      <symbol id="sm-748">
         <name>PORT2_IRQHandler</name>
         <value>0x2a11</value>
      </symbol>
      <symbol id="sm-749">
         <name>PORT3_IRQHandler</name>
         <value>0x2a11</value>
      </symbol>
      <symbol id="sm-74a">
         <name>PORT4_IRQHandler</name>
         <value>0x2a11</value>
      </symbol>
      <symbol id="sm-74b">
         <name>PORT5_IRQHandler</name>
         <value>0x2a11</value>
      </symbol>
      <symbol id="sm-74c">
         <name>PORT6_IRQHandler</name>
         <value>0x2a11</value>
      </symbol>
   </symbol_table>
   <title>Link successful</title>
</link_info>
