******************************************************************************
                  TI ARM Linker PC v16.9.8                     
******************************************************************************
>> Linked Fri Nov 16 11:07:18 2018

OUTPUT FILE NAME:   <WALLE_Robot.out>
ENTRY POINT SYMBOL: "_c_int00"  address: 00002431


MEMORY CONFIGURATION

         name            origin    length      used     unused   attr    fill
----------------------  --------  ---------  --------  --------  ----  --------
  MAIN                  00000000   00040000  00002be9  0003d417  R  X
  INFO                  00200000   00004000  00000000  00004000  R  X
  SRAM_CODE             01000000   00010000  0000027b  0000fd85  RW X
  SRAM_DATA             20000000   00010000  0000027b  0000fd85  RW  


SEGMENT ALLOCATION MAP

run origin  load origin   length   init length attrs members
----------  ----------- ---------- ----------- ----- -------
00000000    00000000    00002bf0   00002bf0    r-x
  00000000    00000000    000000e4   000000e4    r-- .intvecs
  000000e8    000000e8    00002a0c   00002a0c    r-x .text
  00002af4    00002af4    00000089   00000089    r-- .const
  00002b80    00002b80    00000070   00000070    r-- .cinit
20000000    20000000    0000007c   00000000    rw-
  20000000    20000000    00000063   00000000    rw- .data
  20000064    20000064    00000018   00000000    rw- .bss
2000fe00    2000fe00    00000200   00000000    rw-
  2000fe00    2000fe00    00000200   00000000    rw- .stack


SECTION ALLOCATION MAP

 output                                  attributes/
section   page    origin      length       input sections
--------  ----  ----------  ----------   ----------------
.intvecs   0    00000000    000000e4     
                  00000000    000000e4     startup_msp432p401r_ccs.obj (.intvecs:retain)

.binit     0    00000000    00000000     

.text      0    000000e8    00002a0c     
                  000000e8    00000a40     motor_driver.obj (.text)
                  00000b28    000003a0     i2c_driver.obj (.text)
                  00000ec8    00000368     system_msp432p401r.obj (.text)
                  00001230    00000264     xbee.obj (.text)
                  00001494    000001a0     msp432p4xx_driverlib.lib : pcm.o (.text:__PCM_setPowerStateAdvanced)
                  00001634    00000004                              : cpu.o (.text:CPU_wfi)
                  00001638    00000174     Wifi.obj (.text)
                  000017ac    0000014c     msp432p4xx_driverlib.lib : cs.o (.text:CS_setDCOFrequency)
                  000018f8    0000010c     main.obj (.text)
                  00001a04    00000104     msp432p4xx_driverlib.lib : cs.o (.text:CS_getDCOFrequency)
                  00001b08    000000e6     pwm.obj (.text)
                  00001bee    00000002     rtsv7M4_T_le_v4SPD16_eabi.lib : mpu_init.obj (.text)
                  00001bf0    000000e0     msp432p4xx_driverlib.lib : cs.o (.text:CS_initClockSignal)
                  00001cd0    000000dc                              : pcm.o (.text:__PCM_setPowerModeAdvanced)
                  00001dac    000000b2                              : timer_a.o (.text:privateTimer_AProcessClockSourceDivider)
                  00001e5e    00000002     rtsv7M4_T_le_v4SPD16_eabi.lib : startup.obj (.text)
                  00001e60    000000b0     msp432p4xx_driverlib.lib : pcm.o (.text:__PCM_setCoreVoltageLevelAdvanced)
                  00001f10    0000009c                              : cs.o (.text:_CSComputeCLKFrequency)
                  00001fac    0000009c     rtsv7M4_T_le_v4SPD16_eabi.lib : memcpy_t2.obj (.text)
                  00002048    00000094     msp432p4xx_driverlib.lib : uart.o (.text:UART_initModule)
                  000020dc    0000007c                              : pcm.o (.text:PCM_gotoLPM3)
                  00002158    0000007a     rtsv7M4_T_le_v4SPD16_eabi.lib : memset_t2.obj (.text)
                  000021d2    00000002     --HOLE-- [fill = 0]
                  000021d4    00000070                                   : autoinit.obj (.text)
                  00002244    00000068                                   : copy_decompress_lzss.obj (.text:decompress:lzss)
                  000022ac    00000004     msp432p4xx_driverlib.lib : i2c.o (.text:I2C_setSlaveAddress)
                  000022b0    00000064     ClockSys.obj (.text)
                  00002314    00000064     msp432p4xx_driverlib.lib : interrupt.o (.text:Interrupt_disableInterrupt)
                  00002378    00000064                              : interrupt.o (.text:Interrupt_enableInterrupt)
                  000023dc    00000054                              : cs.o (.text:CS_tuneDCOFrequency)
                  00002430    00000054     rtsv7M4_T_le_v4SPD16_eabi.lib : boot.obj (.text)
                  00002484    00000054                                   : exit.obj (.text)
                  000024d8    00000050     msp432p4xx_driverlib.lib : pcm.o (.text:PCM_shutdownDevice)
                  00002528    00000050                              : sysctl.o (.text:SysCtl_getTLVInfo)
                  00002578    0000004c                              : gpio.o (.text:GPIO_setAsPeripheralModuleFunctionOutputPin)
                  000025c4    0000004c                              : cs.o (.text:_CSGetDOCFrequency)
                  00002610    0000004c     rtsv7M4_T_le_v4SPD16_eabi.lib : cpy_tbl.obj (.text)
                  0000265c    00000048     msp432p4xx_driverlib.lib : gpio.o (.text:GPIO_setAsPeripheralModuleFunctionInputPin)
                  000026a4    00000048                              : timer_a.o (.text:Timer_A_generatePWM)
                  000026ec    00000048                              : cs.o (.text:_CSGetDividerValue)
                  00002734    0000003e                              : i2c.o (.text:I2C_initMaster)
                  00002772    00000002     --HOLE-- [fill = 0]
                  00002774    00000038                              : i2c.o (.text:I2C_masterSendMultiByteStart)
                  000027ac    00000030                              : i2c.o (.text:I2C_masterSendMultiByteStop)
                  000027dc    00000030                              : uart.o (.text:UART_getEnabledInterruptStatus)
                  0000280c    0000002c                              : pcm.o (.text:PCM_getCoreVoltageLevel)
                  00002838    0000002a                              : pcm.o (.text:PCM_getPowerMode)
                  00002862    00000002     --HOLE-- [fill = 0]
                  00002864    00000028                              : flash.o (.text:FlashCtl_setWaitState)
                  0000288c    00000028                              : pcm.o (.text:PCM_gotoLPM0)
                  000028b4    00000024                              : cs.o (.text:CS_clearInterruptFlag)
                  000028d8    00000024                              : cs.o (.text:CS_setDCOCenteredFrequency)
                  000028fc    00000024                              : i2c.o (.text:I2C_masterSendMultiByteNext)
                  00002920    00000024                              : rtc_c.o (.text:RTC_C_holdClock)
                  00002944    00000018                              : cs.o (.text:CS_getACLK)
                  0000295c    00000018                              : cs.o (.text:CS_getMCLK)
                  00002974    00000018                              : cs.o (.text:CS_getSMCLK)
                  0000298c    00000018                              : wdt_a.o (.text:WDT_A_holdTimer)
                  000029a4    00000018     rtsv7M4_T_le_v4SPD16_eabi.lib : args_main.obj (.text)
                  000029bc    00000016     msp432p4xx_driverlib.lib : uart.o (.text:UART_enableInterrupt)
                  000029d2    00000002     --HOLE-- [fill = 0]
                  000029d4    00000014                              : i2c.o (.text:I2C_isBusBusy)
                  000029e8    00000014     rtsv7M4_T_le_v4SPD16_eabi.lib : _lock.obj (.text)
                  000029fc    00000004                                   : pre_init.obj (.text)
                  00002a00    00000012     startup_msp432p401r_ccs.obj (.text)
                  00002a12    00000010     msp432p4xx_driverlib.lib : i2c.o (.text:I2C_masterReceiveStart)
                  00002a22    00000010                              : interrupt.o (.text:Interrupt_enableMaster)
                  00002a32    00000010                              : pcm.o (.text:PCM_gotoLPM4)
                  00002a42    0000000e                              : i2c.o (.text:I2C_clearInterruptFlag)
                  00002a50    0000000e                              : i2c.o (.text:I2C_disableInterrupt)
                  00002a5e    0000000e                              : uart.o (.text:UART_clearInterruptFlag)
                  00002a6c    0000000e     rtsv7M4_T_le_v4SPD16_eabi.lib : copy_decompress_none.obj (.text:decompress:none)
                  00002a7a    0000000c     msp432p4xx_driverlib.lib : cpu.o (.text:CPU_cpsie)
                  00002a86    0000000c                              : i2c.o (.text:I2C_disableModule)
                  00002a92    0000000c                              : i2c.o (.text:I2C_enableModule)
                  00002a9e    00000002     --HOLE-- [fill = 0]
                  00002aa0    0000000c                              : pcm.o (.text:PCM_getPowerState)
                  00002aac    0000000c                              : uart.o (.text:UART_enableModule)
                  00002ab8    0000000c     rtsv7M4_T_le_v4SPD16_eabi.lib : copy_zero_init.obj (.text:decompress:ZI)
                  00002ac4    00000008     msp432p4xx_driverlib.lib : i2c.o (.text:I2C_enableInterrupt)
                  00002acc    00000008                              : pcm.o (.text:PCM_setPowerMode)
                  00002ad4    00000008                              : pcm.o (.text:PCM_setPowerState)
                  00002adc    00000006                              : i2c.o (.text:I2C_getEnabledInterruptStatus)
                  00002ae2    00000006                              : i2c.o (.text:I2C_getInterruptStatus)
                  00002ae8    00000006                              : i2c.o (.text:I2C_masterReceiveMultiByteNext)
                  00002aee    00000006                              : uart.o (.text:UART_getInterruptStatus)

.const     0    00002af4    00000089     
                  00002af4    00000040     msp432p4xx_driverlib.lib : interrupt.o (.const)
                  00002b34    00000024     Wifi.obj (.const:$P$T0$1)
                  00002b58    00000024     xbee.obj (.const:$P$T0$1)
                  00002b7c    00000001     Wifi.obj (.const:.string:$P$T1$2)

.cinit     0    00002b80    00000070     
                  00002b80    00000049     (.cinit..data.load) [load image, compression = lzss]
                  00002bc9    00000003     --HOLE-- [fill = 0]
                  00002bcc    0000000c     (__TI_handler_table)
                  00002bd8    00000008     (.cinit..bss.load) [load image, compression = zero_init]
                  00002be0    00000010     (__TI_cinit_table)

.init_array 
*          0    00000000    00000000     UNINITIALIZED

.data      0    20000000    00000063     UNINITIALIZED
                  20000000    00000030     msp432p4xx_driverlib.lib : gpio.o (.data:GPIO_PORT_TO_BASE)
                  20000030    00000014     i2c_driver.obj (.data:i2cConfig)
                  20000044    0000000c     rtsv7M4_T_le_v4SPD16_eabi.lib : exit.obj (.data:$O1$$)
                  20000050    00000008                                   : _lock.obj (.data:$O1$$)
                  20000058    00000004                                   : stkdepth_vars.obj (.data)
                  2000005c    00000004     system_msp432p401r.obj (.data)
                  20000060    00000002     main.obj (.data)
                  20000062    00000001     i2c_driver.obj (.data)

.bss       0    20000064    00000018     UNINITIALIZED
                  20000064    00000006     (.common:cont_state)
                  2000006a    00000001     (.common:ui8DummyRead)
                  2000006b    00000001     (.common:ui8Status)
                  2000006c    00000004     (.common:g_ui32ByteCount)
                  20000070    00000004     (.common:hfxtFreq)
                  20000074    00000004     (.common:lfxtFreq)
                  20000078    00000004     (.common:pData)

.stack     0    2000fe00    00000200     UNINITIALIZED
                  2000fe00    00000200     --HOLE--

MODULE SUMMARY

       Module                        code    ro data   rw data
       ------                        ----    -------   -------
    .\
       system_msp432p401r.obj        872     0         8      
       main.obj                      268     0         4      
       startup_msp432p401r_ccs.obj   18      228       0      
    +--+-----------------------------+-------+---------+---------+
       Total:                        1158    228       12     
                                                              
    .\BoardSupportPackage\src\
       motor_driver.obj              2624    0         0      
       i2c_driver.obj                928     0         62     
       xbee.obj                      612     36        12     
       Wifi.obj                      372     37        0      
       pwm.obj                       230     0         0      
       ClockSys.obj                  100     0         0      
    +--+-----------------------------+-------+---------+---------+
       Total:                        4866    73        74     
                                                              
    C:/Users/Alex Perera/Desktop/Senior/GITHUB/BoardSupportPackage/DriverLib/msp432p4xx_driverlib.lib
       cs.o                          1348    0         16     
       pcm.o                         1186    0         0      
       i2c.o                         320     0         0      
       interrupt.o                   216     64        0      
       timer_a.o                     250     0         0      
       uart.o                        250     0         0      
       gpio.o                        148     0         96     
       sysctl.o                      80      0         0      
       flash.o                       40      0         0      
       rtc_c.o                       36      0         0      
       wdt_a.o                       24      0         0      
       cpu.o                         16      0         0      
    +--+-----------------------------+-------+---------+---------+
       Total:                        3914    64        112    
                                                              
    C:\ti\ccsv7\tools\compiler\ti-cgt-arm_16.9.8.LTS\lib\rtsv7M4_T_le_v4SPD16_eabi.lib
       memcpy_t2.obj                 156     0         0      
       memset_t2.obj                 122     0         0      
       autoinit.obj                  112     0         0      
       exit.obj                      84      0         24     
       copy_decompress_lzss.obj      104     0         0      
       boot.obj                      84      0         0      
       cpy_tbl.obj                   76      0         0      
       _lock.obj                     20      0         16     
       args_main.obj                 24      0         0      
       copy_decompress_none.obj      14      0         0      
       copy_zero_init.obj            12      0         0      
       stkdepth_vars.obj             0       0         8      
       pre_init.obj                  4       0         0      
       mpu_init.obj                  2       0         0      
       startup.obj                   2       0         0      
    +--+-----------------------------+-------+---------+---------+
       Total:                        816     0         48     
                                                              
       Stack:                        0       0         1024   
       Linker Generated:             0       109       0      
    +--+-----------------------------+-------+---------+---------+
       Grand Total:                  10754   474       1270   


LINKER GENERATED COPY TABLES

__TI_cinit_table @ 00002be0 records: 2, size/record: 8, table size: 16
	.data: load addr=00002b80, load size=00000049 bytes, run addr=20000000, run size=00000063 bytes, compression=lzss
	.bss: load addr=00002bd8, load size=00000008 bytes, run addr=20000064, run size=00000018 bytes, compression=zero_init


LINKER GENERATED HANDLER TABLE

__TI_handler_table @ 00002bcc records: 3, size/record: 4, table size: 12
	index: 0, handler: __TI_decompress_lzss
	index: 1, handler: __TI_decompress_none
	index: 2, handler: __TI_zero_init


GLOBAL SYMBOLS: SORTED ALPHABETICALLY BY Name 

address   name                                       
-------   ----                                       
00002a11  ADC14_IRQHandler                           
00002a11  AES256_IRQHandler                          
00002a11  BusFault_Handler                           
00002485  C$$EXIT                                    
00002a11  COMP_E0_IRQHandler                         
00002a11  COMP_E1_IRQHandler                         
00002a7b  CPU_cpsie                                  
00001635  CPU_wfi                                    
00002a11  CS_IRQHandler                              
000028b5  CS_clearInterruptFlag                      
00002945  CS_getACLK                                 
00001a05  CS_getDCOFrequency                         
0000295d  CS_getMCLK                                 
00002975  CS_getSMCLK                                
00001bf1  CS_initClockSignal                         
000028d9  CS_setDCOCenteredFrequency                 
000017ad  CS_setDCOFrequency                         
000023dd  CS_tuneDCOFrequency                        
00002309  ClockSys_GetSysFreq                        
000022b1  ClockSys_SetMaxFreq                        
00002a11  DMA_ERR_IRQHandler                         
00002a11  DMA_INT0_IRQHandler                        
00002a11  DMA_INT1_IRQHandler                        
00002a11  DMA_INT2_IRQHandler                        
00002a11  DMA_INT3_IRQHandler                        
00002a11  DebugMon_Handler                           
00002a11  Default_Handler                            
00002a11  EUSCIA0_IRQHandler                         
00002a11  EUSCIA1_IRQHandler                         
00001379  EUSCIA2_IRQHandler                         
00001379  EUSCIA2_IRQHandler                         
00001771  EUSCIA3_IRQHandler                         
00001771  EUSCIA3_IRQHandler                         
00002a11  EUSCIB0_IRQHandler                         
00000df9  EUSCIB1_IRQHandler                         
00000df9  EUSCIB1_IRQHandler                         
00002a11  EUSCIB2_IRQHandler                         
00002a11  EUSCIB3_IRQHandler                         
00002a11  FLCTL_IRQHandler                           
00002a11  FPU_IRQHandler                             
00002865  FlashCtl_setWaitState                      
0000265d  GPIO_setAsPeripheralModuleFunctionInputPin 
00002579  GPIO_setAsPeripheralModuleFunctionOutputPin
00002a11  HardFault_Handler                          
00002a43  I2C_clearInterruptFlag                     
00002a51  I2C_disableInterrupt                       
00002a87  I2C_disableModule                          
00002ac5  I2C_enableInterrupt                        
00002a93  I2C_enableModule                           
00002add  I2C_getEnabledInterruptStatus              
00002ae3  I2C_getInterruptStatus                     
00002735  I2C_initMaster                             
000029d5  I2C_isBusBusy                              
00002ae9  I2C_masterReceiveMultiByteNext             
00002a13  I2C_masterReceiveStart                     
000028fd  I2C_masterSendMultiByteNext                
00002775  I2C_masterSendMultiByteStart               
000027ad  I2C_masterSendMultiByteStop                
000022ad  I2C_setSlaveAddress                        
00002315  Interrupt_disableInterrupt                 
00002379  Interrupt_enableInterrupt                  
00002a23  Interrupt_enableMaster                     
00002a11  MemManage_Handler                          
00000191  Motor_Change_Speed                         
00000179  Motor_Restart                              
00000161  Motor_Stop                                 
000001b1  Motor_Update                               
000003f1  Motor_Update_Thresh                        
000000e9  Motors_Init                                
00002a11  NMI_Handler                                
00002a11  PCM_IRQHandler                             
0000280d  PCM_getCoreVoltageLevel                    
00002839  PCM_getPowerMode                           
00002aa1  PCM_getPowerState                          
0000288d  PCM_gotoLPM0                               
000020dd  PCM_gotoLPM3                               
00002a33  PCM_gotoLPM4                               
00002acd  PCM_setPowerMode                           
00002ad5  PCM_setPowerState                          
000024d9  PCM_shutdownDevice                         
00002a11  PORT1_IRQHandler                           
00002a11  PORT2_IRQHandler                           
00002a11  PORT3_IRQHandler                           
00002a11  PORT4_IRQHandler                           
00002a11  PORT5_IRQHandler                           
00002a11  PORT6_IRQHandler                           
00002a11  PSS_IRQHandler                             
00001b09  PWM_INIT_MOTOR                             
00001b49  PWM_INIT_SERVO                             
00002a11  PendSV_Handler                             
00002a11  RTC_C_IRQHandler                           
00002921  RTC_C_holdClock                            
00002a01  Reset_Handler                              
00001bc9  Restart_Timer                              
UNDEFED   SHT$$INIT_ARRAY$$Base                      
UNDEFED   SHT$$INIT_ARRAY$$Limit                     
00002a11  SVC_Handler                                
00001b89  Stop_Timer                                 
00002529  SysCtl_getTLVInfo                          
00002a11  SysTick_Handler                            
2000005c  SystemCoreClock                            
00000ec9  SystemCoreClockUpdate                      
00001179  SystemInit                                 
00002a11  T32_INT1_IRQHandler                        
00002a11  T32_INT2_IRQHandler                        
00002a11  T32_INTC_IRQHandler                        
00002a11  TA0_0_IRQHandler                           
00002a11  TA0_N_IRQHandler                           
00002a11  TA1_0_IRQHandler                           
00002a11  TA1_N_IRQHandler                           
00002a11  TA2_0_IRQHandler                           
00002a11  TA2_N_IRQHandler                           
00002a11  TA3_0_IRQHandler                           
00002a11  TA3_N_IRQHandler                           
000026a5  Timer_A_generatePWM                        
00002a5f  UART_clearInterruptFlag                    
000029bd  UART_enableInterrupt                       
00002aad  UART_enableModule                          
000027dd  UART_getEnabledInterruptStatus             
00002aef  UART_getInterruptStatus                    
00002049  UART_initModule                            
00002a11  UsageFault_Handler                         
4000480c  WDTCTL_SYM                                 
00002a11  WDT_A_IRQHandler                           
0000298d  WDT_A_holdTimer                            
00001669  Wifi_Init_UART                             
000016e1  Wifi_ReceivefromWifi                       
00001721  Wifi_Send_Pic                              
000016a9  Wifi_SendtoWifi                            
00001279  XBEE_SEND_BASIC_CONTROLLER_PACKET          
000012e1  XBEE_SEND_CONTROLLER_STATE                 
00001231  XBEE_UART_INIT                             
20010000  __STACK_END                                
00000200  __STACK_SIZE                               
00002be0  __TI_CINIT_Base                            
00002bf0  __TI_CINIT_Limit                           
00002bcc  __TI_Handler_Table_Base                    
00002bd8  __TI_Handler_Table_Limit                   
000021d5  __TI_auto_init                             
20000044  __TI_cleanup_ptr                           
00002245  __TI_decompress_lzss                       
00002a6d  __TI_decompress_none                       
20000048  __TI_dtors_ptr                             
2000004c  __TI_enable_exit_profile_output            
ffffffff  __TI_pprof_out_hndl                        
ffffffff  __TI_prof_data_size                        
ffffffff  __TI_prof_data_start                       
00000000  __TI_static_base__                         
00002ab9  __TI_zero_init                             
00002159  __aeabi_memclr                             
00002159  __aeabi_memclr4                            
00002159  __aeabi_memclr8                            
00001fad  __aeabi_memcpy                             
00001fad  __aeabi_memcpy4                            
00001fad  __aeabi_memcpy8                            
0000215b  __aeabi_memset                             
0000215b  __aeabi_memset4                            
0000215b  __aeabi_memset8                            
ffffffff  __binit__                                  
ffffffff  __c_args__                                 
00001bef  __mpu_init                                 
2000fe00  __stack                                    
000029a5  _args_main                                 
00002431  _c_int00                                   
20000050  _lock                                      
000029f7  _nop                                       
000029ef  _register_lock                             
000029e9  _register_unlock                           
00001e5f  _system_post_cinit                         
000029fd  _system_pre_init                           
20000054  _unlock                                    
00002489  abort                                      
ffffffff  binit                                      
20000062  burstMode                                  
20000064  cont_state                                 
00002611  copy_in                                    
00002491  exit                                       
2000006c  g_ui32ByteCount                            
20000030  i2cConfig                                  
00000b71  initI2C                                    
00000000  interruptVectors                           
000018f9  main                                       
20000058  main_func_sp                               
00001fad  memcpy                                     
00002161  memset                                     
20000061  mode                                       
20000078  pData                                      
20000060  prevmode                                   
00000d11  readBurstI2C                               
00000c29  readI2C                                    
2000006a  ui8DummyRead                               
2000006b  ui8Status                                  
00000b91  writeI2C                                   


GLOBAL SYMBOLS: SORTED BY Symbol Address 

address   name                                       
-------   ----                                       
00000000  __TI_static_base__                         
00000000  interruptVectors                           
000000e9  Motors_Init                                
00000161  Motor_Stop                                 
00000179  Motor_Restart                              
00000191  Motor_Change_Speed                         
000001b1  Motor_Update                               
00000200  __STACK_SIZE                               
000003f1  Motor_Update_Thresh                        
00000b71  initI2C                                    
00000b91  writeI2C                                   
00000c29  readI2C                                    
00000d11  readBurstI2C                               
00000df9  EUSCIB1_IRQHandler                         
00000df9  EUSCIB1_IRQHandler                         
00000ec9  SystemCoreClockUpdate                      
00001179  SystemInit                                 
00001231  XBEE_UART_INIT                             
00001279  XBEE_SEND_BASIC_CONTROLLER_PACKET          
000012e1  XBEE_SEND_CONTROLLER_STATE                 
00001379  EUSCIA2_IRQHandler                         
00001379  EUSCIA2_IRQHandler                         
00001635  CPU_wfi                                    
00001669  Wifi_Init_UART                             
000016a9  Wifi_SendtoWifi                            
000016e1  Wifi_ReceivefromWifi                       
00001721  Wifi_Send_Pic                              
00001771  EUSCIA3_IRQHandler                         
00001771  EUSCIA3_IRQHandler                         
000017ad  CS_setDCOFrequency                         
000018f9  main                                       
00001a05  CS_getDCOFrequency                         
00001b09  PWM_INIT_MOTOR                             
00001b49  PWM_INIT_SERVO                             
00001b89  Stop_Timer                                 
00001bc9  Restart_Timer                              
00001bef  __mpu_init                                 
00001bf1  CS_initClockSignal                         
00001e5f  _system_post_cinit                         
00001fad  __aeabi_memcpy                             
00001fad  __aeabi_memcpy4                            
00001fad  __aeabi_memcpy8                            
00001fad  memcpy                                     
00002049  UART_initModule                            
000020dd  PCM_gotoLPM3                               
00002159  __aeabi_memclr                             
00002159  __aeabi_memclr4                            
00002159  __aeabi_memclr8                            
0000215b  __aeabi_memset                             
0000215b  __aeabi_memset4                            
0000215b  __aeabi_memset8                            
00002161  memset                                     
000021d5  __TI_auto_init                             
00002245  __TI_decompress_lzss                       
000022ad  I2C_setSlaveAddress                        
000022b1  ClockSys_SetMaxFreq                        
00002309  ClockSys_GetSysFreq                        
00002315  Interrupt_disableInterrupt                 
00002379  Interrupt_enableInterrupt                  
000023dd  CS_tuneDCOFrequency                        
00002431  _c_int00                                   
00002485  C$$EXIT                                    
00002489  abort                                      
00002491  exit                                       
000024d9  PCM_shutdownDevice                         
00002529  SysCtl_getTLVInfo                          
00002579  GPIO_setAsPeripheralModuleFunctionOutputPin
00002611  copy_in                                    
0000265d  GPIO_setAsPeripheralModuleFunctionInputPin 
000026a5  Timer_A_generatePWM                        
00002735  I2C_initMaster                             
00002775  I2C_masterSendMultiByteStart               
000027ad  I2C_masterSendMultiByteStop                
000027dd  UART_getEnabledInterruptStatus             
0000280d  PCM_getCoreVoltageLevel                    
00002839  PCM_getPowerMode                           
00002865  FlashCtl_setWaitState                      
0000288d  PCM_gotoLPM0                               
000028b5  CS_clearInterruptFlag                      
000028d9  CS_setDCOCenteredFrequency                 
000028fd  I2C_masterSendMultiByteNext                
00002921  RTC_C_holdClock                            
00002945  CS_getACLK                                 
0000295d  CS_getMCLK                                 
00002975  CS_getSMCLK                                
0000298d  WDT_A_holdTimer                            
000029a5  _args_main                                 
000029bd  UART_enableInterrupt                       
000029d5  I2C_isBusBusy                              
000029e9  _register_unlock                           
000029ef  _register_lock                             
000029f7  _nop                                       
000029fd  _system_pre_init                           
00002a01  Reset_Handler                              
00002a11  ADC14_IRQHandler                           
00002a11  AES256_IRQHandler                          
00002a11  BusFault_Handler                           
00002a11  COMP_E0_IRQHandler                         
00002a11  COMP_E1_IRQHandler                         
00002a11  CS_IRQHandler                              
00002a11  DMA_ERR_IRQHandler                         
00002a11  DMA_INT0_IRQHandler                        
00002a11  DMA_INT1_IRQHandler                        
00002a11  DMA_INT2_IRQHandler                        
00002a11  DMA_INT3_IRQHandler                        
00002a11  DebugMon_Handler                           
00002a11  Default_Handler                            
00002a11  EUSCIA0_IRQHandler                         
00002a11  EUSCIA1_IRQHandler                         
00002a11  EUSCIB0_IRQHandler                         
00002a11  EUSCIB2_IRQHandler                         
00002a11  EUSCIB3_IRQHandler                         
00002a11  FLCTL_IRQHandler                           
00002a11  FPU_IRQHandler                             
00002a11  HardFault_Handler                          
00002a11  MemManage_Handler                          
00002a11  NMI_Handler                                
00002a11  PCM_IRQHandler                             
00002a11  PORT1_IRQHandler                           
00002a11  PORT2_IRQHandler                           
00002a11  PORT3_IRQHandler                           
00002a11  PORT4_IRQHandler                           
00002a11  PORT5_IRQHandler                           
00002a11  PORT6_IRQHandler                           
00002a11  PSS_IRQHandler                             
00002a11  PendSV_Handler                             
00002a11  RTC_C_IRQHandler                           
00002a11  SVC_Handler                                
00002a11  SysTick_Handler                            
00002a11  T32_INT1_IRQHandler                        
00002a11  T32_INT2_IRQHandler                        
00002a11  T32_INTC_IRQHandler                        
00002a11  TA0_0_IRQHandler                           
00002a11  TA0_N_IRQHandler                           
00002a11  TA1_0_IRQHandler                           
00002a11  TA1_N_IRQHandler                           
00002a11  TA2_0_IRQHandler                           
00002a11  TA2_N_IRQHandler                           
00002a11  TA3_0_IRQHandler                           
00002a11  TA3_N_IRQHandler                           
00002a11  UsageFault_Handler                         
00002a11  WDT_A_IRQHandler                           
00002a13  I2C_masterReceiveStart                     
00002a23  Interrupt_enableMaster                     
00002a33  PCM_gotoLPM4                               
00002a43  I2C_clearInterruptFlag                     
00002a51  I2C_disableInterrupt                       
00002a5f  UART_clearInterruptFlag                    
00002a6d  __TI_decompress_none                       
00002a7b  CPU_cpsie                                  
00002a87  I2C_disableModule                          
00002a93  I2C_enableModule                           
00002aa1  PCM_getPowerState                          
00002aad  UART_enableModule                          
00002ab9  __TI_zero_init                             
00002ac5  I2C_enableInterrupt                        
00002acd  PCM_setPowerMode                           
00002ad5  PCM_setPowerState                          
00002add  I2C_getEnabledInterruptStatus              
00002ae3  I2C_getInterruptStatus                     
00002ae9  I2C_masterReceiveMultiByteNext             
00002aef  UART_getInterruptStatus                    
00002bcc  __TI_Handler_Table_Base                    
00002bd8  __TI_Handler_Table_Limit                   
00002be0  __TI_CINIT_Base                            
00002bf0  __TI_CINIT_Limit                           
20000030  i2cConfig                                  
20000044  __TI_cleanup_ptr                           
20000048  __TI_dtors_ptr                             
2000004c  __TI_enable_exit_profile_output            
20000050  _lock                                      
20000054  _unlock                                    
20000058  main_func_sp                               
2000005c  SystemCoreClock                            
20000060  prevmode                                   
20000061  mode                                       
20000062  burstMode                                  
20000064  cont_state                                 
2000006a  ui8DummyRead                               
2000006b  ui8Status                                  
2000006c  g_ui32ByteCount                            
20000078  pData                                      
2000fe00  __stack                                    
20010000  __STACK_END                                
4000480c  WDTCTL_SYM                                 
ffffffff  __TI_pprof_out_hndl                        
ffffffff  __TI_prof_data_size                        
ffffffff  __TI_prof_data_start                       
ffffffff  __binit__                                  
ffffffff  __c_args__                                 
ffffffff  binit                                      
UNDEFED   SHT$$INIT_ARRAY$$Base                      
UNDEFED   SHT$$INIT_ARRAY$$Limit                     

[193 symbols]
