******************************************************************************
                  TI ARM Linker PC v16.9.8                     
******************************************************************************
>> Linked Mon Nov 12 15:54:29 2018

OUTPUT FILE NAME:   <Test.out>
ENTRY POINT SYMBOL: "_c_int00"  address: 00001e05


MEMORY CONFIGURATION

         name            origin    length      used     unused   attr    fill
----------------------  --------  ---------  --------  --------  ----  --------
  MAIN                  00000000   00040000  00002683  0003d97d  R  X
  INFO                  00200000   00004000  00000000  00004000  R  X
  SRAM_CODE             01000000   00010000  00000279  0000fd87  RW X
  SRAM_DATA             20000000   00010000  00000279  0000fd87  RW  


SEGMENT ALLOCATION MAP

run origin  load origin   length   init length attrs members
----------  ----------- ---------- ----------- ----- -------
00000000    00000000    00002690   00002690    r-x
  00000000    00000000    000000e4   000000e4    r-- .intvecs
  000000e8    000000e8    00002482   00002482    r-x .text
  0000256c    0000256c    000000ad   000000ad    r-- .const
  00002620    00002620    00000070   00000070    r-- .cinit
20000000    20000000    0000007c   00000000    rw-
  20000000    20000000    00000061   00000000    rw- .data
  20000064    20000064    00000018   00000000    rw- .bss
2000fe00    2000fe00    00000200   00000000    rw-
  2000fe00    2000fe00    00000200   00000000    rw- .stack


SECTION ALLOCATION MAP

 output                                  attributes/
section   page    origin      length       input sections
--------  ----  ----------  ----------   ----------------
.intvecs   0    00000000    000000e4     
                  00000000    000000e4     startup_msp432p401r_ccs.obj (.intvecs:retain)

.binit     0    00000000    00000000     

.text      0    000000e8    00002482     
                  000000e8    0000059a     i2c_driver.obj (.text)
                  00000682    00000006     msp432p4xx_driverlib.lib : i2c.o (.text:I2C_getEnabledInterruptStatus)
                  00000688    00000480     system_msp432p401r.obj (.text)
                  00000b08    00000478     xbee.obj (.text)
                  00000f80    000001c2     Wifi.obj (.text)
                  00001142    000001a0     msp432p4xx_driverlib.lib : pcm.o (.text:__PCM_setPowerStateAdvanced)
                  000012e2    00000002     rtsv7M4_T_le_v4SPD16_eabi.lib : mpu_init.obj (.text)
                  000012e4    0000014c     msp432p4xx_driverlib.lib : cs.o (.text:CS_setDCOFrequency)
                  00001430    00000132     bluetooth.obj (.text)
                  00001562    00000002     rtsv7M4_T_le_v4SPD16_eabi.lib : startup.obj (.text)
                  00001564    00000104     msp432p4xx_driverlib.lib : cs.o (.text:CS_getDCOFrequency)
                  00001668    000000e0                              : cs.o (.text:CS_initClockSignal)
                  00001748    000000dc                              : pcm.o (.text:__PCM_setPowerModeAdvanced)
                  00001824    000000b0                              : pcm.o (.text:__PCM_setCoreVoltageLevelAdvanced)
                  000018d4    0000009c                              : cs.o (.text:_CSComputeCLKFrequency)
                  00001970    0000009c     rtsv7M4_T_le_v4SPD16_eabi.lib : memcpy_t2.obj (.text)
                  00001a0c    00000094     msp432p4xx_driverlib.lib : uart.o (.text:UART_initModule)
                  00001aa0    0000007c                              : pcm.o (.text:PCM_gotoLPM3)
                  00001b1c    0000007a     rtsv7M4_T_le_v4SPD16_eabi.lib : memset_t2.obj (.text)
                  00001b96    00000002     --HOLE-- [fill = 0]
                  00001b98    00000078     ClockSys.obj (.text)
                  00001c10    00000070     rtsv7M4_T_le_v4SPD16_eabi.lib : autoinit.obj (.text)
                  00001c80    00000068                                   : copy_decompress_lzss.obj (.text:decompress:lzss)
                  00001ce8    00000064     msp432p4xx_driverlib.lib : interrupt.o (.text:Interrupt_disableInterrupt)
                  00001d4c    00000064                              : interrupt.o (.text:Interrupt_enableInterrupt)
                  00001db0    00000054                              : cs.o (.text:CS_tuneDCOFrequency)
                  00001e04    00000054     rtsv7M4_T_le_v4SPD16_eabi.lib : boot.obj (.text)
                  00001e58    00000054                                   : exit.obj (.text)
                  00001eac    00000050     msp432p4xx_driverlib.lib : pcm.o (.text:PCM_shutdownDevice)
                  00001efc    00000050                              : sysctl.o (.text:SysCtl_getTLVInfo)
                  00001f4c    0000004c                              : gpio.o (.text:GPIO_setAsPeripheralModuleFunctionOutputPin)
                  00001f98    0000004c                              : cs.o (.text:_CSGetDOCFrequency)
                  00001fe4    0000004c     rtsv7M4_T_le_v4SPD16_eabi.lib : cpy_tbl.obj (.text)
                  00002030    00000048     msp432p4xx_driverlib.lib : gpio.o (.text:GPIO_setAsPeripheralModuleFunctionInputPin)
                  00002078    00000048                              : cs.o (.text:_CSGetDividerValue)
                  000020c0    0000003e                              : i2c.o (.text:I2C_initMaster)
                  000020fe    00000002     --HOLE-- [fill = 0]
                  00002100    0000003a     main.obj (.text)
                  0000213a    00000002     --HOLE-- [fill = 0]
                  0000213c    00000038     msp432p4xx_driverlib.lib : i2c.o (.text:I2C_masterSendMultiByteStart)
                  00002174    00000030                              : i2c.o (.text:I2C_masterSendMultiByteStop)
                  000021a4    00000030                              : uart.o (.text:UART_getEnabledInterruptStatus)
                  000021d4    0000002c                              : pcm.o (.text:PCM_getCoreVoltageLevel)
                  00002200    0000002a                              : pcm.o (.text:PCM_getPowerMode)
                  0000222a    00000002     --HOLE-- [fill = 0]
                  0000222c    00000028                              : flash.o (.text:FlashCtl_setWaitState)
                  00002254    00000028                              : pcm.o (.text:PCM_gotoLPM0)
                  0000227c    00000024                              : cs.o (.text:CS_clearInterruptFlag)
                  000022a0    00000024                              : cs.o (.text:CS_setDCOCenteredFrequency)
                  000022c4    00000024                              : gpio.o (.text:GPIO_setAsOutputPin)
                  000022e8    00000024                              : i2c.o (.text:I2C_masterSendMultiByteNext)
                  0000230c    00000024                              : rtc_c.o (.text:RTC_C_holdClock)
                  00002330    00000024                              : uart.o (.text:UART_receiveData)
                  00002354    00000024                              : uart.o (.text:UART_transmitData)
                  00002378    00000018                              : cs.o (.text:CS_getACLK)
                  00002390    00000018                              : cs.o (.text:CS_getMCLK)
                  000023a8    00000018                              : cs.o (.text:CS_getSMCLK)
                  000023c0    00000018                              : gpio.o (.text:GPIO_setOutputLowOnPin)
                  000023d8    00000018                              : wdt_a.o (.text:WDT_A_holdTimer)
                  000023f0    00000018     rtsv7M4_T_le_v4SPD16_eabi.lib : args_main.obj (.text)
                  00002408    00000016     msp432p4xx_driverlib.lib : uart.o (.text:UART_enableInterrupt)
                  0000241e    00000002     --HOLE-- [fill = 0]
                  00002420    00000014                              : gpio.o (.text:GPIO_setOutputHighOnPin)
                  00002434    00000014                              : i2c.o (.text:I2C_isBusBusy)
                  00002448    00000014     rtsv7M4_T_le_v4SPD16_eabi.lib : _lock.obj (.text)
                  0000245c    00000014                                   : strlen.obj (.text)
                  00002470    00000012     startup_msp432p401r_ccs.obj (.text)
                  00002482    00000010     msp432p4xx_driverlib.lib : i2c.o (.text:I2C_masterReceiveStart)
                  00002492    00000010                              : interrupt.o (.text:Interrupt_enableMaster)
                  000024a2    00000010                              : pcm.o (.text:PCM_gotoLPM4)
                  000024b2    0000000e                              : i2c.o (.text:I2C_clearInterruptFlag)
                  000024c0    0000000e                              : i2c.o (.text:I2C_disableInterrupt)
                  000024ce    0000000e                              : uart.o (.text:UART_clearInterruptFlag)
                  000024dc    0000000e     rtsv7M4_T_le_v4SPD16_eabi.lib : copy_decompress_none.obj (.text:decompress:none)
                  000024ea    0000000c     msp432p4xx_driverlib.lib : cpu.o (.text:CPU_cpsie)
                  000024f6    0000000c                              : i2c.o (.text:I2C_disableModule)
                  00002502    0000000c                              : i2c.o (.text:I2C_enableModule)
                  0000250e    00000002     --HOLE-- [fill = 0]
                  00002510    0000000c                              : pcm.o (.text:PCM_getPowerState)
                  0000251c    0000000c                              : uart.o (.text:UART_enableModule)
                  00002528    0000000c     rtsv7M4_T_le_v4SPD16_eabi.lib : copy_zero_init.obj (.text:decompress:ZI)
                  00002534    00000008     msp432p4xx_driverlib.lib : i2c.o (.text:I2C_enableInterrupt)
                  0000253c    00000008                              : pcm.o (.text:PCM_setPowerMode)
                  00002544    00000008                              : pcm.o (.text:PCM_setPowerState)
                  0000254c    00000006                              : i2c.o (.text:I2C_getInterruptStatus)
                  00002552    00000006                              : i2c.o (.text:I2C_masterReceiveMultiByteNext)
                  00002558    00000006                              : uart.o (.text:UART_getInterruptStatus)
                  0000255e    00000004                              : cpu.o (.text:CPU_wfi)
                  00002562    00000004                              : i2c.o (.text:I2C_setSlaveAddress)
                  00002566    00000004     rtsv7M4_T_le_v4SPD16_eabi.lib : pre_init.obj (.text)

.const     0    0000256c    000000ad     
                  0000256c    00000040     msp432p4xx_driverlib.lib : interrupt.o (.const)
                  000025ac    00000024     Wifi.obj (.const:$P$T0$1)
                  000025d0    00000024     bluetooth.obj (.const:$P$T0$1)
                  000025f4    00000024     xbee.obj (.const:$P$T0$1)
                  00002618    00000001     Wifi.obj (.const:.string:$P$T1$2)

.cinit     0    00002620    00000070     
                  00002620    00000049     (.cinit..data.load) [load image, compression = lzss]
                  00002669    00000003     --HOLE-- [fill = 0]
                  0000266c    0000000c     (__TI_handler_table)
                  00002678    00000008     (.cinit..bss.load) [load image, compression = zero_init]
                  00002680    00000010     (__TI_cinit_table)

.init_array 
*          0    00000000    00000000     UNINITIALIZED

.data      0    20000000    00000061     UNINITIALIZED
                  20000000    00000030     msp432p4xx_driverlib.lib : gpio.o (.data:GPIO_PORT_TO_BASE)
                  20000030    00000014     i2c_driver.obj (.data:i2cConfig)
                  20000044    0000000c     rtsv7M4_T_le_v4SPD16_eabi.lib : exit.obj (.data:$O1$$)
                  20000050    00000008                                   : _lock.obj (.data:$O1$$)
                  20000058    00000004                                   : stkdepth_vars.obj (.data)
                  2000005c    00000004     system_msp432p401r.obj (.data)
                  20000060    00000001     i2c_driver.obj (.data)

.bss       0    20000064    00000018     UNINITIALIZED
                  20000064    00000006     (.common:cont_state)
                  2000006a    00000001     (.common:ui8DummyRead)
                  2000006b    00000001     (.common:ui8Status)
                  2000006c    00000004     (.common:g_ui32ByteCount)
                  20000070    00000004     (.common:hfxtFreq)
                  20000074    00000004     (.common:lfxtFreq)
                  20000078    00000004     (.common:pData)

.stack     0    2000fe00    00000200     UNINITIALIZED
                  2000fe00    00000200     --HOLE--

MODULE SUMMARY

       Module                        code   ro data   rw data
       ------                        ----   -------   -------
    .\
       system_msp432p401r.obj        1152   0         8      
       startup_msp432p401r_ccs.obj   18     228       0      
       main.obj                      58     0         0      
    +--+-----------------------------+------+---------+---------+
       Total:                        1228   228       8      
                                                             
    .\BoardSupportPackage\src\
       i2c_driver.obj                1434   0         62     
       xbee.obj                      1144   36        12     
       Wifi.obj                      450    37        0      
       bluetooth.obj                 306    36        0      
       ClockSys.obj                  120    0         0      
    +--+-----------------------------+------+---------+---------+
       Total:                        3454   109       74     
                                                             
    C:/Users/Alex Perera/Desktop/Senior/CCS/BoardSupportPackage/DriverLib/msp432p4xx_driverlib.lib
       cs.o                          1348   0         16     
       pcm.o                         1186   0         0      
       gpio.o                        228    0         96     
       uart.o                        322    0         0      
       i2c.o                         320    0         0      
       interrupt.o                   216    64        0      
       sysctl.o                      80     0         0      
       flash.o                       40     0         0      
       rtc_c.o                       36     0         0      
       wdt_a.o                       24     0         0      
       cpu.o                         16     0         0      
    +--+-----------------------------+------+---------+---------+
       Total:                        3816   64        112    
                                                             
    C:\ti\ccsv7\tools\compiler\ti-cgt-arm_16.9.8.LTS\lib\rtsv7M4_T_le_v4SPD16_eabi.lib
       memcpy_t2.obj                 156    0         0      
       memset_t2.obj                 122    0         0      
       autoinit.obj                  112    0         0      
       exit.obj                      84     0         24     
       copy_decompress_lzss.obj      104    0         0      
       boot.obj                      84     0         0      
       cpy_tbl.obj                   76     0         0      
       _lock.obj                     20     0         16     
       args_main.obj                 24     0         0      
       strlen.obj                    20     0         0      
       copy_decompress_none.obj      14     0         0      
       copy_zero_init.obj            12     0         0      
       stkdepth_vars.obj             0      0         8      
       pre_init.obj                  4      0         0      
       mpu_init.obj                  2      0         0      
       startup.obj                   2      0         0      
    +--+-----------------------------+------+---------+---------+
       Total:                        836    0         48     
                                                             
       Stack:                        0      0         1024   
       Linker Generated:             0      109       0      
    +--+-----------------------------+------+---------+---------+
       Grand Total:                  9334   510       1266   


LINKER GENERATED COPY TABLES

__TI_cinit_table @ 00002680 records: 2, size/record: 8, table size: 16
	.data: load addr=00002620, load size=00000049 bytes, run addr=20000000, run size=00000061 bytes, compression=lzss
	.bss: load addr=00002678, load size=00000008 bytes, run addr=20000064, run size=00000018 bytes, compression=zero_init


LINKER GENERATED HANDLER TABLE

__TI_handler_table @ 0000266c records: 3, size/record: 4, table size: 12
	index: 0, handler: __TI_decompress_lzss
	index: 1, handler: __TI_decompress_none
	index: 2, handler: __TI_zero_init


GLOBAL SYMBOLS: SORTED ALPHABETICALLY BY Name 

address   name                                       
-------   ----                                       
00002481  ADC14_IRQHandler                           
00002481  AES256_IRQHandler                          
00002481  BusFault_Handler                           
00001e59  C$$EXIT                                    
00002481  COMP_E0_IRQHandler                         
00002481  COMP_E1_IRQHandler                         
000024eb  CPU_cpsie                                  
0000255f  CPU_wfi                                    
00002481  CS_IRQHandler                              
0000227d  CS_clearInterruptFlag                      
00002379  CS_getACLK                                 
00001565  CS_getDCOFrequency                         
00002391  CS_getMCLK                                 
000023a9  CS_getSMCLK                                
00001669  CS_initClockSignal                         
000022a1  CS_setDCOCenteredFrequency                 
000012e5  CS_setDCOFrequency                         
00001db1  CS_tuneDCOFrequency                        
00001c09  ClockSys_GetSysFreq                        
00001b99  ClockSys_SetMaxFreq                        
00002481  DMA_ERR_IRQHandler                         
00002481  DMA_INT0_IRQHandler                        
00002481  DMA_INT1_IRQHandler                        
00002481  DMA_INT2_IRQHandler                        
00002481  DMA_INT3_IRQHandler                        
00002481  DebugMon_Handler                           
00002481  Default_Handler                            
00002481  EUSCIA0_IRQHandler                         
00002481  EUSCIA1_IRQHandler                         
00000d91  EUSCIA2_IRQHandler                         
00000d91  EUSCIA2_IRQHandler                         
00001109  EUSCIA3_IRQHandler                         
00001109  EUSCIA3_IRQHandler                         
00002481  EUSCIB0_IRQHandler                         
00000571  EUSCIB1_IRQHandler                         
00000571  EUSCIB1_IRQHandler                         
00002481  EUSCIB2_IRQHandler                         
00002481  EUSCIB3_IRQHandler                         
00002481  FLCTL_IRQHandler                           
00002481  FPU_IRQHandler                             
0000222d  FlashCtl_setWaitState                      
000022c5  GPIO_setAsOutputPin                        
00002031  GPIO_setAsPeripheralModuleFunctionInputPin 
00001f4d  GPIO_setAsPeripheralModuleFunctionOutputPin
00002421  GPIO_setOutputHighOnPin                    
000023c1  GPIO_setOutputLowOnPin                     
00002481  HardFault_Handler                          
000024b3  I2C_clearInterruptFlag                     
000024c1  I2C_disableInterrupt                       
000024f7  I2C_disableModule                          
00002535  I2C_enableInterrupt                        
00002503  I2C_enableModule                           
00000683  I2C_getEnabledInterruptStatus              
0000254d  I2C_getInterruptStatus                     
000020c1  I2C_initMaster                             
00002435  I2C_isBusBusy                              
00002553  I2C_masterReceiveMultiByteNext             
00002483  I2C_masterReceiveStart                     
000022e9  I2C_masterSendMultiByteNext                
0000213d  I2C_masterSendMultiByteStart               
00002175  I2C_masterSendMultiByteStop                
00002563  I2C_setSlaveAddress                        
00001ce9  Interrupt_disableInterrupt                 
00001d4d  Interrupt_enableInterrupt                  
00002493  Interrupt_enableMaster                     
00002481  MemManage_Handler                          
00002481  NMI_Handler                                
00002481  PCM_IRQHandler                             
000021d5  PCM_getCoreVoltageLevel                    
00002201  PCM_getPowerMode                           
00002511  PCM_getPowerState                          
00002255  PCM_gotoLPM0                               
00001aa1  PCM_gotoLPM3                               
000024a3  PCM_gotoLPM4                               
0000253d  PCM_setPowerMode                           
00002545  PCM_setPowerState                          
00001ead  PCM_shutdownDevice                         
00002481  PORT1_IRQHandler                           
00002481  PORT2_IRQHandler                           
00002481  PORT3_IRQHandler                           
00002481  PORT4_IRQHandler                           
00002481  PORT5_IRQHandler                           
00002481  PORT6_IRQHandler                           
00002481  PSS_IRQHandler                             
00002481  PendSV_Handler                             
00002481  RTC_C_IRQHandler                           
0000230d  RTC_C_holdClock                            
00002471  Reset_Handler                              
UNDEFED   SHT$$INIT_ARRAY$$Base                      
UNDEFED   SHT$$INIT_ARRAY$$Limit                     
00002481  SVC_Handler                                
00001efd  SysCtl_getTLVInfo                          
00002481  SysTick_Handler                            
2000005c  SystemCoreClock                            
00000689  SystemCoreClockUpdate                      
00000a69  SystemInit                                 
00002481  T32_INT1_IRQHandler                        
00002481  T32_INT2_IRQHandler                        
00002481  T32_INTC_IRQHandler                        
00002481  TA0_0_IRQHandler                           
00002481  TA0_N_IRQHandler                           
00002481  TA1_0_IRQHandler                           
00002481  TA1_N_IRQHandler                           
00002481  TA2_0_IRQHandler                           
00002481  TA2_N_IRQHandler                           
00002481  TA3_0_IRQHandler                           
00002481  TA3_N_IRQHandler                           
000024cf  UART_clearInterruptFlag                    
00002409  UART_enableInterrupt                       
0000251d  UART_enableModule                          
000021a5  UART_getEnabledInterruptStatus             
00002559  UART_getInterruptStatus                    
00001a0d  UART_initModule                            
00002331  UART_receiveData                           
00002355  UART_transmitData                          
00002481  UsageFault_Handler                         
4000480c  WDTCTL_SYM                                 
00002481  WDT_A_IRQHandler                           
000023d9  WDT_A_holdTimer                            
00000fb1  Wifi_Init_UART                             
00001059  Wifi_ReceivefromWifi                       
000010b1  Wifi_Send_Pic                              
00001009  Wifi_SendtoWifi                            
00000b79  XBEE_SEND_BASIC_CONTROLLER_PACKET          
00000c59  XBEE_SEND_CONTROLLER_STATE                 
00000b09  XBEE_UART_INIT                             
20010000  __STACK_END                                
00000200  __STACK_SIZE                               
00002680  __TI_CINIT_Base                            
00002690  __TI_CINIT_Limit                           
0000266c  __TI_Handler_Table_Base                    
00002678  __TI_Handler_Table_Limit                   
00001c11  __TI_auto_init                             
20000044  __TI_cleanup_ptr                           
00001c81  __TI_decompress_lzss                       
000024dd  __TI_decompress_none                       
20000048  __TI_dtors_ptr                             
2000004c  __TI_enable_exit_profile_output            
ffffffff  __TI_pprof_out_hndl                        
ffffffff  __TI_prof_data_size                        
ffffffff  __TI_prof_data_start                       
00000000  __TI_static_base__                         
00002529  __TI_zero_init                             
00001b1d  __aeabi_memclr                             
00001b1d  __aeabi_memclr4                            
00001b1d  __aeabi_memclr8                            
00001971  __aeabi_memcpy                             
00001971  __aeabi_memcpy4                            
00001971  __aeabi_memcpy8                            
00001b1f  __aeabi_memset                             
00001b1f  __aeabi_memset4                            
00001b1f  __aeabi_memset8                            
ffffffff  __binit__                                  
ffffffff  __c_args__                                 
000012e3  __mpu_init                                 
2000fe00  __stack                                    
000023f1  _args_main                                 
00001e05  _c_int00                                   
20000050  _lock                                      
00002457  _nop                                       
0000244f  _register_lock                             
00002449  _register_unlock                           
00001563  _system_post_cinit                         
00002567  _system_pre_init                           
20000054  _unlock                                    
00001e5d  abort                                      
ffffffff  binit                                      
00001431  bluetooth_init                             
00001529  bluetooth_uart_receive                     
000014e1  bluetooth_uart_send                        
20000060  burstMode                                  
20000064  cont_state                                 
00001fe5  copy_in                                    
00001e65  exit                                       
2000006c  g_ui32ByteCount                            
20000030  i2cConfig                                  
00000139  initI2C                                    
00000000  interruptVectors                           
00002101  main                                       
20000058  main_func_sp                               
00001971  memcpy                                     
00001b25  memset                                     
20000078  pData                                      
000003f1  readBurstI2C                               
00000271  readI2C                                    
0000245d  strlen                                     
2000006a  ui8DummyRead                               
2000006b  ui8Status                                  
00000161  writeI2C                                   


GLOBAL SYMBOLS: SORTED BY Symbol Address 

address   name                                       
-------   ----                                       
00000000  __TI_static_base__                         
00000000  interruptVectors                           
00000139  initI2C                                    
00000161  writeI2C                                   
00000200  __STACK_SIZE                               
00000271  readI2C                                    
000003f1  readBurstI2C                               
00000571  EUSCIB1_IRQHandler                         
00000571  EUSCIB1_IRQHandler                         
00000683  I2C_getEnabledInterruptStatus              
00000689  SystemCoreClockUpdate                      
00000a69  SystemInit                                 
00000b09  XBEE_UART_INIT                             
00000b79  XBEE_SEND_BASIC_CONTROLLER_PACKET          
00000c59  XBEE_SEND_CONTROLLER_STATE                 
00000d91  EUSCIA2_IRQHandler                         
00000d91  EUSCIA2_IRQHandler                         
00000fb1  Wifi_Init_UART                             
00001009  Wifi_SendtoWifi                            
00001059  Wifi_ReceivefromWifi                       
000010b1  Wifi_Send_Pic                              
00001109  EUSCIA3_IRQHandler                         
00001109  EUSCIA3_IRQHandler                         
000012e3  __mpu_init                                 
000012e5  CS_setDCOFrequency                         
00001431  bluetooth_init                             
000014e1  bluetooth_uart_send                        
00001529  bluetooth_uart_receive                     
00001563  _system_post_cinit                         
00001565  CS_getDCOFrequency                         
00001669  CS_initClockSignal                         
00001971  __aeabi_memcpy                             
00001971  __aeabi_memcpy4                            
00001971  __aeabi_memcpy8                            
00001971  memcpy                                     
00001a0d  UART_initModule                            
00001aa1  PCM_gotoLPM3                               
00001b1d  __aeabi_memclr                             
00001b1d  __aeabi_memclr4                            
00001b1d  __aeabi_memclr8                            
00001b1f  __aeabi_memset                             
00001b1f  __aeabi_memset4                            
00001b1f  __aeabi_memset8                            
00001b25  memset                                     
00001b99  ClockSys_SetMaxFreq                        
00001c09  ClockSys_GetSysFreq                        
00001c11  __TI_auto_init                             
00001c81  __TI_decompress_lzss                       
00001ce9  Interrupt_disableInterrupt                 
00001d4d  Interrupt_enableInterrupt                  
00001db1  CS_tuneDCOFrequency                        
00001e05  _c_int00                                   
00001e59  C$$EXIT                                    
00001e5d  abort                                      
00001e65  exit                                       
00001ead  PCM_shutdownDevice                         
00001efd  SysCtl_getTLVInfo                          
00001f4d  GPIO_setAsPeripheralModuleFunctionOutputPin
00001fe5  copy_in                                    
00002031  GPIO_setAsPeripheralModuleFunctionInputPin 
000020c1  I2C_initMaster                             
00002101  main                                       
0000213d  I2C_masterSendMultiByteStart               
00002175  I2C_masterSendMultiByteStop                
000021a5  UART_getEnabledInterruptStatus             
000021d5  PCM_getCoreVoltageLevel                    
00002201  PCM_getPowerMode                           
0000222d  FlashCtl_setWaitState                      
00002255  PCM_gotoLPM0                               
0000227d  CS_clearInterruptFlag                      
000022a1  CS_setDCOCenteredFrequency                 
000022c5  GPIO_setAsOutputPin                        
000022e9  I2C_masterSendMultiByteNext                
0000230d  RTC_C_holdClock                            
00002331  UART_receiveData                           
00002355  UART_transmitData                          
00002379  CS_getACLK                                 
00002391  CS_getMCLK                                 
000023a9  CS_getSMCLK                                
000023c1  GPIO_setOutputLowOnPin                     
000023d9  WDT_A_holdTimer                            
000023f1  _args_main                                 
00002409  UART_enableInterrupt                       
00002421  GPIO_setOutputHighOnPin                    
00002435  I2C_isBusBusy                              
00002449  _register_unlock                           
0000244f  _register_lock                             
00002457  _nop                                       
0000245d  strlen                                     
00002471  Reset_Handler                              
00002481  ADC14_IRQHandler                           
00002481  AES256_IRQHandler                          
00002481  BusFault_Handler                           
00002481  COMP_E0_IRQHandler                         
00002481  COMP_E1_IRQHandler                         
00002481  CS_IRQHandler                              
00002481  DMA_ERR_IRQHandler                         
00002481  DMA_INT0_IRQHandler                        
00002481  DMA_INT1_IRQHandler                        
00002481  DMA_INT2_IRQHandler                        
00002481  DMA_INT3_IRQHandler                        
00002481  DebugMon_Handler                           
00002481  Default_Handler                            
00002481  EUSCIA0_IRQHandler                         
00002481  EUSCIA1_IRQHandler                         
00002481  EUSCIB0_IRQHandler                         
00002481  EUSCIB2_IRQHandler                         
00002481  EUSCIB3_IRQHandler                         
00002481  FLCTL_IRQHandler                           
00002481  FPU_IRQHandler                             
00002481  HardFault_Handler                          
00002481  MemManage_Handler                          
00002481  NMI_Handler                                
00002481  PCM_IRQHandler                             
00002481  PORT1_IRQHandler                           
00002481  PORT2_IRQHandler                           
00002481  PORT3_IRQHandler                           
00002481  PORT4_IRQHandler                           
00002481  PORT5_IRQHandler                           
00002481  PORT6_IRQHandler                           
00002481  PSS_IRQHandler                             
00002481  PendSV_Handler                             
00002481  RTC_C_IRQHandler                           
00002481  SVC_Handler                                
00002481  SysTick_Handler                            
00002481  T32_INT1_IRQHandler                        
00002481  T32_INT2_IRQHandler                        
00002481  T32_INTC_IRQHandler                        
00002481  TA0_0_IRQHandler                           
00002481  TA0_N_IRQHandler                           
00002481  TA1_0_IRQHandler                           
00002481  TA1_N_IRQHandler                           
00002481  TA2_0_IRQHandler                           
00002481  TA2_N_IRQHandler                           
00002481  TA3_0_IRQHandler                           
00002481  TA3_N_IRQHandler                           
00002481  UsageFault_Handler                         
00002481  WDT_A_IRQHandler                           
00002483  I2C_masterReceiveStart                     
00002493  Interrupt_enableMaster                     
000024a3  PCM_gotoLPM4                               
000024b3  I2C_clearInterruptFlag                     
000024c1  I2C_disableInterrupt                       
000024cf  UART_clearInterruptFlag                    
000024dd  __TI_decompress_none                       
000024eb  CPU_cpsie                                  
000024f7  I2C_disableModule                          
00002503  I2C_enableModule                           
00002511  PCM_getPowerState                          
0000251d  UART_enableModule                          
00002529  __TI_zero_init                             
00002535  I2C_enableInterrupt                        
0000253d  PCM_setPowerMode                           
00002545  PCM_setPowerState                          
0000254d  I2C_getInterruptStatus                     
00002553  I2C_masterReceiveMultiByteNext             
00002559  UART_getInterruptStatus                    
0000255f  CPU_wfi                                    
00002563  I2C_setSlaveAddress                        
00002567  _system_pre_init                           
0000266c  __TI_Handler_Table_Base                    
00002678  __TI_Handler_Table_Limit                   
00002680  __TI_CINIT_Base                            
00002690  __TI_CINIT_Limit                           
20000030  i2cConfig                                  
20000044  __TI_cleanup_ptr                           
20000048  __TI_dtors_ptr                             
2000004c  __TI_enable_exit_profile_output            
20000050  _lock                                      
20000054  _unlock                                    
20000058  main_func_sp                               
2000005c  SystemCoreClock                            
20000060  burstMode                                  
20000064  cont_state                                 
2000006a  ui8DummyRead                               
2000006b  ui8Status                                  
2000006c  g_ui32ByteCount                            
20000078  pData                                      
2000fe00  __stack                                    
20010000  __STACK_END                                
4000480c  WDTCTL_SYM                                 
ffffffff  __TI_pprof_out_hndl                        
ffffffff  __TI_prof_data_size                        
ffffffff  __TI_prof_data_start                       
ffffffff  __binit__                                  
ffffffff  __c_args__                                 
ffffffff  binit                                      
UNDEFED   SHT$$INIT_ARRAY$$Base                      
UNDEFED   SHT$$INIT_ARRAY$$Limit                     

[189 symbols]
