******************************************************************************
                  TI ARM Linker PC v16.9.8                     
******************************************************************************
>> Linked Wed Oct 24 21:05:34 2018

OUTPUT FILE NAME:   <Test.out>
ENTRY POINT SYMBOL: "_c_int00"  address: 00001aed


MEMORY CONFIGURATION

         name            origin    length      used     unused   attr    fill
----------------------  --------  ---------  --------  --------  ----  --------
  MAIN                  00000000   00040000  000022b8  0003dd48  R  X
  INFO                  00200000   00004000  00000000  00004000  R  X
  SRAM_CODE             01000000   00010000  00000273  0000fd8d  RW X
  SRAM_DATA             20000000   00010000  00000273  0000fd8d  RW  


SEGMENT ALLOCATION MAP

run origin  load origin   length   init length attrs members
----------  ----------- ---------- ----------- ----- -------
00000000    00000000    000022c0   000022c0    r-x
  00000000    00000000    000000e4   000000e4    r-- .intvecs
  000000e8    000000e8    00002100   00002100    r-x .text
  000021e8    000021e8    00000064   00000064    r-- .const
  00002250    00002250    00000070   00000070    r-- .cinit
20000000    20000000    00000076   00000000    rw-
  20000000    20000000    00000061   00000000    rw- .data
  20000064    20000064    00000012   00000000    rw- .bss
2000fe00    2000fe00    00000200   00000000    rw-
  2000fe00    2000fe00    00000200   00000000    rw- .stack


SECTION ALLOCATION MAP

 output                                  attributes/
section   page    origin      length       input sections
--------  ----  ----------  ----------   ----------------
.intvecs   0    00000000    000000e4     
                  00000000    000000e4     startup_msp432p401r_ccs.obj (.intvecs:retain)

.binit     0    00000000    00000000     

.text      0    000000e8    00002100     
                  000000e8    0000059a     i2c_driver.obj (.text)
                  00000682    00000006     msp432p4xx_driverlib.lib : i2c.o (.text:I2C_getEnabledInterruptStatus)
                  00000688    00000480     system_msp432p401r.obj (.text)
                  00000b08    000001e8     Servo.obj (.text)
                  00000cf0    000001a0     msp432p4xx_driverlib.lib : pcm.o (.text:__PCM_setPowerStateAdvanced)
                  00000e90    0000014c                              : cs.o (.text:CS_setDCOFrequency)
                  00000fdc    00000104                              : cs.o (.text:CS_getDCOFrequency)
                  000010e0    000000e6     pwm.obj (.text)
                  000011c6    00000002     rtsv7M4_T_le_v4SPD16_eabi.lib : mpu_init.obj (.text)
                  000011c8    000000e0     msp432p4xx_driverlib.lib : cs.o (.text:CS_initClockSignal)
                  000012a8    000000dc                              : pcm.o (.text:__PCM_setPowerModeAdvanced)
                  00001384    00000004                              : cpu.o (.text:CPU_wfi)
                  00001388    000000ce     xbee.obj (.text)
                  00001456    000000b2     msp432p4xx_driverlib.lib : timer_a.o (.text:privateTimer_AProcessClockSourceDivider)
                  00001508    000000b0                              : pcm.o (.text:__PCM_setCoreVoltageLevelAdvanced)
                  000015b8    0000009c                              : cs.o (.text:_CSComputeCLKFrequency)
                  00001654    0000009c     rtsv7M4_T_le_v4SPD16_eabi.lib : memcpy_t2.obj (.text)
                  000016f0    00000094     msp432p4xx_driverlib.lib : uart.o (.text:UART_initModule)
                  00001784    0000007c                              : pcm.o (.text:PCM_gotoLPM3)
                  00001800    0000007a     rtsv7M4_T_le_v4SPD16_eabi.lib : memset_t2.obj (.text)
                  0000187a    00000006     msp432p4xx_driverlib.lib : i2c.o (.text:I2C_getInterruptStatus)
                  00001880    00000078     ClockSys.obj (.text)
                  000018f8    00000070     rtsv7M4_T_le_v4SPD16_eabi.lib : autoinit.obj (.text)
                  00001968    00000068                                   : copy_decompress_lzss.obj (.text:decompress:lzss)
                  000019d0    00000064     msp432p4xx_driverlib.lib : interrupt.o (.text:Interrupt_disableInterrupt)
                  00001a34    00000064                              : interrupt.o (.text:Interrupt_enableInterrupt)
                  00001a98    00000054                              : cs.o (.text:CS_tuneDCOFrequency)
                  00001aec    00000054     rtsv7M4_T_le_v4SPD16_eabi.lib : boot.obj (.text)
                  00001b40    00000054                                   : exit.obj (.text)
                  00001b94    00000050     msp432p4xx_driverlib.lib : pcm.o (.text:PCM_shutdownDevice)
                  00001be4    00000050                              : sysctl.o (.text:SysCtl_getTLVInfo)
                  00001c34    0000004c                              : gpio.o (.text:GPIO_setAsPeripheralModuleFunctionOutputPin)
                  00001c80    0000004c                              : cs.o (.text:_CSGetDOCFrequency)
                  00001ccc    0000004c     rtsv7M4_T_le_v4SPD16_eabi.lib : cpy_tbl.obj (.text)
                  00001d18    00000048     msp432p4xx_driverlib.lib : gpio.o (.text:GPIO_setAsPeripheralModuleFunctionInputPin)
                  00001d60    00000048                              : timer_a.o (.text:Timer_A_generatePWM)
                  00001da8    00000048                              : cs.o (.text:_CSGetDividerValue)
                  00001df0    00000042     main.obj (.text)
                  00001e32    0000003e     msp432p4xx_driverlib.lib : i2c.o (.text:I2C_initMaster)
                  00001e70    00000038                              : i2c.o (.text:I2C_masterSendMultiByteStart)
                  00001ea8    00000030                              : i2c.o (.text:I2C_masterSendMultiByteStop)
                  00001ed8    00000030                              : uart.o (.text:UART_getEnabledInterruptStatus)
                  00001f08    0000002c                              : pcm.o (.text:PCM_getCoreVoltageLevel)
                  00001f34    0000002a                              : pcm.o (.text:PCM_getPowerMode)
                  00001f5e    00000002     rtsv7M4_T_le_v4SPD16_eabi.lib : startup.obj (.text)
                  00001f60    00000028     msp432p4xx_driverlib.lib : flash.o (.text:FlashCtl_setWaitState)
                  00001f88    00000028                              : pcm.o (.text:PCM_gotoLPM0)
                  00001fb0    00000024                              : cs.o (.text:CS_clearInterruptFlag)
                  00001fd4    00000024                              : cs.o (.text:CS_setDCOCenteredFrequency)
                  00001ff8    00000024                              : i2c.o (.text:I2C_masterSendMultiByteNext)
                  0000201c    00000024                              : rtc_c.o (.text:RTC_C_holdClock)
                  00002040    00000018                              : cs.o (.text:CS_getACLK)
                  00002058    00000018                              : cs.o (.text:CS_getMCLK)
                  00002070    00000018                              : cs.o (.text:CS_getSMCLK)
                  00002088    00000018                              : wdt_a.o (.text:WDT_A_holdTimer)
                  000020a0    00000018     rtsv7M4_T_le_v4SPD16_eabi.lib : args_main.obj (.text)
                  000020b8    00000016     msp432p4xx_driverlib.lib : uart.o (.text:UART_enableInterrupt)
                  000020ce    00000002     --HOLE-- [fill = 0]
                  000020d0    00000014                              : i2c.o (.text:I2C_isBusBusy)
                  000020e4    00000014     rtsv7M4_T_le_v4SPD16_eabi.lib : _lock.obj (.text)
                  000020f8    00000012     startup_msp432p401r_ccs.obj (.text)
                  0000210a    00000010     msp432p4xx_driverlib.lib : i2c.o (.text:I2C_masterReceiveStart)
                  0000211a    00000010                              : interrupt.o (.text:Interrupt_enableMaster)
                  0000212a    00000010                              : pcm.o (.text:PCM_gotoLPM4)
                  0000213a    0000000e                              : i2c.o (.text:I2C_clearInterruptFlag)
                  00002148    0000000e                              : i2c.o (.text:I2C_disableInterrupt)
                  00002156    0000000e                              : uart.o (.text:UART_clearInterruptFlag)
                  00002164    0000000e     rtsv7M4_T_le_v4SPD16_eabi.lib : copy_decompress_none.obj (.text:decompress:none)
                  00002172    0000000c     msp432p4xx_driverlib.lib : cpu.o (.text:CPU_cpsie)
                  0000217e    0000000c                              : i2c.o (.text:I2C_disableModule)
                  0000218a    0000000c                              : i2c.o (.text:I2C_enableModule)
                  00002196    00000002     --HOLE-- [fill = 0]
                  00002198    0000000c                              : pcm.o (.text:PCM_getPowerState)
                  000021a4    0000000c                              : uart.o (.text:UART_enableModule)
                  000021b0    0000000c     rtsv7M4_T_le_v4SPD16_eabi.lib : copy_zero_init.obj (.text:decompress:ZI)
                  000021bc    00000008     msp432p4xx_driverlib.lib : i2c.o (.text:I2C_enableInterrupt)
                  000021c4    00000008                              : pcm.o (.text:PCM_setPowerMode)
                  000021cc    00000008                              : pcm.o (.text:PCM_setPowerState)
                  000021d4    00000006                              : i2c.o (.text:I2C_masterReceiveMultiByteNext)
                  000021da    00000006                              : uart.o (.text:UART_getInterruptStatus)
                  000021e0    00000004                              : i2c.o (.text:I2C_setSlaveAddress)
                  000021e4    00000004     rtsv7M4_T_le_v4SPD16_eabi.lib : pre_init.obj (.text)

.const     0    000021e8    00000064     
                  000021e8    00000040     msp432p4xx_driverlib.lib : interrupt.o (.const)
                  00002228    00000024     xbee.obj (.const:$P$T0$1)

.cinit     0    00002250    00000070     
                  00002250    00000049     (.cinit..data.load) [load image, compression = lzss]
                  00002299    00000003     --HOLE-- [fill = 0]
                  0000229c    0000000c     (__TI_handler_table)
                  000022a8    00000008     (.cinit..bss.load) [load image, compression = zero_init]
                  000022b0    00000010     (__TI_cinit_table)

.init_array 
*          0    00000000    00000000     UNINITIALIZED

.data      0    20000000    00000061     UNINITIALIZED
                  20000000    00000030     msp432p4xx_driverlib.lib : gpio.o (.data:GPIO_PORT_TO_BASE)
                  20000030    00000014     i2c_driver.obj (.data:i2cConfig)
                  20000044    0000000c     rtsv7M4_T_le_v4SPD16_eabi.lib : exit.obj (.data:$O1$$)
                  20000050    00000008                                   : _lock.obj (.data:$O1$$)
                  20000058    00000004                                   : stkdepth_vars.obj (.data)
                  2000005c    00000004     system_msp432p401r.obj (.data)
                  20000060    00000001     i2c_driver.obj (.data)

.bss       0    20000064    00000012     UNINITIALIZED
                  20000064    00000004     (.common:g_ui32ByteCount)
                  20000068    00000004     (.common:hfxtFreq)
                  2000006c    00000004     (.common:lfxtFreq)
                  20000070    00000004     (.common:pData)
                  20000074    00000001     (.common:ui8DummyRead)
                  20000075    00000001     (.common:ui8Status)

.stack     0    2000fe00    00000200     UNINITIALIZED
                  2000fe00    00000200     --HOLE--

MODULE SUMMARY

       Module                        code   ro data   rw data
       ------                        ----   -------   -------
    .\
       system_msp432p401r.obj        1152   0         8      
       startup_msp432p401r_ccs.obj   18     228       0      
       main.obj                      66     0         0      
    +--+-----------------------------+------+---------+---------+
       Total:                        1236   228       8      
                                                             
    .\BoardSupportPackage\src\
       i2c_driver.obj                1434   0         62     
       Servo.obj                     488    0         0      
       xbee.obj                      206    36        0      
       pwm.obj                       230    0         0      
       ClockSys.obj                  120    0         0      
    +--+-----------------------------+------+---------+---------+
       Total:                        2478   36        62     
                                                             
    C:/Users/Alex Perera/Desktop/Senior/CCS/BoardSupportPackage/DriverLib/msp432p4xx_driverlib.lib
       cs.o                          1348   0         16     
       pcm.o                         1186   0         0      
       i2c.o                         320    0         0      
       interrupt.o                   216    64        0      
       timer_a.o                     250    0         0      
       uart.o                        250    0         0      
       gpio.o                        148    0         96     
       sysctl.o                      80     0         0      
       flash.o                       40     0         0      
       rtc_c.o                       36     0         0      
       wdt_a.o                       24     0         0      
       cpu.o                         16     0         0      
    +--+-----------------------------+------+---------+---------+
       Total:                        3914   64        112    
                                                             
    C:\ti\ccsv7\tools\compiler\ti-cgt-arm_16.9.8.LTS\lib\rtsv7M4_T_le_v4SPD16_eabi.lib
       memcpy_t2.obj                 156    0         0      
       memset_t2.obj                 122    0         0      
       autoinit.obj                  112    0         0      
       exit.obj                      84     0         24     
       copy_decompress_lzss.obj      104    0         0      
       boot.obj                      84     0         0      
       cpy_tbl.obj                   76     0         0      
       _lock.obj                     20     0         16     
       args_main.obj                 24     0         0      
       copy_decompress_none.obj      14     0         0      
       copy_zero_init.obj            12     0         0      
       stkdepth_vars.obj             0      0         8      
       pre_init.obj                  4      0         0      
       mpu_init.obj                  2      0         0      
       startup.obj                   2      0         0      
    +--+-----------------------------+------+---------+---------+
       Total:                        816    0         48     
                                                             
       Stack:                        0      0         1024   
       Linker Generated:             0      109       0      
    +--+-----------------------------+------+---------+---------+
       Grand Total:                  8444   437       1254   


LINKER GENERATED COPY TABLES

__TI_cinit_table @ 000022b0 records: 2, size/record: 8, table size: 16
	.data: load addr=00002250, load size=00000049 bytes, run addr=20000000, run size=00000061 bytes, compression=lzss
	.bss: load addr=000022a8, load size=00000008 bytes, run addr=20000064, run size=00000012 bytes, compression=zero_init


LINKER GENERATED HANDLER TABLE

__TI_handler_table @ 0000229c records: 3, size/record: 4, table size: 12
	index: 0, handler: __TI_decompress_lzss
	index: 1, handler: __TI_decompress_none
	index: 2, handler: __TI_zero_init


GLOBAL SYMBOLS: SORTED ALPHABETICALLY BY Name 

address   name                                       
-------   ----                                       
00002109  ADC14_IRQHandler                           
00002109  AES256_IRQHandler                          
00002109  BusFault_Handler                           
00001b41  C$$EXIT                                    
00002109  COMP_E0_IRQHandler                         
00002109  COMP_E1_IRQHandler                         
00002173  CPU_cpsie                                  
00001385  CPU_wfi                                    
00002109  CS_IRQHandler                              
00001fb1  CS_clearInterruptFlag                      
00002041  CS_getACLK                                 
00000fdd  CS_getDCOFrequency                         
00002059  CS_getMCLK                                 
00002071  CS_getSMCLK                                
000011c9  CS_initClockSignal                         
00001fd5  CS_setDCOCenteredFrequency                 
00000e91  CS_setDCOFrequency                         
00001a99  CS_tuneDCOFrequency                        
000018f1  ClockSys_GetSysFreq                        
00001881  ClockSys_SetMaxFreq                        
00002109  DMA_ERR_IRQHandler                         
00002109  DMA_INT0_IRQHandler                        
00002109  DMA_INT1_IRQHandler                        
00002109  DMA_INT2_IRQHandler                        
00002109  DMA_INT3_IRQHandler                        
00002109  DebugMon_Handler                           
00002109  Default_Handler                            
00002109  EUSCIA0_IRQHandler                         
00002109  EUSCIA1_IRQHandler                         
000013f9  EUSCIA2_IRQHandler                         
000013f9  EUSCIA2_IRQHandler                         
00002109  EUSCIA3_IRQHandler                         
00002109  EUSCIB0_IRQHandler                         
00000571  EUSCIB1_IRQHandler                         
00000571  EUSCIB1_IRQHandler                         
00002109  EUSCIB2_IRQHandler                         
00002109  EUSCIB3_IRQHandler                         
00002109  FLCTL_IRQHandler                           
00002109  FPU_IRQHandler                             
00001f61  FlashCtl_setWaitState                      
00001d19  GPIO_setAsPeripheralModuleFunctionInputPin 
00001c35  GPIO_setAsPeripheralModuleFunctionOutputPin
00002109  HardFault_Handler                          
0000213b  I2C_clearInterruptFlag                     
00002149  I2C_disableInterrupt                       
0000217f  I2C_disableModule                          
000021bd  I2C_enableInterrupt                        
0000218b  I2C_enableModule                           
00000683  I2C_getEnabledInterruptStatus              
0000187b  I2C_getInterruptStatus                     
00001e33  I2C_initMaster                             
000020d1  I2C_isBusBusy                              
000021d5  I2C_masterReceiveMultiByteNext             
0000210b  I2C_masterReceiveStart                     
00001ff9  I2C_masterSendMultiByteNext                
00001e71  I2C_masterSendMultiByteStart               
00001ea9  I2C_masterSendMultiByteStop                
000021e1  I2C_setSlaveAddress                        
000019d1  Interrupt_disableInterrupt                 
00001a35  Interrupt_enableInterrupt                  
0000211b  Interrupt_enableMaster                     
00002109  MemManage_Handler                          
00002109  NMI_Handler                                
00002109  PCM_IRQHandler                             
00001f09  PCM_getCoreVoltageLevel                    
00001f35  PCM_getPowerMode                           
00002199  PCM_getPowerState                          
00001f89  PCM_gotoLPM0                               
00001785  PCM_gotoLPM3                               
0000212b  PCM_gotoLPM4                               
000021c5  PCM_setPowerMode                           
000021cd  PCM_setPowerState                          
00001b95  PCM_shutdownDevice                         
00002109  PORT1_IRQHandler                           
00002109  PORT2_IRQHandler                           
00002109  PORT3_IRQHandler                           
00002109  PORT4_IRQHandler                           
00002109  PORT5_IRQHandler                           
00002109  PORT6_IRQHandler                           
00002109  PSS_IRQHandler                             
000010e1  PWM_INIT_MOTOR                             
00001121  PWM_INIT_SERVO                             
00002109  PendSV_Handler                             
00002109  RTC_C_IRQHandler                           
0000201d  RTC_C_holdClock                            
000020f9  Reset_Handler                              
000011a1  Restart_Timer                              
UNDEFED   SHT$$INIT_ARRAY$$Base                      
UNDEFED   SHT$$INIT_ARRAY$$Limit                     
00002109  SVC_Handler                                
00000bd9  Servo_Change_Position                      
00000b39  Servo_Init                                 
00000bc1  Servo_Restart                              
00000ba9  Servo_Stop                                 
00000cb1  Servo_Up                                   
00000c09  Servo_Up_Down                              
00001161  Stop_Timer                                 
00001be5  SysCtl_getTLVInfo                          
00002109  SysTick_Handler                            
2000005c  SystemCoreClock                            
00000689  SystemCoreClockUpdate                      
00000a69  SystemInit                                 
00002109  T32_INT1_IRQHandler                        
00002109  T32_INT2_IRQHandler                        
00002109  T32_INTC_IRQHandler                        
00002109  TA0_0_IRQHandler                           
00002109  TA0_N_IRQHandler                           
00002109  TA1_0_IRQHandler                           
00002109  TA1_N_IRQHandler                           
00002109  TA2_0_IRQHandler                           
00002109  TA2_N_IRQHandler                           
00002109  TA3_0_IRQHandler                           
00002109  TA3_N_IRQHandler                           
00001d61  Timer_A_generatePWM                        
00002157  UART_clearInterruptFlag                    
000020b9  UART_enableInterrupt                       
000021a5  UART_enableModule                          
00001ed9  UART_getEnabledInterruptStatus             
000021db  UART_getInterruptStatus                    
000016f1  UART_initModule                            
00002109  UsageFault_Handler                         
4000480c  WDTCTL_SYM                                 
00002109  WDT_A_IRQHandler                           
00002089  WDT_A_holdTimer                            
00001389  XBEE_UART_INIT                             
20010000  __STACK_END                                
00000200  __STACK_SIZE                               
000022b0  __TI_CINIT_Base                            
000022c0  __TI_CINIT_Limit                           
0000229c  __TI_Handler_Table_Base                    
000022a8  __TI_Handler_Table_Limit                   
000018f9  __TI_auto_init                             
20000044  __TI_cleanup_ptr                           
00001969  __TI_decompress_lzss                       
00002165  __TI_decompress_none                       
20000048  __TI_dtors_ptr                             
2000004c  __TI_enable_exit_profile_output            
ffffffff  __TI_pprof_out_hndl                        
ffffffff  __TI_prof_data_size                        
ffffffff  __TI_prof_data_start                       
00000000  __TI_static_base__                         
000021b1  __TI_zero_init                             
00001801  __aeabi_memclr                             
00001801  __aeabi_memclr4                            
00001801  __aeabi_memclr8                            
00001655  __aeabi_memcpy                             
00001655  __aeabi_memcpy4                            
00001655  __aeabi_memcpy8                            
00001803  __aeabi_memset                             
00001803  __aeabi_memset4                            
00001803  __aeabi_memset8                            
ffffffff  __binit__                                  
ffffffff  __c_args__                                 
000011c7  __mpu_init                                 
2000fe00  __stack                                    
000020a1  _args_main                                 
00001aed  _c_int00                                   
20000050  _lock                                      
000020f3  _nop                                       
000020eb  _register_lock                             
000020e5  _register_unlock                           
00001f5f  _system_post_cinit                         
000021e5  _system_pre_init                           
20000054  _unlock                                    
00001b45  abort                                      
ffffffff  binit                                      
20000060  burstMode                                  
00001ccd  copy_in                                    
00001b4d  exit                                       
20000064  g_ui32ByteCount                            
20000030  i2cConfig                                  
00000139  initI2C                                    
00000000  interruptVectors                           
00001df1  main                                       
20000058  main_func_sp                               
00001655  memcpy                                     
00001809  memset                                     
20000070  pData                                      
000003f1  readBurstI2C                               
00000271  readI2C                                    
20000074  ui8DummyRead                               
20000075  ui8Status                                  
00000161  writeI2C                                   


GLOBAL SYMBOLS: SORTED BY Symbol Address 

address   name                                       
-------   ----                                       
00000000  __TI_static_base__                         
00000000  interruptVectors                           
00000139  initI2C                                    
00000161  writeI2C                                   
00000200  __STACK_SIZE                               
00000271  readI2C                                    
000003f1  readBurstI2C                               
00000571  EUSCIB1_IRQHandler                         
00000571  EUSCIB1_IRQHandler                         
00000683  I2C_getEnabledInterruptStatus              
00000689  SystemCoreClockUpdate                      
00000a69  SystemInit                                 
00000b39  Servo_Init                                 
00000ba9  Servo_Stop                                 
00000bc1  Servo_Restart                              
00000bd9  Servo_Change_Position                      
00000c09  Servo_Up_Down                              
00000cb1  Servo_Up                                   
00000e91  CS_setDCOFrequency                         
00000fdd  CS_getDCOFrequency                         
000010e1  PWM_INIT_MOTOR                             
00001121  PWM_INIT_SERVO                             
00001161  Stop_Timer                                 
000011a1  Restart_Timer                              
000011c7  __mpu_init                                 
000011c9  CS_initClockSignal                         
00001385  CPU_wfi                                    
00001389  XBEE_UART_INIT                             
000013f9  EUSCIA2_IRQHandler                         
000013f9  EUSCIA2_IRQHandler                         
00001655  __aeabi_memcpy                             
00001655  __aeabi_memcpy4                            
00001655  __aeabi_memcpy8                            
00001655  memcpy                                     
000016f1  UART_initModule                            
00001785  PCM_gotoLPM3                               
00001801  __aeabi_memclr                             
00001801  __aeabi_memclr4                            
00001801  __aeabi_memclr8                            
00001803  __aeabi_memset                             
00001803  __aeabi_memset4                            
00001803  __aeabi_memset8                            
00001809  memset                                     
0000187b  I2C_getInterruptStatus                     
00001881  ClockSys_SetMaxFreq                        
000018f1  ClockSys_GetSysFreq                        
000018f9  __TI_auto_init                             
00001969  __TI_decompress_lzss                       
000019d1  Interrupt_disableInterrupt                 
00001a35  Interrupt_enableInterrupt                  
00001a99  CS_tuneDCOFrequency                        
00001aed  _c_int00                                   
00001b41  C$$EXIT                                    
00001b45  abort                                      
00001b4d  exit                                       
00001b95  PCM_shutdownDevice                         
00001be5  SysCtl_getTLVInfo                          
00001c35  GPIO_setAsPeripheralModuleFunctionOutputPin
00001ccd  copy_in                                    
00001d19  GPIO_setAsPeripheralModuleFunctionInputPin 
00001d61  Timer_A_generatePWM                        
00001df1  main                                       
00001e33  I2C_initMaster                             
00001e71  I2C_masterSendMultiByteStart               
00001ea9  I2C_masterSendMultiByteStop                
00001ed9  UART_getEnabledInterruptStatus             
00001f09  PCM_getCoreVoltageLevel                    
00001f35  PCM_getPowerMode                           
00001f5f  _system_post_cinit                         
00001f61  FlashCtl_setWaitState                      
00001f89  PCM_gotoLPM0                               
00001fb1  CS_clearInterruptFlag                      
00001fd5  CS_setDCOCenteredFrequency                 
00001ff9  I2C_masterSendMultiByteNext                
0000201d  RTC_C_holdClock                            
00002041  CS_getACLK                                 
00002059  CS_getMCLK                                 
00002071  CS_getSMCLK                                
00002089  WDT_A_holdTimer                            
000020a1  _args_main                                 
000020b9  UART_enableInterrupt                       
000020d1  I2C_isBusBusy                              
000020e5  _register_unlock                           
000020eb  _register_lock                             
000020f3  _nop                                       
000020f9  Reset_Handler                              
00002109  ADC14_IRQHandler                           
00002109  AES256_IRQHandler                          
00002109  BusFault_Handler                           
00002109  COMP_E0_IRQHandler                         
00002109  COMP_E1_IRQHandler                         
00002109  CS_IRQHandler                              
00002109  DMA_ERR_IRQHandler                         
00002109  DMA_INT0_IRQHandler                        
00002109  DMA_INT1_IRQHandler                        
00002109  DMA_INT2_IRQHandler                        
00002109  DMA_INT3_IRQHandler                        
00002109  DebugMon_Handler                           
00002109  Default_Handler                            
00002109  EUSCIA0_IRQHandler                         
00002109  EUSCIA1_IRQHandler                         
00002109  EUSCIA3_IRQHandler                         
00002109  EUSCIB0_IRQHandler                         
00002109  EUSCIB2_IRQHandler                         
00002109  EUSCIB3_IRQHandler                         
00002109  FLCTL_IRQHandler                           
00002109  FPU_IRQHandler                             
00002109  HardFault_Handler                          
00002109  MemManage_Handler                          
00002109  NMI_Handler                                
00002109  PCM_IRQHandler                             
00002109  PORT1_IRQHandler                           
00002109  PORT2_IRQHandler                           
00002109  PORT3_IRQHandler                           
00002109  PORT4_IRQHandler                           
00002109  PORT5_IRQHandler                           
00002109  PORT6_IRQHandler                           
00002109  PSS_IRQHandler                             
00002109  PendSV_Handler                             
00002109  RTC_C_IRQHandler                           
00002109  SVC_Handler                                
00002109  SysTick_Handler                            
00002109  T32_INT1_IRQHandler                        
00002109  T32_INT2_IRQHandler                        
00002109  T32_INTC_IRQHandler                        
00002109  TA0_0_IRQHandler                           
00002109  TA0_N_IRQHandler                           
00002109  TA1_0_IRQHandler                           
00002109  TA1_N_IRQHandler                           
00002109  TA2_0_IRQHandler                           
00002109  TA2_N_IRQHandler                           
00002109  TA3_0_IRQHandler                           
00002109  TA3_N_IRQHandler                           
00002109  UsageFault_Handler                         
00002109  WDT_A_IRQHandler                           
0000210b  I2C_masterReceiveStart                     
0000211b  Interrupt_enableMaster                     
0000212b  PCM_gotoLPM4                               
0000213b  I2C_clearInterruptFlag                     
00002149  I2C_disableInterrupt                       
00002157  UART_clearInterruptFlag                    
00002165  __TI_decompress_none                       
00002173  CPU_cpsie                                  
0000217f  I2C_disableModule                          
0000218b  I2C_enableModule                           
00002199  PCM_getPowerState                          
000021a5  UART_enableModule                          
000021b1  __TI_zero_init                             
000021bd  I2C_enableInterrupt                        
000021c5  PCM_setPowerMode                           
000021cd  PCM_setPowerState                          
000021d5  I2C_masterReceiveMultiByteNext             
000021db  UART_getInterruptStatus                    
000021e1  I2C_setSlaveAddress                        
000021e5  _system_pre_init                           
0000229c  __TI_Handler_Table_Base                    
000022a8  __TI_Handler_Table_Limit                   
000022b0  __TI_CINIT_Base                            
000022c0  __TI_CINIT_Limit                           
20000030  i2cConfig                                  
20000044  __TI_cleanup_ptr                           
20000048  __TI_dtors_ptr                             
2000004c  __TI_enable_exit_profile_output            
20000050  _lock                                      
20000054  _unlock                                    
20000058  main_func_sp                               
2000005c  SystemCoreClock                            
20000060  burstMode                                  
20000064  g_ui32ByteCount                            
20000070  pData                                      
20000074  ui8DummyRead                               
20000075  ui8Status                                  
2000fe00  __stack                                    
20010000  __STACK_END                                
4000480c  WDTCTL_SYM                                 
ffffffff  __TI_pprof_out_hndl                        
ffffffff  __TI_prof_data_size                        
ffffffff  __TI_prof_data_start                       
ffffffff  __binit__                                  
ffffffff  __c_args__                                 
ffffffff  binit                                      
UNDEFED   SHT$$INIT_ARRAY$$Base                      
UNDEFED   SHT$$INIT_ARRAY$$Limit                     

[183 symbols]
