******************************************************************************
                  TI ARM Linker PC v16.9.8                     
******************************************************************************
>> Linked Tue Nov 13 18:06:44 2018

OUTPUT FILE NAME:   <WALLE_Control.out>
ENTRY POINT SYMBOL: "_c_int00"  address: 0002fd1d


MEMORY CONFIGURATION

         name            origin    length      used     unused   attr    fill
----------------------  --------  ---------  --------  --------  ----  --------
  MAIN                  00000000   00040000  000305ed  0000fa13  R  X
  INFO                  00200000   00004000  00000000  00004000  R  X
  SRAM_CODE             01000000   00010000  0000027f  0000fd81  RW X
  SRAM_DATA             20000000   00010000  0000027f  0000fd81  RW  


SEGMENT ALLOCATION MAP

run origin  load origin   length   init length attrs members
----------  ----------- ---------- ----------- ----- -------
00000000    00000000    000305f0   000305f0    r-x
  00000000    00000000    000000e4   000000e4    r-- .intvecs
  000000e4    000000e4    0002cf49   0002cf49    r-- .const
  0002d030    0002d030    00003550   00003550    r-x .text
  00030580    00030580    00000070   00000070    r-- .cinit
20000000    20000000    00000080   00000000    rw-
  20000000    20000000    00000063   00000000    rw- .data
  20000064    20000064    0000001c   00000000    rw- .bss
2000fe00    2000fe00    00000200   00000000    rw-
  2000fe00    2000fe00    00000200   00000000    rw- .stack


SECTION ALLOCATION MAP

 output                                  attributes/
section   page    origin      length       input sections
--------  ----  ----------  ----------   ----------------
.intvecs   0    00000000    000000e4     
                  00000000    000000e4     startup_msp432p401r_ccs.obj (.intvecs:retain)

.binit     0    00000000    00000000     

.const     0    000000e4    0002cf49     
                  000000e4    00025800     LCD.obj (.const:walle)
                  000258e4    00001c20     LCD.obj (.const:walle2)
                  00027504    00001c20     LCD.obj (.const:walle3)
                  00029124    00001c20     LCD.obj (.const:walle4)
                  0002ad44    00001c20     LCD.obj (.const:walleparte)
                  0002c964    000005f0     AsciiLib.obj (.const:AsciiLib)
                  0002cf54    00000050     msp432p4xx_driverlib.lib : interrupt.o (.const:g_pulRegs)
                  0002cfa4    00000040                              : interrupt.o (.const)
                  0002cfe4    00000024     Wifi.obj (.const:$P$T0$1)
                  0002d008    00000024     xbee.obj (.const:$P$T0$1)
                  0002d02c    00000001     Wifi.obj (.const:.string:$P$T1$2)

.text      0    0002d030    00003550     
                  0002d030    00000a1c     LCD.obj (.text)
                  0002da4c    00000004     msp432p4xx_driverlib.lib : cpu.o (.text:CPU_wfi)
                  0002da50    0000059a     i2c_driver.obj (.text)
                  0002dfea    00000006     msp432p4xx_driverlib.lib : i2c.o (.text:I2C_getEnabledInterruptStatus)
                  0002dff0    00000480     system_msp432p401r.obj (.text)
                  0002e470    00000470     xbee.obj (.text)
                  0002e8e0    00000218     controller.obj (.text)
                  0002eaf8    000001ea     Joystick.obj (.text)
                  0002ece2    00000006     msp432p4xx_driverlib.lib : i2c.o (.text:I2C_getInterruptStatus)
                  0002ece8    000001ca     main.obj (.text)
                  0002eeb2    00000006     msp432p4xx_driverlib.lib : i2c.o (.text:I2C_masterReceiveMultiByteNext)
                  0002eeb8    000001c2     Wifi.obj (.text)
                  0002f07a    000001a0     msp432p4xx_driverlib.lib : pcm.o (.text:__PCM_setPowerStateAdvanced)
                  0002f21a    00000002     rtsv7M4_T_le_v4SPD16_eabi.lib : mpu_init.obj (.text)
                  0002f21c    0000014c     msp432p4xx_driverlib.lib : cs.o (.text:CS_setDCOFrequency)
                  0002f368    00000104                              : cs.o (.text:CS_getDCOFrequency)
                  0002f46c    000000e0                              : cs.o (.text:CS_initClockSignal)
                  0002f54c    000000dc                              : pcm.o (.text:__PCM_setPowerModeAdvanced)
                  0002f628    000000b0                              : pcm.o (.text:__PCM_setCoreVoltageLevelAdvanced)
                  0002f6d8    000000aa     LCD.obj (.text:PutChar)
                  0002f782    00000002     rtsv7M4_T_le_v4SPD16_eabi.lib : startup.obj (.text)
                  0002f784    0000009c     msp432p4xx_driverlib.lib : cs.o (.text:_CSComputeCLKFrequency)
                  0002f820    0000009c     rtsv7M4_T_le_v4SPD16_eabi.lib : memcpy_t2.obj (.text)
                  0002f8bc    00000094     msp432p4xx_driverlib.lib : uart.o (.text:UART_initModule)
                  0002f950    0000007c                              : pcm.o (.text:PCM_gotoLPM3)
                  0002f9cc    0000007a     rtsv7M4_T_le_v4SPD16_eabi.lib : memset_t2.obj (.text)
                  0002fa46    00000002     --HOLE-- [fill = 0]
                  0002fa48    00000078     ClockSys.obj (.text)
                  0002fac0    00000070     rtsv7M4_T_le_v4SPD16_eabi.lib : autoinit.obj (.text)
                  0002fb30    00000068     LCD.obj (.text:LCD_ReadData)
                  0002fb98    00000068     rtsv7M4_T_le_v4SPD16_eabi.lib : copy_decompress_lzss.obj (.text:decompress:lzss)
                  0002fc00    00000064     msp432p4xx_driverlib.lib : interrupt.o (.text:Interrupt_disableInterrupt)
                  0002fc64    00000064                              : interrupt.o (.text:Interrupt_enableInterrupt)
                  0002fcc8    00000054                              : cs.o (.text:CS_tuneDCOFrequency)
                  0002fd1c    00000054     rtsv7M4_T_le_v4SPD16_eabi.lib : boot.obj (.text)
                  0002fd70    00000054                                   : exit.obj (.text)
                  0002fdc4    00000050     msp432p4xx_driverlib.lib : pcm.o (.text:PCM_shutdownDevice)
                  0002fe14    00000050                              : sysctl.o (.text:SysCtl_getTLVInfo)
                  0002fe64    0000004c                              : gpio.o (.text:GPIO_setAsPeripheralModuleFunctionOutputPin)
                  0002feb0    0000004c                              : cs.o (.text:_CSGetDOCFrequency)
                  0002fefc    0000004c     rtsv7M4_T_le_v4SPD16_eabi.lib : cpy_tbl.obj (.text)
                  0002ff48    00000048     msp432p4xx_driverlib.lib : gpio.o (.text:GPIO_setAsPeripheralModuleFunctionInputPin)
                  0002ff90    00000048                              : cs.o (.text:_CSGetDividerValue)
                  0002ffd8    00000046     AsciiLib.obj (.text)
                  0003001e    00000002     --HOLE-- [fill = 0]
                  00030020    00000046     LCD.obj (.text:LCD_WriteData)
                  00030066    00000002     --HOLE-- [fill = 0]
                  00030068    00000046     LCD.obj (.text:SPISendRecvByte)
                  000300ae    0000003e     msp432p4xx_driverlib.lib : i2c.o (.text:I2C_initMaster)
                  000300ec    00000004                              : i2c.o (.text:I2C_setSlaveAddress)
                  000300f0    0000003c     LCD.obj (.text:LCD_WriteIndex)
                  0003012c    00000038     msp432p4xx_driverlib.lib : i2c.o (.text:I2C_masterSendMultiByteStart)
                  00030164    00000030                              : i2c.o (.text:I2C_masterSendMultiByteStop)
                  00030194    00000030                              : uart.o (.text:UART_getEnabledInterruptStatus)
                  000301c4    0000002c                              : gpio.o (.text:GPIO_setAsInputPin)
                  000301f0    0000002c                              : pcm.o (.text:PCM_getCoreVoltageLevel)
                  0003021c    0000002a                              : pcm.o (.text:PCM_getPowerMode)
                  00030246    00000002     --HOLE-- [fill = 0]
                  00030248    00000028                              : flash.o (.text:FlashCtl_setWaitState)
                  00030270    00000028                              : pcm.o (.text:PCM_gotoLPM0)
                  00030298    00000024                              : cs.o (.text:CS_clearInterruptFlag)
                  000302bc    00000024                              : cs.o (.text:CS_setDCOCenteredFrequency)
                  000302e0    00000024                              : i2c.o (.text:I2C_masterSendMultiByteNext)
                  00030304    00000024                              : interrupt.o (.text:Interrupt_setPriority)
                  00030328    00000024                              : rtc_c.o (.text:RTC_C_holdClock)
                  0003034c    00000004     rtsv7M4_T_le_v4SPD16_eabi.lib : pre_init.obj (.text)
                  00030350    00000020     LCD.obj (.text:LCD_SetCursor)
                  00030370    00000020     LCD.obj (.text:LCD_Write_Data_Only)
                  00030390    0000001c     LCD.obj (.text:LCD_WriteReg)
                  000303ac    00000018     msp432p4xx_driverlib.lib : cs.o (.text:CS_getACLK)
                  000303c4    00000018                              : cs.o (.text:CS_getMCLK)
                  000303dc    00000018                              : cs.o (.text:CS_getSMCLK)
                  000303f4    00000018                              : gpio.o (.text:GPIO_getInputPinValue)
                  0003040c    00000018                              : wdt_a.o (.text:WDT_A_holdTimer)
                  00030424    00000018     rtsv7M4_T_le_v4SPD16_eabi.lib : args_main.obj (.text)
                  0003043c    00000016     msp432p4xx_driverlib.lib : uart.o (.text:UART_enableInterrupt)
                  00030452    00000002     --HOLE-- [fill = 0]
                  00030454    00000014                              : i2c.o (.text:I2C_isBusBusy)
                  00030468    00000014     LCD.obj (.text:LCD_ReadReg)
                  0003047c    00000014     rtsv7M4_T_le_v4SPD16_eabi.lib : _lock.obj (.text)
                  00030490    00000012     startup_msp432p401r_ccs.obj (.text)
                  000304a2    00000010     msp432p4xx_driverlib.lib : i2c.o (.text:I2C_masterReceiveStart)
                  000304b2    00000010                              : interrupt.o (.text:Interrupt_enableMaster)
                  000304c2    00000010                              : pcm.o (.text:PCM_gotoLPM4)
                  000304d2    0000000e                              : i2c.o (.text:I2C_clearInterruptFlag)
                  000304e0    0000000e                              : i2c.o (.text:I2C_disableInterrupt)
                  000304ee    0000000e                              : uart.o (.text:UART_clearInterruptFlag)
                  000304fc    0000000e     rtsv7M4_T_le_v4SPD16_eabi.lib : copy_decompress_none.obj (.text:decompress:none)
                  0003050a    0000000c     msp432p4xx_driverlib.lib : cpu.o (.text:CPU_cpsie)
                  00030516    0000000c                              : i2c.o (.text:I2C_disableModule)
                  00030522    0000000c                              : i2c.o (.text:I2C_enableModule)
                  0003052e    00000002     --HOLE-- [fill = 0]
                  00030530    0000000c                              : pcm.o (.text:PCM_getPowerState)
                  0003053c    0000000c                              : uart.o (.text:UART_enableModule)
                  00030548    0000000c     rtsv7M4_T_le_v4SPD16_eabi.lib : copy_zero_init.obj (.text:decompress:ZI)
                  00030554    00000004     --HOLE-- [fill = 0]
                  00030558    0000000a     LCD.obj (.text:LCD_Write_Data_Start)
                  00030562    00000008     msp432p4xx_driverlib.lib : i2c.o (.text:I2C_enableInterrupt)
                  0003056a    00000008                              : pcm.o (.text:PCM_setPowerMode)
                  00030572    00000008                              : pcm.o (.text:PCM_setPowerState)
                  0003057a    00000006                              : uart.o (.text:UART_getInterruptStatus)

.cinit     0    00030580    00000070     
                  00030580    0000004a     (.cinit..data.load) [load image, compression = lzss]
                  000305ca    00000002     --HOLE-- [fill = 0]
                  000305cc    0000000c     (__TI_handler_table)
                  000305d8    00000008     (.cinit..bss.load) [load image, compression = zero_init]
                  000305e0    00000010     (__TI_cinit_table)

.init_array 
*          0    00000000    00000000     UNINITIALIZED

.data      0    20000000    00000063     UNINITIALIZED
                  20000000    00000030     msp432p4xx_driverlib.lib : gpio.o (.data:GPIO_PORT_TO_BASE)
                  20000030    00000014     i2c_driver.obj (.data:i2cConfig)
                  20000044    0000000c     rtsv7M4_T_le_v4SPD16_eabi.lib : exit.obj (.data:$O1$$)
                  20000050    00000008                                   : _lock.obj (.data:$O1$$)
                  20000058    00000004                                   : stkdepth_vars.obj (.data)
                  2000005c    00000004     system_msp432p401r.obj (.data)
                  20000060    00000002     main.obj (.data)
                  20000062    00000001     i2c_driver.obj (.data)

.bss       0    20000064    0000001c     UNINITIALIZED
                  20000064    00000006     (.common:cont_state)
                  2000006a    00000001     (.common:ui8DummyRead)
                  2000006b    00000001     (.common:ui8Status)
                  2000006c    00000004     (.common:ButtonFunction)
                  20000070    00000004     (.common:g_ui32ByteCount)
                  20000074    00000004     (.common:hfxtFreq)
                  20000078    00000004     (.common:lfxtFreq)
                  2000007c    00000004     (.common:pData)

.stack     0    2000fe00    00000200     UNINITIALIZED
                  2000fe00    00000200     --HOLE--

MODULE SUMMARY

       Module                        code    ro data   rw data
       ------                        ----    -------   -------
    .\
       system_msp432p401r.obj        1152    0         8      
       main.obj                      458     0         16     
       startup_msp432p401r_ccs.obj   18      228       0      
    +--+-----------------------------+-------+---------+---------+
       Total:                        1628    228       24     
                                                              
    .\BoardSupportPackage\src\
       LCD.obj                       3184    182400    0      
       AsciiLib.obj                  70      1520      0      
       i2c_driver.obj                1434    0         62     
       xbee.obj                      1136    36        0      
       controller.obj                536     0         0      
       Joystick.obj                  490     0         8      
       Wifi.obj                      450     37        0      
       ClockSys.obj                  120     0         0      
    +--+-----------------------------+-------+---------+---------+
       Total:                        7420    183993    70     
                                                              
    C:/Users/Alex Perera/Desktop/Senior/CCS/BoardSupportPackage/DriverLib/msp432p4xx_driverlib.lib
       cs.o                          1348    0         16     
       pcm.o                         1186    0         0      
       interrupt.o                   252     144       0      
       i2c.o                         320     0         0      
       gpio.o                        216     0         96     
       uart.o                        250     0         0      
       sysctl.o                      80      0         0      
       flash.o                       40      0         0      
       rtc_c.o                       36      0         0      
       wdt_a.o                       24      0         0      
       cpu.o                         16      0         0      
    +--+-----------------------------+-------+---------+---------+
       Total:                        3768    144       112    
                                                              
    C:\ti\ccsv7\tools\compiler\ti-cgt-arm_16.9.8.LTS\lib\rtsv7M4_T_le_v4SPD16_eabi.lib
       memcpy_t2.obj                 156     0         0      
       memset_t2.obj                 122     0         0      
       autoinit.obj                  112     0         0      
       exit.obj                      84      0         24     
       copy_decompress_lzss.obj      104     0         0      
       boot.obj                      84      0         0      
       cpy_tbl.obj                   76      0         0      
       _lock.obj                     20      0         16     
       args_main.obj                 24      0         0      
       copy_decompress_none.obj      14      0         0      
       copy_zero_init.obj            12      0         0      
       stkdepth_vars.obj             0       0         8      
       pre_init.obj                  4       0         0      
       mpu_init.obj                  2       0         0      
       startup.obj                   2       0         0      
    +--+-----------------------------+-------+---------+---------+
       Total:                        816     0         48     
                                                              
       Stack:                        0       0         1024   
       Linker Generated:             0       110       0      
    +--+-----------------------------+-------+---------+---------+
       Grand Total:                  13632   184475    1278   


LINKER GENERATED COPY TABLES

__TI_cinit_table @ 000305e0 records: 2, size/record: 8, table size: 16
	.data: load addr=00030580, load size=0000004a bytes, run addr=20000000, run size=00000063 bytes, compression=lzss
	.bss: load addr=000305d8, load size=00000008 bytes, run addr=20000064, run size=0000001c bytes, compression=zero_init


LINKER GENERATED HANDLER TABLE

__TI_handler_table @ 000305cc records: 3, size/record: 4, table size: 12
	index: 0, handler: __TI_decompress_lzss
	index: 1, handler: __TI_decompress_none
	index: 2, handler: __TI_zero_init


GLOBAL SYMBOLS: SORTED ALPHABETICALLY BY Name 

address   name                                       
-------   ----                                       
000304a1  ADC14_IRQHandler                           
000304a1  AES256_IRQHandler                          
000304a1  BusFault_Handler                           
2000006c  ButtonFunction                             
0002fd71  C$$EXIT                                    
000304a1  COMP_E0_IRQHandler                         
000304a1  COMP_E1_IRQHandler                         
0003050b  CPU_cpsie                                  
0002da4d  CPU_wfi                                    
000304a1  CS_IRQHandler                              
00030299  CS_clearInterruptFlag                      
000303ad  CS_getACLK                                 
0002f369  CS_getDCOFrequency                         
000303c5  CS_getMCLK                                 
000303dd  CS_getSMCLK                                
0002f46d  CS_initClockSignal                         
000302bd  CS_setDCOCenteredFrequency                 
0002f21d  CS_setDCOFrequency                         
0002fcc9  CS_tuneDCOFrequency                        
0002fab9  ClockSys_GetSysFreq                        
0002fa49  ClockSys_SetMaxFreq                        
000304a1  DMA_ERR_IRQHandler                         
000304a1  DMA_INT0_IRQHandler                        
000304a1  DMA_INT1_IRQHandler                        
000304a1  DMA_INT2_IRQHandler                        
000304a1  DMA_INT3_IRQHandler                        
000304a1  DebugMon_Handler                           
000304a1  Default_Handler                            
0002ec59  Disable_Joystick_Interrupt                 
000304a1  EUSCIA0_IRQHandler                         
000304a1  EUSCIA1_IRQHandler                         
0002e6e9  EUSCIA2_IRQHandler                         
0002e6e9  EUSCIA2_IRQHandler                         
0002f041  EUSCIA3_IRQHandler                         
0002f041  EUSCIA3_IRQHandler                         
000304a1  EUSCIB0_IRQHandler                         
0002ded9  EUSCIB1_IRQHandler                         
0002ded9  EUSCIB1_IRQHandler                         
000304a1  EUSCIB2_IRQHandler                         
000304a1  EUSCIB3_IRQHandler                         
000304a1  FLCTL_IRQHandler                           
000304a1  FPU_IRQHandler                             
00030249  FlashCtl_setWaitState                      
000303f5  GPIO_getInputPinValue                      
000301c5  GPIO_setAsInputPin                         
0002ff49  GPIO_setAsPeripheralModuleFunctionInputPin 
0002fe65  GPIO_setAsPeripheralModuleFunctionOutputPin
0002ffd9  GetASCIICode                               
0002ec81  GetJoystickCoordinates                     
000304a1  HardFault_Handler                          
000304d3  I2C_clearInterruptFlag                     
000304e1  I2C_disableInterrupt                       
00030517  I2C_disableModule                          
00030563  I2C_enableInterrupt                        
00030523  I2C_enableModule                           
0002dfeb  I2C_getEnabledInterruptStatus              
0002ece3  I2C_getInterruptStatus                     
000300af  I2C_initMaster                             
00030455  I2C_isBusBusy                              
0002eeb3  I2C_masterReceiveMultiByteNext             
000304a3  I2C_masterReceiveStart                     
000302e1  I2C_masterSendMultiByteNext                
0003012d  I2C_masterSendMultiByteStart               
00030165  I2C_masterSendMultiByteStop                
000300ed  I2C_setSlaveAddress                        
0002fc01  Interrupt_disableInterrupt                 
0002fc65  Interrupt_enableInterrupt                  
000304b3  Interrupt_enableMaster                     
00030305  Interrupt_setPriority                      
0002eb31  Joystick_Init_Without_Interrupt            
0002ebd9  Joystick_Push_Button_Init_With_Interrupt   
0002d639  LCD_Clear                                  
0002d399  LCD_DrawPicture                            
0002d489  LCD_DrawRectangle                          
0002d151  LCD_Draw_Menu                              
0002d769  LCD_Init                                   
0002d2d1  LCD_Menu_SelBottom                         
0002d281  LCD_Menu_SelLeft                           
0002d2a9  LCD_Menu_SelRight                          
0002d259  LCD_Menu_SelTop                            
0002d371  LCD_Menu_UnselBottom                       
0002d321  LCD_Menu_UnselLeft                         
0002d349  LCD_Menu_UnselRight                        
0002d2f9  LCD_Menu_UnselTop                          
0002fb31  LCD_ReadData                               
0002d741  LCD_ReadPixelColor                         
00030469  LCD_ReadReg                                
00030351  LCD_SetCursor                              
0002d6f1  LCD_SetPoint                               
0002d591  LCD_Text                                   
00030021  LCD_WriteData                              
000300f1  LCD_WriteIndex                             
00030391  LCD_WriteReg                               
00030371  LCD_Write_Data_Only                        
00030559  LCD_Write_Data_Start                       
000304a1  MemManage_Handler                          
000304a1  NMI_Handler                                
000304a1  PCM_IRQHandler                             
000301f1  PCM_getCoreVoltageLevel                    
0003021d  PCM_getPowerMode                           
00030531  PCM_getPowerState                          
00030271  PCM_gotoLPM0                               
0002f951  PCM_gotoLPM3                               
000304c3  PCM_gotoLPM4                               
0003056b  PCM_setPowerMode                           
00030573  PCM_setPowerState                          
0002fdc5  PCM_shutdownDevice                         
000304a1  PORT1_IRQHandler                           
000304a1  PORT2_IRQHandler                           
000304a1  PORT3_IRQHandler                           
000304a1  PORT4_IRQHandler                           
000304a1  PORT5_IRQHandler                           
000304a1  PORT6_IRQHandler                           
000304a1  PSS_IRQHandler                             
000304a1  PendSV_Handler                             
0002f6d9  PutChar                                    
000304a1  RTC_C_IRQHandler                           
00030329  RTC_C_holdClock                            
00030491  Reset_Handler                              
UNDEFED   SHT$$INIT_ARRAY$$Base                      
UNDEFED   SHT$$INIT_ARRAY$$Limit                     
00030069  SPISendRecvByte                            
000304a1  SVC_Handler                                
0002fe15  SysCtl_getTLVInfo                          
000304a1  SysTick_Handler                            
2000005c  SystemCoreClock                            
0002dff1  SystemCoreClockUpdate                      
0002e3d1  SystemInit                                 
000304a1  T32_INT1_IRQHandler                        
000304a1  T32_INT2_IRQHandler                        
000304a1  T32_INTC_IRQHandler                        
000304a1  TA0_0_IRQHandler                           
000304a1  TA0_N_IRQHandler                           
000304a1  TA1_0_IRQHandler                           
000304a1  TA1_N_IRQHandler                           
000304a1  TA2_0_IRQHandler                           
000304a1  TA2_N_IRQHandler                           
000304a1  TA3_0_IRQHandler                           
000304a1  TA3_N_IRQHandler                           
0002da21  TP_ReadX                                   
0002d9b1  TP_ReadXY                                  
0002da39  TP_ReadY                                   
000304ef  UART_clearInterruptFlag                    
0003043d  UART_enableInterrupt                       
0003053d  UART_enableModule                          
00030195  UART_getEnabledInterruptStatus             
0003057b  UART_getInterruptStatus                    
0002f8bd  UART_initModule                            
000304a1  UsageFault_Handler                         
4000480c  WDTCTL_SYM                                 
000304a1  WDT_A_IRQHandler                           
0003040d  WDT_A_holdTimer                            
0002eee9  Wifi_Init_UART                             
0002ef91  Wifi_ReceivefromWifi                       
0002efe9  Wifi_Send_Pic                              
0002ef41  Wifi_SendtoWifi                            
0002e4d1  XBEE_SEND_BASIC_CONTROLLER_PACKET          
0002e5b1  XBEE_SEND_CONTROLLER_STATE                 
0002e471  XBEE_UART_INIT                             
20010000  __STACK_END                                
00000200  __STACK_SIZE                               
000305e0  __TI_CINIT_Base                            
000305f0  __TI_CINIT_Limit                           
000305cc  __TI_Handler_Table_Base                    
000305d8  __TI_Handler_Table_Limit                   
0002fac1  __TI_auto_init                             
20000044  __TI_cleanup_ptr                           
0002fb99  __TI_decompress_lzss                       
000304fd  __TI_decompress_none                       
20000048  __TI_dtors_ptr                             
2000004c  __TI_enable_exit_profile_output            
ffffffff  __TI_pprof_out_hndl                        
ffffffff  __TI_prof_data_size                        
ffffffff  __TI_prof_data_start                       
00000000  __TI_static_base__                         
00030549  __TI_zero_init                             
0002f9cd  __aeabi_memclr                             
0002f9cd  __aeabi_memclr4                            
0002f9cd  __aeabi_memclr8                            
0002f821  __aeabi_memcpy                             
0002f821  __aeabi_memcpy4                            
0002f821  __aeabi_memcpy8                            
0002f9cf  __aeabi_memset                             
0002f9cf  __aeabi_memset4                            
0002f9cf  __aeabi_memset8                            
ffffffff  __binit__                                  
ffffffff  __c_args__                                 
0002f21b  __mpu_init                                 
2000fe00  __stack                                    
00030425  _args_main                                 
0002fd1d  _c_int00                                   
20000050  _lock                                      
0003048b  _nop                                       
00030483  _register_lock                             
0003047d  _register_unlock                           
0002f783  _system_post_cinit                         
0003034d  _system_pre_init                           
20000054  _unlock                                    
0002fd75  abort                                      
ffffffff  binit                                      
20000062  burstMode                                  
20000064  cont_state                                 
0002fefd  copy_in                                    
0002fd7d  exit                                       
20000070  g_ui32ByteCount                            
0002e901  get_basic_controller_state                 
0002ea79  get_controller_state                       
20000030  i2cConfig                                  
0002daa1  initI2C                                    
0002e8e1  init_controller                            
00000000  interruptVectors                           
0002ece9  main                                       
20000058  main_func_sp                               
0002f821  memcpy                                     
0002f9d5  memset                                     
20000061  mode                                       
2000007c  pData                                      
20000060  prevmode                                   
0002dd59  readBurstI2C                               
0002dbd9  readI2C                                    
2000006a  ui8DummyRead                               
2000006b  ui8Status                                  
000000e4  walle                                      
000258e4  walle2                                     
00027504  walle3                                     
00029124  walle4                                     
0002ad44  walleparte                                 
0002dac9  writeI2C                                   


GLOBAL SYMBOLS: SORTED BY Symbol Address 

address   name                                       
-------   ----                                       
00000000  __TI_static_base__                         
00000000  interruptVectors                           
000000e4  walle                                      
00000200  __STACK_SIZE                               
000258e4  walle2                                     
00027504  walle3                                     
00029124  walle4                                     
0002ad44  walleparte                                 
0002d151  LCD_Draw_Menu                              
0002d259  LCD_Menu_SelTop                            
0002d281  LCD_Menu_SelLeft                           
0002d2a9  LCD_Menu_SelRight                          
0002d2d1  LCD_Menu_SelBottom                         
0002d2f9  LCD_Menu_UnselTop                          
0002d321  LCD_Menu_UnselLeft                         
0002d349  LCD_Menu_UnselRight                        
0002d371  LCD_Menu_UnselBottom                       
0002d399  LCD_DrawPicture                            
0002d489  LCD_DrawRectangle                          
0002d591  LCD_Text                                   
0002d639  LCD_Clear                                  
0002d6f1  LCD_SetPoint                               
0002d741  LCD_ReadPixelColor                         
0002d769  LCD_Init                                   
0002d9b1  TP_ReadXY                                  
0002da21  TP_ReadX                                   
0002da39  TP_ReadY                                   
0002da4d  CPU_wfi                                    
0002daa1  initI2C                                    
0002dac9  writeI2C                                   
0002dbd9  readI2C                                    
0002dd59  readBurstI2C                               
0002ded9  EUSCIB1_IRQHandler                         
0002ded9  EUSCIB1_IRQHandler                         
0002dfeb  I2C_getEnabledInterruptStatus              
0002dff1  SystemCoreClockUpdate                      
0002e3d1  SystemInit                                 
0002e471  XBEE_UART_INIT                             
0002e4d1  XBEE_SEND_BASIC_CONTROLLER_PACKET          
0002e5b1  XBEE_SEND_CONTROLLER_STATE                 
0002e6e9  EUSCIA2_IRQHandler                         
0002e6e9  EUSCIA2_IRQHandler                         
0002e8e1  init_controller                            
0002e901  get_basic_controller_state                 
0002ea79  get_controller_state                       
0002eb31  Joystick_Init_Without_Interrupt            
0002ebd9  Joystick_Push_Button_Init_With_Interrupt   
0002ec59  Disable_Joystick_Interrupt                 
0002ec81  GetJoystickCoordinates                     
0002ece3  I2C_getInterruptStatus                     
0002ece9  main                                       
0002eeb3  I2C_masterReceiveMultiByteNext             
0002eee9  Wifi_Init_UART                             
0002ef41  Wifi_SendtoWifi                            
0002ef91  Wifi_ReceivefromWifi                       
0002efe9  Wifi_Send_Pic                              
0002f041  EUSCIA3_IRQHandler                         
0002f041  EUSCIA3_IRQHandler                         
0002f21b  __mpu_init                                 
0002f21d  CS_setDCOFrequency                         
0002f369  CS_getDCOFrequency                         
0002f46d  CS_initClockSignal                         
0002f6d9  PutChar                                    
0002f783  _system_post_cinit                         
0002f821  __aeabi_memcpy                             
0002f821  __aeabi_memcpy4                            
0002f821  __aeabi_memcpy8                            
0002f821  memcpy                                     
0002f8bd  UART_initModule                            
0002f951  PCM_gotoLPM3                               
0002f9cd  __aeabi_memclr                             
0002f9cd  __aeabi_memclr4                            
0002f9cd  __aeabi_memclr8                            
0002f9cf  __aeabi_memset                             
0002f9cf  __aeabi_memset4                            
0002f9cf  __aeabi_memset8                            
0002f9d5  memset                                     
0002fa49  ClockSys_SetMaxFreq                        
0002fab9  ClockSys_GetSysFreq                        
0002fac1  __TI_auto_init                             
0002fb31  LCD_ReadData                               
0002fb99  __TI_decompress_lzss                       
0002fc01  Interrupt_disableInterrupt                 
0002fc65  Interrupt_enableInterrupt                  
0002fcc9  CS_tuneDCOFrequency                        
0002fd1d  _c_int00                                   
0002fd71  C$$EXIT                                    
0002fd75  abort                                      
0002fd7d  exit                                       
0002fdc5  PCM_shutdownDevice                         
0002fe15  SysCtl_getTLVInfo                          
0002fe65  GPIO_setAsPeripheralModuleFunctionOutputPin
0002fefd  copy_in                                    
0002ff49  GPIO_setAsPeripheralModuleFunctionInputPin 
0002ffd9  GetASCIICode                               
00030021  LCD_WriteData                              
00030069  SPISendRecvByte                            
000300af  I2C_initMaster                             
000300ed  I2C_setSlaveAddress                        
000300f1  LCD_WriteIndex                             
0003012d  I2C_masterSendMultiByteStart               
00030165  I2C_masterSendMultiByteStop                
00030195  UART_getEnabledInterruptStatus             
000301c5  GPIO_setAsInputPin                         
000301f1  PCM_getCoreVoltageLevel                    
0003021d  PCM_getPowerMode                           
00030249  FlashCtl_setWaitState                      
00030271  PCM_gotoLPM0                               
00030299  CS_clearInterruptFlag                      
000302bd  CS_setDCOCenteredFrequency                 
000302e1  I2C_masterSendMultiByteNext                
00030305  Interrupt_setPriority                      
00030329  RTC_C_holdClock                            
0003034d  _system_pre_init                           
00030351  LCD_SetCursor                              
00030371  LCD_Write_Data_Only                        
00030391  LCD_WriteReg                               
000303ad  CS_getACLK                                 
000303c5  CS_getMCLK                                 
000303dd  CS_getSMCLK                                
000303f5  GPIO_getInputPinValue                      
0003040d  WDT_A_holdTimer                            
00030425  _args_main                                 
0003043d  UART_enableInterrupt                       
00030455  I2C_isBusBusy                              
00030469  LCD_ReadReg                                
0003047d  _register_unlock                           
00030483  _register_lock                             
0003048b  _nop                                       
00030491  Reset_Handler                              
000304a1  ADC14_IRQHandler                           
000304a1  AES256_IRQHandler                          
000304a1  BusFault_Handler                           
000304a1  COMP_E0_IRQHandler                         
000304a1  COMP_E1_IRQHandler                         
000304a1  CS_IRQHandler                              
000304a1  DMA_ERR_IRQHandler                         
000304a1  DMA_INT0_IRQHandler                        
000304a1  DMA_INT1_IRQHandler                        
000304a1  DMA_INT2_IRQHandler                        
000304a1  DMA_INT3_IRQHandler                        
000304a1  DebugMon_Handler                           
000304a1  Default_Handler                            
000304a1  EUSCIA0_IRQHandler                         
000304a1  EUSCIA1_IRQHandler                         
000304a1  EUSCIB0_IRQHandler                         
000304a1  EUSCIB2_IRQHandler                         
000304a1  EUSCIB3_IRQHandler                         
000304a1  FLCTL_IRQHandler                           
000304a1  FPU_IRQHandler                             
000304a1  HardFault_Handler                          
000304a1  MemManage_Handler                          
000304a1  NMI_Handler                                
000304a1  PCM_IRQHandler                             
000304a1  PORT1_IRQHandler                           
000304a1  PORT2_IRQHandler                           
000304a1  PORT3_IRQHandler                           
000304a1  PORT4_IRQHandler                           
000304a1  PORT5_IRQHandler                           
000304a1  PORT6_IRQHandler                           
000304a1  PSS_IRQHandler                             
000304a1  PendSV_Handler                             
000304a1  RTC_C_IRQHandler                           
000304a1  SVC_Handler                                
000304a1  SysTick_Handler                            
000304a1  T32_INT1_IRQHandler                        
000304a1  T32_INT2_IRQHandler                        
000304a1  T32_INTC_IRQHandler                        
000304a1  TA0_0_IRQHandler                           
000304a1  TA0_N_IRQHandler                           
000304a1  TA1_0_IRQHandler                           
000304a1  TA1_N_IRQHandler                           
000304a1  TA2_0_IRQHandler                           
000304a1  TA2_N_IRQHandler                           
000304a1  TA3_0_IRQHandler                           
000304a1  TA3_N_IRQHandler                           
000304a1  UsageFault_Handler                         
000304a1  WDT_A_IRQHandler                           
000304a3  I2C_masterReceiveStart                     
000304b3  Interrupt_enableMaster                     
000304c3  PCM_gotoLPM4                               
000304d3  I2C_clearInterruptFlag                     
000304e1  I2C_disableInterrupt                       
000304ef  UART_clearInterruptFlag                    
000304fd  __TI_decompress_none                       
0003050b  CPU_cpsie                                  
00030517  I2C_disableModule                          
00030523  I2C_enableModule                           
00030531  PCM_getPowerState                          
0003053d  UART_enableModule                          
00030549  __TI_zero_init                             
00030559  LCD_Write_Data_Start                       
00030563  I2C_enableInterrupt                        
0003056b  PCM_setPowerMode                           
00030573  PCM_setPowerState                          
0003057b  UART_getInterruptStatus                    
000305cc  __TI_Handler_Table_Base                    
000305d8  __TI_Handler_Table_Limit                   
000305e0  __TI_CINIT_Base                            
000305f0  __TI_CINIT_Limit                           
20000030  i2cConfig                                  
20000044  __TI_cleanup_ptr                           
20000048  __TI_dtors_ptr                             
2000004c  __TI_enable_exit_profile_output            
20000050  _lock                                      
20000054  _unlock                                    
20000058  main_func_sp                               
2000005c  SystemCoreClock                            
20000060  prevmode                                   
20000061  mode                                       
20000062  burstMode                                  
20000064  cont_state                                 
2000006a  ui8DummyRead                               
2000006b  ui8Status                                  
2000006c  ButtonFunction                             
20000070  g_ui32ByteCount                            
2000007c  pData                                      
2000fe00  __stack                                    
20010000  __STACK_END                                
4000480c  WDTCTL_SYM                                 
ffffffff  __TI_pprof_out_hndl                        
ffffffff  __TI_prof_data_size                        
ffffffff  __TI_prof_data_start                       
ffffffff  __binit__                                  
ffffffff  __c_args__                                 
ffffffff  binit                                      
UNDEFED   SHT$$INIT_ARRAY$$Base                      
UNDEFED   SHT$$INIT_ARRAY$$Limit                     

[228 symbols]
