<?xml version="1.0"?>
<link_info>
   <banner>TI ARM Linker PC v16.9.8.LTS</banner>
   <copyright>Copyright (c) 1996-2017 Texas Instruments Incorporated</copyright>
   <link_time>0x5beb5904</link_time>
   <link_errors>0x0</link_errors>
   <output_file>WALLE_Control.out</output_file>
   <entry_point>
      <name>_c_int00</name>
      <address>0x2fd1d</address>
   </entry_point>
   <input_file_list>
      <input_file id="fl-2">
         <path>.\</path>
         <kind>object</kind>
         <file>main.obj</file>
         <name>main.obj</name>
      </input_file>
      <input_file id="fl-3">
         <path>.\</path>
         <kind>object</kind>
         <file>startup_msp432p401r_ccs.obj</file>
         <name>startup_msp432p401r_ccs.obj</name>
      </input_file>
      <input_file id="fl-4">
         <path>.\</path>
         <kind>object</kind>
         <file>system_msp432p401r.obj</file>
         <name>system_msp432p401r.obj</name>
      </input_file>
      <input_file id="fl-5">
         <path>.\BoardSupportPackage\src\</path>
         <kind>object</kind>
         <file>AsciiLib.obj</file>
         <name>AsciiLib.obj</name>
      </input_file>
      <input_file id="fl-6">
         <path>.\BoardSupportPackage\src\</path>
         <kind>object</kind>
         <file>BSP.obj</file>
         <name>BSP.obj</name>
      </input_file>
      <input_file id="fl-7">
         <path>.\BoardSupportPackage\src\</path>
         <kind>object</kind>
         <file>BackChannelUart.obj</file>
         <name>BackChannelUart.obj</name>
      </input_file>
      <input_file id="fl-8">
         <path>.\BoardSupportPackage\src\</path>
         <kind>object</kind>
         <file>ClockSys.obj</file>
         <name>ClockSys.obj</name>
      </input_file>
      <input_file id="fl-9">
         <path>.\BoardSupportPackage\src\</path>
         <kind>object</kind>
         <file>Joystick.obj</file>
         <name>Joystick.obj</name>
      </input_file>
      <input_file id="fl-a">
         <path>.\BoardSupportPackage\src\</path>
         <kind>object</kind>
         <file>LCD.obj</file>
         <name>LCD.obj</name>
      </input_file>
      <input_file id="fl-b">
         <path>.\BoardSupportPackage\src\</path>
         <kind>object</kind>
         <file>LED.obj</file>
         <name>LED.obj</name>
      </input_file>
      <input_file id="fl-c">
         <path>.\BoardSupportPackage\src\</path>
         <kind>object</kind>
         <file>Servo.obj</file>
         <name>Servo.obj</name>
      </input_file>
      <input_file id="fl-d">
         <path>.\BoardSupportPackage\src\</path>
         <kind>object</kind>
         <file>UARTs.obj</file>
         <name>UARTs.obj</name>
      </input_file>
      <input_file id="fl-e">
         <path>.\BoardSupportPackage\src\</path>
         <kind>object</kind>
         <file>UltraSonic.obj</file>
         <name>UltraSonic.obj</name>
      </input_file>
      <input_file id="fl-f">
         <path>.\BoardSupportPackage\src\</path>
         <kind>object</kind>
         <file>Wifi.obj</file>
         <name>Wifi.obj</name>
      </input_file>
      <input_file id="fl-10">
         <path>.\BoardSupportPackage\src\</path>
         <kind>object</kind>
         <file>bluetooth.obj</file>
         <name>bluetooth.obj</name>
      </input_file>
      <input_file id="fl-11">
         <path>.\BoardSupportPackage\src\</path>
         <kind>object</kind>
         <file>bme280.obj</file>
         <name>bme280.obj</name>
      </input_file>
      <input_file id="fl-12">
         <path>.\BoardSupportPackage\src\</path>
         <kind>object</kind>
         <file>bme280_support.obj</file>
         <name>bme280_support.obj</name>
      </input_file>
      <input_file id="fl-13">
         <path>.\BoardSupportPackage\src\</path>
         <kind>object</kind>
         <file>bmi160.obj</file>
         <name>bmi160.obj</name>
      </input_file>
      <input_file id="fl-14">
         <path>.\BoardSupportPackage\src\</path>
         <kind>object</kind>
         <file>bmi160_support.obj</file>
         <name>bmi160_support.obj</name>
      </input_file>
      <input_file id="fl-15">
         <path>.\BoardSupportPackage\src\</path>
         <kind>object</kind>
         <file>camera.obj</file>
         <name>camera.obj</name>
      </input_file>
      <input_file id="fl-16">
         <path>.\BoardSupportPackage\src\</path>
         <kind>object</kind>
         <file>controller.obj</file>
         <name>controller.obj</name>
      </input_file>
      <input_file id="fl-17">
         <path>.\BoardSupportPackage\src\</path>
         <kind>object</kind>
         <file>demo_sysctl.obj</file>
         <name>demo_sysctl.obj</name>
      </input_file>
      <input_file id="fl-18">
         <path>.\BoardSupportPackage\src\</path>
         <kind>object</kind>
         <file>i2c_driver.obj</file>
         <name>i2c_driver.obj</name>
      </input_file>
      <input_file id="fl-19">
         <path>.\BoardSupportPackage\src\</path>
         <kind>object</kind>
         <file>motor_driver.obj</file>
         <name>motor_driver.obj</name>
      </input_file>
      <input_file id="fl-1a">
         <path>.\BoardSupportPackage\src\</path>
         <kind>object</kind>
         <file>opt3001.obj</file>
         <name>opt3001.obj</name>
      </input_file>
      <input_file id="fl-1b">
         <path>.\BoardSupportPackage\src\</path>
         <kind>object</kind>
         <file>pwm.obj</file>
         <name>pwm.obj</name>
      </input_file>
      <input_file id="fl-1c">
         <path>.\BoardSupportPackage\src\</path>
         <kind>object</kind>
         <file>tmp007.obj</file>
         <name>tmp007.obj</name>
      </input_file>
      <input_file id="fl-1d">
         <path>.\BoardSupportPackage\src\</path>
         <kind>object</kind>
         <file>xbee.obj</file>
         <name>xbee.obj</name>
      </input_file>
      <input_file id="fl-22">
         <kind>object</kind>
         <file>&lt;internal&gt;</file>
         <name>&lt;internal&gt;</name>
      </input_file>
      <input_file id="fl-23">
         <path>C:\Users\Alex Perera\Desktop\Senior\CCS\BoardSupportPackage\DriverLib\</path>
         <kind>archive</kind>
         <file>msp432p4xx_driverlib.lib</file>
         <name>cs.o</name>
      </input_file>
      <input_file id="fl-24">
         <path>C:\Users\Alex Perera\Desktop\Senior\CCS\BoardSupportPackage\DriverLib\</path>
         <kind>archive</kind>
         <file>msp432p4xx_driverlib.lib</file>
         <name>flash.o</name>
      </input_file>
      <input_file id="fl-25">
         <path>C:\Users\Alex Perera\Desktop\Senior\CCS\BoardSupportPackage\DriverLib\</path>
         <kind>archive</kind>
         <file>msp432p4xx_driverlib.lib</file>
         <name>gpio.o</name>
      </input_file>
      <input_file id="fl-26">
         <path>C:\Users\Alex Perera\Desktop\Senior\CCS\BoardSupportPackage\DriverLib\</path>
         <kind>archive</kind>
         <file>msp432p4xx_driverlib.lib</file>
         <name>i2c.o</name>
      </input_file>
      <input_file id="fl-27">
         <path>C:\Users\Alex Perera\Desktop\Senior\CCS\BoardSupportPackage\DriverLib\</path>
         <kind>archive</kind>
         <file>msp432p4xx_driverlib.lib</file>
         <name>interrupt.o</name>
      </input_file>
      <input_file id="fl-28">
         <path>C:\Users\Alex Perera\Desktop\Senior\CCS\BoardSupportPackage\DriverLib\</path>
         <kind>archive</kind>
         <file>msp432p4xx_driverlib.lib</file>
         <name>pcm.o</name>
      </input_file>
      <input_file id="fl-29">
         <path>C:\Users\Alex Perera\Desktop\Senior\CCS\BoardSupportPackage\DriverLib\</path>
         <kind>archive</kind>
         <file>msp432p4xx_driverlib.lib</file>
         <name>rtc_c.o</name>
      </input_file>
      <input_file id="fl-2a">
         <path>C:\Users\Alex Perera\Desktop\Senior\CCS\BoardSupportPackage\DriverLib\</path>
         <kind>archive</kind>
         <file>msp432p4xx_driverlib.lib</file>
         <name>spi.o</name>
      </input_file>
      <input_file id="fl-2b">
         <path>C:\Users\Alex Perera\Desktop\Senior\CCS\BoardSupportPackage\DriverLib\</path>
         <kind>archive</kind>
         <file>msp432p4xx_driverlib.lib</file>
         <name>sysctl.o</name>
      </input_file>
      <input_file id="fl-2c">
         <path>C:\Users\Alex Perera\Desktop\Senior\CCS\BoardSupportPackage\DriverLib\</path>
         <kind>archive</kind>
         <file>msp432p4xx_driverlib.lib</file>
         <name>timer_a.o</name>
      </input_file>
      <input_file id="fl-2d">
         <path>C:\Users\Alex Perera\Desktop\Senior\CCS\BoardSupportPackage\DriverLib\</path>
         <kind>archive</kind>
         <file>msp432p4xx_driverlib.lib</file>
         <name>uart.o</name>
      </input_file>
      <input_file id="fl-2e">
         <path>C:\Users\Alex Perera\Desktop\Senior\CCS\BoardSupportPackage\DriverLib\</path>
         <kind>archive</kind>
         <file>msp432p4xx_driverlib.lib</file>
         <name>wdt_a.o</name>
      </input_file>
      <input_file id="fl-2f">
         <path>C:\Users\Alex Perera\Desktop\Senior\CCS\BoardSupportPackage\DriverLib\</path>
         <kind>archive</kind>
         <file>msp432p4xx_driverlib.lib</file>
         <name>cpu.o</name>
      </input_file>
      <input_file id="fl-e5">
         <path>C:\ti\ccsv7\tools\compiler\ti-cgt-arm_16.9.8.LTS\lib\</path>
         <kind>archive</kind>
         <file>rtsv7M4_T_le_v4SPD16_eabi.lib</file>
         <name>boot.obj</name>
      </input_file>
      <input_file id="fl-e6">
         <path>C:\ti\ccsv7\tools\compiler\ti-cgt-arm_16.9.8.LTS\lib\</path>
         <kind>archive</kind>
         <file>rtsv7M4_T_le_v4SPD16_eabi.lib</file>
         <name>copy_decompress_lzss.obj</name>
      </input_file>
      <input_file id="fl-e7">
         <path>C:\ti\ccsv7\tools\compiler\ti-cgt-arm_16.9.8.LTS\lib\</path>
         <kind>archive</kind>
         <file>rtsv7M4_T_le_v4SPD16_eabi.lib</file>
         <name>copy_decompress_none.obj</name>
      </input_file>
      <input_file id="fl-e8">
         <path>C:\ti\ccsv7\tools\compiler\ti-cgt-arm_16.9.8.LTS\lib\</path>
         <kind>archive</kind>
         <file>rtsv7M4_T_le_v4SPD16_eabi.lib</file>
         <name>copy_zero_init.obj</name>
      </input_file>
      <input_file id="fl-e9">
         <path>C:\ti\ccsv7\tools\compiler\ti-cgt-arm_16.9.8.LTS\lib\</path>
         <kind>archive</kind>
         <file>rtsv7M4_T_le_v4SPD16_eabi.lib</file>
         <name>exit.obj</name>
      </input_file>
      <input_file id="fl-ea">
         <path>C:\ti\ccsv7\tools\compiler\ti-cgt-arm_16.9.8.LTS\lib\</path>
         <kind>archive</kind>
         <file>rtsv7M4_T_le_v4SPD16_eabi.lib</file>
         <name>fd_add_t2.obj</name>
      </input_file>
      <input_file id="fl-eb">
         <path>C:\ti\ccsv7\tools\compiler\ti-cgt-arm_16.9.8.LTS\lib\</path>
         <kind>archive</kind>
         <file>rtsv7M4_T_le_v4SPD16_eabi.lib</file>
         <name>fd_mul_t2.obj</name>
      </input_file>
      <input_file id="fl-ec">
         <path>C:\ti\ccsv7\tools\compiler\ti-cgt-arm_16.9.8.LTS\lib\</path>
         <kind>archive</kind>
         <file>rtsv7M4_T_le_v4SPD16_eabi.lib</file>
         <name>fd_tos_t2.obj</name>
      </input_file>
      <input_file id="fl-ed">
         <path>C:\ti\ccsv7\tools\compiler\ti-cgt-arm_16.9.8.LTS\lib\</path>
         <kind>archive</kind>
         <file>rtsv7M4_T_le_v4SPD16_eabi.lib</file>
         <name>fs_tod_t2.obj</name>
      </input_file>
      <input_file id="fl-ee">
         <path>C:\ti\ccsv7\tools\compiler\ti-cgt-arm_16.9.8.LTS\lib\</path>
         <kind>archive</kind>
         <file>rtsv7M4_T_le_v4SPD16_eabi.lib</file>
         <name>ll_div_t2.obj</name>
      </input_file>
      <input_file id="fl-ef">
         <path>C:\ti\ccsv7\tools\compiler\ti-cgt-arm_16.9.8.LTS\lib\</path>
         <kind>archive</kind>
         <file>rtsv7M4_T_le_v4SPD16_eabi.lib</file>
         <name>ll_mul_t2.obj</name>
      </input_file>
      <input_file id="fl-f0">
         <path>C:\ti\ccsv7\tools\compiler\ti-cgt-arm_16.9.8.LTS\lib\</path>
         <kind>archive</kind>
         <file>rtsv7M4_T_le_v4SPD16_eabi.lib</file>
         <name>memcpy_t2.obj</name>
      </input_file>
      <input_file id="fl-f1">
         <path>C:\ti\ccsv7\tools\compiler\ti-cgt-arm_16.9.8.LTS\lib\</path>
         <kind>archive</kind>
         <file>rtsv7M4_T_le_v4SPD16_eabi.lib</file>
         <name>memset_t2.obj</name>
      </input_file>
      <input_file id="fl-f2">
         <path>C:\ti\ccsv7\tools\compiler\ti-cgt-arm_16.9.8.LTS\lib\</path>
         <kind>archive</kind>
         <file>rtsv7M4_T_le_v4SPD16_eabi.lib</file>
         <name>mpu_init.obj</name>
      </input_file>
      <input_file id="fl-f3">
         <path>C:\ti\ccsv7\tools\compiler\ti-cgt-arm_16.9.8.LTS\lib\</path>
         <kind>archive</kind>
         <file>rtsv7M4_T_le_v4SPD16_eabi.lib</file>
         <name>pre_init.obj</name>
      </input_file>
      <input_file id="fl-f4">
         <path>C:\ti\ccsv7\tools\compiler\ti-cgt-arm_16.9.8.LTS\lib\</path>
         <kind>archive</kind>
         <file>rtsv7M4_T_le_v4SPD16_eabi.lib</file>
         <name>snprintf.obj</name>
      </input_file>
      <input_file id="fl-f5">
         <path>C:\ti\ccsv7\tools\compiler\ti-cgt-arm_16.9.8.LTS\lib\</path>
         <kind>archive</kind>
         <file>rtsv7M4_T_le_v4SPD16_eabi.lib</file>
         <name>stkdepth_vars.obj</name>
      </input_file>
      <input_file id="fl-f6">
         <path>C:\ti\ccsv7\tools\compiler\ti-cgt-arm_16.9.8.LTS\lib\</path>
         <kind>archive</kind>
         <file>rtsv7M4_T_le_v4SPD16_eabi.lib</file>
         <name>strlen.obj</name>
      </input_file>
      <input_file id="fl-f7">
         <path>C:\ti\ccsv7\tools\compiler\ti-cgt-arm_16.9.8.LTS\lib\</path>
         <kind>archive</kind>
         <file>rtsv7M4_T_le_v4SPD16_eabi.lib</file>
         <name>_lock.obj</name>
      </input_file>
      <input_file id="fl-f8">
         <path>C:\ti\ccsv7\tools\compiler\ti-cgt-arm_16.9.8.LTS\lib\</path>
         <kind>archive</kind>
         <file>rtsv7M4_T_le_v4SPD16_eabi.lib</file>
         <name>_printfi.obj</name>
      </input_file>
      <input_file id="fl-f9">
         <path>C:\ti\ccsv7\tools\compiler\ti-cgt-arm_16.9.8.LTS\lib\</path>
         <kind>archive</kind>
         <file>rtsv7M4_T_le_v4SPD16_eabi.lib</file>
         <name>args_main.obj</name>
      </input_file>
      <input_file id="fl-fa">
         <path>C:\ti\ccsv7\tools\compiler\ti-cgt-arm_16.9.8.LTS\lib\</path>
         <kind>archive</kind>
         <file>rtsv7M4_T_le_v4SPD16_eabi.lib</file>
         <name>atoi.obj</name>
      </input_file>
      <input_file id="fl-fb">
         <path>C:\ti\ccsv7\tools\compiler\ti-cgt-arm_16.9.8.LTS\lib\</path>
         <kind>archive</kind>
         <file>rtsv7M4_T_le_v4SPD16_eabi.lib</file>
         <name>autoinit.obj</name>
      </input_file>
      <input_file id="fl-fc">
         <path>C:\ti\ccsv7\tools\compiler\ti-cgt-arm_16.9.8.LTS\lib\</path>
         <kind>archive</kind>
         <file>rtsv7M4_T_le_v4SPD16_eabi.lib</file>
         <name>cpy_tbl.obj</name>
      </input_file>
      <input_file id="fl-fd">
         <path>C:\ti\ccsv7\tools\compiler\ti-cgt-arm_16.9.8.LTS\lib\</path>
         <kind>archive</kind>
         <file>rtsv7M4_T_le_v4SPD16_eabi.lib</file>
         <name>ctype.obj</name>
      </input_file>
      <input_file id="fl-fe">
         <path>C:\ti\ccsv7\tools\compiler\ti-cgt-arm_16.9.8.LTS\lib\</path>
         <kind>archive</kind>
         <file>rtsv7M4_T_le_v4SPD16_eabi.lib</file>
         <name>fd_cmp_t2.obj</name>
      </input_file>
      <input_file id="fl-ff">
         <path>C:\ti\ccsv7\tools\compiler\ti-cgt-arm_16.9.8.LTS\lib\</path>
         <kind>archive</kind>
         <file>rtsv7M4_T_le_v4SPD16_eabi.lib</file>
         <name>fd_div_t2.obj</name>
      </input_file>
      <input_file id="fl-100">
         <path>C:\ti\ccsv7\tools\compiler\ti-cgt-arm_16.9.8.LTS\lib\</path>
         <kind>archive</kind>
         <file>rtsv7M4_T_le_v4SPD16_eabi.lib</file>
         <name>fd_toi_t2.obj</name>
      </input_file>
      <input_file id="fl-101">
         <path>C:\ti\ccsv7\tools\compiler\ti-cgt-arm_16.9.8.LTS\lib\</path>
         <kind>archive</kind>
         <file>rtsv7M4_T_le_v4SPD16_eabi.lib</file>
         <name>i_tofd_t2.obj</name>
      </input_file>
      <input_file id="fl-102">
         <path>C:\ti\ccsv7\tools\compiler\ti-cgt-arm_16.9.8.LTS\lib\</path>
         <kind>archive</kind>
         <file>rtsv7M4_T_le_v4SPD16_eabi.lib</file>
         <name>l_div0.obj</name>
      </input_file>
      <input_file id="fl-103">
         <path>C:\ti\ccsv7\tools\compiler\ti-cgt-arm_16.9.8.LTS\lib\</path>
         <kind>archive</kind>
         <file>rtsv7M4_T_le_v4SPD16_eabi.lib</file>
         <name>ltoa.obj</name>
      </input_file>
      <input_file id="fl-104">
         <path>C:\ti\ccsv7\tools\compiler\ti-cgt-arm_16.9.8.LTS\lib\</path>
         <kind>archive</kind>
         <file>rtsv7M4_T_le_v4SPD16_eabi.lib</file>
         <name>memccpy.obj</name>
      </input_file>
      <input_file id="fl-105">
         <path>C:\ti\ccsv7\tools\compiler\ti-cgt-arm_16.9.8.LTS\lib\</path>
         <kind>archive</kind>
         <file>rtsv7M4_T_le_v4SPD16_eabi.lib</file>
         <name>s_frexp.obj</name>
      </input_file>
      <input_file id="fl-106">
         <path>C:\ti\ccsv7\tools\compiler\ti-cgt-arm_16.9.8.LTS\lib\</path>
         <kind>archive</kind>
         <file>rtsv7M4_T_le_v4SPD16_eabi.lib</file>
         <name>s_scalbn.obj</name>
      </input_file>
      <input_file id="fl-107">
         <path>C:\ti\ccsv7\tools\compiler\ti-cgt-arm_16.9.8.LTS\lib\</path>
         <kind>archive</kind>
         <file>rtsv7M4_T_le_v4SPD16_eabi.lib</file>
         <name>startup.obj</name>
      </input_file>
      <input_file id="fl-108">
         <path>C:\ti\ccsv7\tools\compiler\ti-cgt-arm_16.9.8.LTS\lib\</path>
         <kind>archive</kind>
         <file>rtsv7M4_T_le_v4SPD16_eabi.lib</file>
         <name>strchr.obj</name>
      </input_file>
      <input_file id="fl-109">
         <path>C:\ti\ccsv7\tools\compiler\ti-cgt-arm_16.9.8.LTS\lib\</path>
         <kind>archive</kind>
         <file>rtsv7M4_T_le_v4SPD16_eabi.lib</file>
         <name>ull_div_t2.obj</name>
      </input_file>
      <input_file id="fl-10a">
         <path>C:\ti\ccsv7\tools\compiler\ti-cgt-arm_16.9.8.LTS\lib\</path>
         <kind>archive</kind>
         <file>rtsv7M4_T_le_v4SPD16_eabi.lib</file>
         <name>errno.obj</name>
      </input_file>
      <input_file id="fl-10b">
         <path>C:\ti\ccsv7\tools\compiler\ti-cgt-arm_16.9.8.LTS\lib\</path>
         <kind>archive</kind>
         <file>rtsv7M4_T_le_v4SPD16_eabi.lib</file>
         <name>s_copysign.obj</name>
      </input_file>
   </input_file_list>
   <object_component_list>
      <object_component id="oc-2c">
         <name>.intvecs:retain</name>
         <load_address>0x0</load_address>
         <run_address>0x0</run_address>
         <size>0xe4</size>
         <input_file_ref idref="fl-3"/>
      </object_component>
      <object_component id="oc-1cc">
         <name>.text</name>
         <load_address>0x2d030</load_address>
         <run_address>0x2d030</run_address>
         <size>0xa1c</size>
         <input_file_ref idref="fl-a"/>
      </object_component>
      <object_component id="oc-3b9">
         <name>.text:CPU_wfi</name>
         <load_address>0x2da4c</load_address>
         <run_address>0x2da4c</run_address>
         <size>0x4</size>
         <input_file_ref idref="fl-2f"/>
      </object_component>
      <object_component id="oc-87">
         <name>.text</name>
         <load_address>0x2da50</load_address>
         <run_address>0x2da50</run_address>
         <size>0x59a</size>
         <input_file_ref idref="fl-18"/>
      </object_component>
      <object_component id="oc-179">
         <name>.text:I2C_getEnabledInterruptStatus</name>
         <load_address>0x2dfea</load_address>
         <run_address>0x2dfea</run_address>
         <size>0x6</size>
         <input_file_ref idref="fl-26"/>
      </object_component>
      <object_component id="oc-c9">
         <name>.text</name>
         <load_address>0x2dff0</load_address>
         <run_address>0x2dff0</run_address>
         <size>0x480</size>
         <input_file_ref idref="fl-4"/>
      </object_component>
      <object_component id="oc-7b">
         <name>.text</name>
         <load_address>0x2e470</load_address>
         <run_address>0x2e470</run_address>
         <size>0x470</size>
         <input_file_ref idref="fl-1d"/>
      </object_component>
      <object_component id="oc-1c3">
         <name>.text</name>
         <load_address>0x2e8e0</load_address>
         <run_address>0x2e8e0</run_address>
         <size>0x218</size>
         <input_file_ref idref="fl-16"/>
      </object_component>
      <object_component id="oc-298">
         <name>.text</name>
         <load_address>0x2eaf8</load_address>
         <run_address>0x2eaf8</run_address>
         <size>0x1ea</size>
         <input_file_ref idref="fl-9"/>
      </object_component>
      <object_component id="oc-169">
         <name>.text:I2C_getInterruptStatus</name>
         <load_address>0x2ece2</load_address>
         <run_address>0x2ece2</run_address>
         <size>0x6</size>
         <input_file_ref idref="fl-26"/>
      </object_component>
      <object_component id="oc-b6">
         <name>.text</name>
         <load_address>0x2ece8</load_address>
         <run_address>0x2ece8</run_address>
         <size>0x1ca</size>
         <input_file_ref idref="fl-2"/>
      </object_component>
      <object_component id="oc-18b">
         <name>.text:I2C_masterReceiveMultiByteNext</name>
         <load_address>0x2eeb2</load_address>
         <run_address>0x2eeb2</run_address>
         <size>0x6</size>
         <input_file_ref idref="fl-26"/>
      </object_component>
      <object_component id="oc-81">
         <name>.text</name>
         <load_address>0x2eeb8</load_address>
         <run_address>0x2eeb8</run_address>
         <size>0x1c2</size>
         <input_file_ref idref="fl-f"/>
      </object_component>
      <object_component id="oc-32a">
         <name>.text:__PCM_setPowerStateAdvanced</name>
         <load_address>0x2f07a</load_address>
         <run_address>0x2f07a</run_address>
         <size>0x1a0</size>
         <input_file_ref idref="fl-28"/>
      </object_component>
      <object_component id="oc-53">
         <name>.text</name>
         <load_address>0x2f21a</load_address>
         <run_address>0x2f21a</run_address>
         <size>0x2</size>
         <input_file_ref idref="fl-f2"/>
      </object_component>
      <object_component id="oc-26f">
         <name>.text:CS_setDCOFrequency</name>
         <load_address>0x2f21c</load_address>
         <run_address>0x2f21c</run_address>
         <size>0x14c</size>
         <input_file_ref idref="fl-23"/>
      </object_component>
      <object_component id="oc-1bd">
         <name>.text:CS_getDCOFrequency</name>
         <load_address>0x2f368</load_address>
         <run_address>0x2f368</run_address>
         <size>0x104</size>
         <input_file_ref idref="fl-23"/>
      </object_component>
      <object_component id="oc-275">
         <name>.text:CS_initClockSignal</name>
         <load_address>0x2f46c</load_address>
         <run_address>0x2f46c</run_address>
         <size>0xe0</size>
         <input_file_ref idref="fl-23"/>
      </object_component>
      <object_component id="oc-38e">
         <name>.text:__PCM_setPowerModeAdvanced</name>
         <load_address>0x2f54c</load_address>
         <run_address>0x2f54c</run_address>
         <size>0xdc</size>
         <input_file_ref idref="fl-28"/>
      </object_component>
      <object_component id="oc-388">
         <name>.text:__PCM_setCoreVoltageLevelAdvanced</name>
         <load_address>0x2f628</load_address>
         <run_address>0x2f628</run_address>
         <size>0xb0</size>
         <input_file_ref idref="fl-28"/>
      </object_component>
      <object_component id="oc-2df">
         <name>.text:PutChar</name>
         <load_address>0x2f6d8</load_address>
         <run_address>0x2f6d8</run_address>
         <size>0xaa</size>
         <input_file_ref idref="fl-a"/>
      </object_component>
      <object_component id="oc-ae">
         <name>.text</name>
         <load_address>0x2f782</load_address>
         <run_address>0x2f782</run_address>
         <size>0x2</size>
         <input_file_ref idref="fl-107"/>
      </object_component>
      <object_component id="oc-22e">
         <name>.text:_CSComputeCLKFrequency</name>
         <load_address>0x2f784</load_address>
         <run_address>0x2f784</run_address>
         <size>0x9c</size>
         <input_file_ref idref="fl-23"/>
      </object_component>
      <object_component id="oc-3b">
         <name>.text</name>
         <load_address>0x2f820</load_address>
         <run_address>0x2f820</run_address>
         <size>0x9c</size>
         <input_file_ref idref="fl-f0"/>
      </object_component>
      <object_component id="oc-d3">
         <name>.text:UART_initModule</name>
         <load_address>0x2f8bc</load_address>
         <run_address>0x2f8bc</run_address>
         <size>0x94</size>
         <input_file_ref idref="fl-2d"/>
      </object_component>
      <object_component id="oc-376">
         <name>.text:PCM_gotoLPM3</name>
         <load_address>0x2f950</load_address>
         <run_address>0x2f950</run_address>
         <size>0x7c</size>
         <input_file_ref idref="fl-28"/>
      </object_component>
      <object_component id="oc-47">
         <name>.text</name>
         <load_address>0x2f9cc</load_address>
         <run_address>0x2f9cc</run_address>
         <size>0x7a</size>
         <input_file_ref idref="fl-f1"/>
      </object_component>
      <object_component id="oc-1b1">
         <name>.text</name>
         <load_address>0x2fa48</load_address>
         <run_address>0x2fa48</run_address>
         <size>0x78</size>
         <input_file_ref idref="fl-8"/>
      </object_component>
      <object_component id="oc-5f">
         <name>.text</name>
         <load_address>0x2fac0</load_address>
         <run_address>0x2fac0</run_address>
         <size>0x70</size>
         <input_file_ref idref="fl-fb"/>
      </object_component>
      <object_component id="oc-2ed">
         <name>.text:LCD_ReadData</name>
         <load_address>0x2fb30</load_address>
         <run_address>0x2fb30</run_address>
         <size>0x68</size>
         <input_file_ref idref="fl-a"/>
      </object_component>
      <object_component id="oc-14">
         <name>.text:decompress:lzss</name>
         <load_address>0x2fb98</load_address>
         <run_address>0x2fb98</run_address>
         <size>0x68</size>
         <input_file_ref idref="fl-e6"/>
      </object_component>
      <object_component id="oc-163">
         <name>.text:Interrupt_disableInterrupt</name>
         <load_address>0x2fc00</load_address>
         <run_address>0x2fc00</run_address>
         <size>0x64</size>
         <input_file_ref idref="fl-27"/>
      </object_component>
      <object_component id="oc-f1">
         <name>.text:Interrupt_enableInterrupt</name>
         <load_address>0x2fc64</load_address>
         <run_address>0x2fc64</run_address>
         <size>0x64</size>
         <input_file_ref idref="fl-27"/>
      </object_component>
      <object_component id="oc-333">
         <name>.text:CS_tuneDCOFrequency</name>
         <load_address>0x2fcc8</load_address>
         <run_address>0x2fcc8</run_address>
         <size>0x54</size>
         <input_file_ref idref="fl-23"/>
      </object_component>
      <object_component id="oc-26">
         <name>.text</name>
         <load_address>0x2fd1c</load_address>
         <run_address>0x2fd1c</run_address>
         <size>0x54</size>
         <input_file_ref idref="fl-e5"/>
      </object_component>
      <object_component id="oc-6b">
         <name>.text</name>
         <load_address>0x2fd70</load_address>
         <run_address>0x2fd70</run_address>
         <size>0x54</size>
         <input_file_ref idref="fl-e9"/>
      </object_component>
      <object_component id="oc-382">
         <name>.text:PCM_shutdownDevice</name>
         <load_address>0x2fdc4</load_address>
         <run_address>0x2fdc4</run_address>
         <size>0x50</size>
         <input_file_ref idref="fl-28"/>
      </object_component>
      <object_component id="oc-28f">
         <name>.text:SysCtl_getTLVInfo</name>
         <load_address>0x2fe14</load_address>
         <run_address>0x2fe14</run_address>
         <size>0x50</size>
         <input_file_ref idref="fl-2b"/>
      </object_component>
      <object_component id="oc-129">
         <name>.text:GPIO_setAsPeripheralModuleFunctionOutputPin</name>
         <load_address>0x2fe64</load_address>
         <run_address>0x2fe64</run_address>
         <size>0x4c</size>
         <input_file_ref idref="fl-25"/>
      </object_component>
      <object_component id="oc-289">
         <name>.text:_CSGetDOCFrequency</name>
         <load_address>0x2feb0</load_address>
         <run_address>0x2feb0</run_address>
         <size>0x4c</size>
         <input_file_ref idref="fl-23"/>
      </object_component>
      <object_component id="oc-a8">
         <name>.text</name>
         <load_address>0x2fefc</load_address>
         <run_address>0x2fefc</run_address>
         <size>0x4c</size>
         <input_file_ref idref="fl-fc"/>
      </object_component>
      <object_component id="oc-d9">
         <name>.text:GPIO_setAsPeripheralModuleFunctionInputPin</name>
         <load_address>0x2ff48</load_address>
         <run_address>0x2ff48</run_address>
         <size>0x48</size>
         <input_file_ref idref="fl-25"/>
      </object_component>
      <object_component id="oc-319">
         <name>.text:_CSGetDividerValue</name>
         <load_address>0x2ff90</load_address>
         <run_address>0x2ff90</run_address>
         <size>0x48</size>
         <input_file_ref idref="fl-23"/>
      </object_component>
      <object_component id="oc-364">
         <name>.text</name>
         <load_address>0x2ffd8</load_address>
         <run_address>0x2ffd8</run_address>
         <size>0x46</size>
         <input_file_ref idref="fl-5"/>
      </object_component>
      <object_component id="oc-35d">
         <name>.text:LCD_WriteData</name>
         <load_address>0x30020</load_address>
         <run_address>0x30020</run_address>
         <size>0x46</size>
         <input_file_ref idref="fl-a"/>
      </object_component>
      <object_component id="oc-2f4">
         <name>.text:SPISendRecvByte</name>
         <load_address>0x30068</load_address>
         <run_address>0x30068</run_address>
         <size>0x46</size>
         <input_file_ref idref="fl-a"/>
      </object_component>
      <object_component id="oc-13e">
         <name>.text:I2C_initMaster</name>
         <load_address>0x300ae</load_address>
         <run_address>0x300ae</run_address>
         <size>0x3e</size>
         <input_file_ref idref="fl-26"/>
      </object_component>
      <object_component id="oc-144">
         <name>.text:I2C_setSlaveAddress</name>
         <load_address>0x300ec</load_address>
         <run_address>0x300ec</run_address>
         <size>0x4</size>
         <input_file_ref idref="fl-26"/>
      </object_component>
      <object_component id="oc-2ca">
         <name>.text:LCD_WriteIndex</name>
         <load_address>0x300f0</load_address>
         <run_address>0x300f0</run_address>
         <size>0x3c</size>
         <input_file_ref idref="fl-a"/>
      </object_component>
      <object_component id="oc-157">
         <name>.text:I2C_masterSendMultiByteStart</name>
         <load_address>0x3012c</load_address>
         <run_address>0x3012c</run_address>
         <size>0x38</size>
         <input_file_ref idref="fl-26"/>
      </object_component>
      <object_component id="oc-185">
         <name>.text:I2C_masterSendMultiByteStop</name>
         <load_address>0x30164</load_address>
         <run_address>0x30164</run_address>
         <size>0x30</size>
         <input_file_ref idref="fl-26"/>
      </object_component>
      <object_component id="oc-f7">
         <name>.text:UART_getEnabledInterruptStatus</name>
         <load_address>0x30194</load_address>
         <run_address>0x30194</run_address>
         <size>0x30</size>
         <input_file_ref idref="fl-2d"/>
      </object_component>
      <object_component id="oc-29e">
         <name>.text:GPIO_setAsInputPin</name>
         <load_address>0x301c4</load_address>
         <run_address>0x301c4</run_address>
         <size>0x2c</size>
         <input_file_ref idref="fl-25"/>
      </object_component>
      <object_component id="oc-3ce">
         <name>.text:PCM_getCoreVoltageLevel</name>
         <load_address>0x301f0</load_address>
         <run_address>0x301f0</run_address>
         <size>0x2c</size>
         <input_file_ref idref="fl-28"/>
      </object_component>
      <object_component id="oc-3ad">
         <name>.text:PCM_getPowerMode</name>
         <load_address>0x3021c</load_address>
         <run_address>0x3021c</run_address>
         <size>0x2a</size>
         <input_file_ref idref="fl-28"/>
      </object_component>
      <object_component id="oc-269">
         <name>.text:FlashCtl_setWaitState</name>
         <load_address>0x30248</load_address>
         <run_address>0x30248</run_address>
         <size>0x28</size>
         <input_file_ref idref="fl-24"/>
      </object_component>
      <object_component id="oc-394">
         <name>.text:PCM_gotoLPM0</name>
         <load_address>0x30270</load_address>
         <run_address>0x30270</run_address>
         <size>0x28</size>
         <input_file_ref idref="fl-28"/>
      </object_component>
      <object_component id="oc-31f">
         <name>.text:CS_clearInterruptFlag</name>
         <load_address>0x30298</load_address>
         <run_address>0x30298</run_address>
         <size>0x24</size>
         <input_file_ref idref="fl-23"/>
      </object_component>
      <object_component id="oc-27b">
         <name>.text:CS_setDCOCenteredFrequency</name>
         <load_address>0x302bc</load_address>
         <run_address>0x302bc</run_address>
         <size>0x24</size>
         <input_file_ref idref="fl-23"/>
      </object_component>
      <object_component id="oc-192">
         <name>.text:I2C_masterSendMultiByteNext</name>
         <load_address>0x302e0</load_address>
         <run_address>0x302e0</run_address>
         <size>0x24</size>
         <input_file_ref idref="fl-26"/>
      </object_component>
      <object_component id="oc-347">
         <name>.text:Interrupt_setPriority</name>
         <load_address>0x30304</load_address>
         <run_address>0x30304</run_address>
         <size>0x24</size>
         <input_file_ref idref="fl-27"/>
      </object_component>
      <object_component id="oc-3c6">
         <name>.text:RTC_C_holdClock</name>
         <load_address>0x30328</load_address>
         <run_address>0x30328</run_address>
         <size>0x24</size>
         <input_file_ref idref="fl-29"/>
      </object_component>
      <object_component id="oc-59">
         <name>.text</name>
         <load_address>0x3034c</load_address>
         <run_address>0x3034c</run_address>
         <size>0x4</size>
         <input_file_ref idref="fl-f3"/>
      </object_component>
      <object_component id="oc-2c3">
         <name>.text:LCD_SetCursor</name>
         <load_address>0x30350</load_address>
         <run_address>0x30350</run_address>
         <size>0x20</size>
         <input_file_ref idref="fl-a"/>
      </object_component>
      <object_component id="oc-2d8">
         <name>.text:LCD_Write_Data_Only</name>
         <load_address>0x30370</load_address>
         <run_address>0x30370</run_address>
         <size>0x20</size>
         <input_file_ref idref="fl-a"/>
      </object_component>
      <object_component id="oc-2bc">
         <name>.text:LCD_WriteReg</name>
         <load_address>0x30390</load_address>
         <run_address>0x30390</run_address>
         <size>0x1c</size>
         <input_file_ref idref="fl-a"/>
      </object_component>
      <object_component id="oc-1b7">
         <name>.text:CS_getACLK</name>
         <load_address>0x303ac</load_address>
         <run_address>0x303ac</run_address>
         <size>0x18</size>
         <input_file_ref idref="fl-23"/>
      </object_component>
      <object_component id="oc-281">
         <name>.text:CS_getMCLK</name>
         <load_address>0x303c4</load_address>
         <run_address>0x303c4</run_address>
         <size>0x18</size>
         <input_file_ref idref="fl-23"/>
      </object_component>
      <object_component id="oc-120">
         <name>.text:CS_getSMCLK</name>
         <load_address>0x303dc</load_address>
         <run_address>0x303dc</run_address>
         <size>0x18</size>
         <input_file_ref idref="fl-23"/>
      </object_component>
      <object_component id="oc-2a4">
         <name>.text:GPIO_getInputPinValue</name>
         <load_address>0x303f4</load_address>
         <run_address>0x303f4</run_address>
         <size>0x18</size>
         <input_file_ref idref="fl-25"/>
      </object_component>
      <object_component id="oc-3c0">
         <name>.text:WDT_A_holdTimer</name>
         <load_address>0x3040c</load_address>
         <run_address>0x3040c</run_address>
         <size>0x18</size>
         <input_file_ref idref="fl-2e"/>
      </object_component>
      <object_component id="oc-65">
         <name>.text</name>
         <load_address>0x30424</load_address>
         <run_address>0x30424</run_address>
         <size>0x18</size>
         <input_file_ref idref="fl-f9"/>
      </object_component>
      <object_component id="oc-e5">
         <name>.text:UART_enableInterrupt</name>
         <load_address>0x3043c</load_address>
         <run_address>0x3043c</run_address>
         <size>0x16</size>
         <input_file_ref idref="fl-2d"/>
      </object_component>
      <object_component id="oc-12f">
         <name>.text:I2C_isBusBusy</name>
         <load_address>0x30454</load_address>
         <run_address>0x30454</run_address>
         <size>0x14</size>
         <input_file_ref idref="fl-26"/>
      </object_component>
      <object_component id="oc-2e6">
         <name>.text:LCD_ReadReg</name>
         <load_address>0x30468</load_address>
         <run_address>0x30468</run_address>
         <size>0x14</size>
         <input_file_ref idref="fl-a"/>
      </object_component>
      <object_component id="oc-1dc">
         <name>.text</name>
         <load_address>0x3047c</load_address>
         <run_address>0x3047c</run_address>
         <size>0x14</size>
         <input_file_ref idref="fl-f7"/>
      </object_component>
      <object_component id="oc-75">
         <name>.text</name>
         <load_address>0x30490</load_address>
         <run_address>0x30490</run_address>
         <size>0x12</size>
         <input_file_ref idref="fl-3"/>
      </object_component>
      <object_component id="oc-16f">
         <name>.text:I2C_masterReceiveStart</name>
         <load_address>0x304a2</load_address>
         <run_address>0x304a2</run_address>
         <size>0x10</size>
         <input_file_ref idref="fl-26"/>
      </object_component>
      <object_component id="oc-eb">
         <name>.text:Interrupt_enableMaster</name>
         <load_address>0x304b2</load_address>
         <run_address>0x304b2</run_address>
         <size>0x10</size>
         <input_file_ref idref="fl-27"/>
      </object_component>
      <object_component id="oc-37c">
         <name>.text:PCM_gotoLPM4</name>
         <load_address>0x304c2</load_address>
         <run_address>0x304c2</run_address>
         <size>0x10</size>
         <input_file_ref idref="fl-28"/>
      </object_component>
      <object_component id="oc-17f">
         <name>.text:I2C_clearInterruptFlag</name>
         <load_address>0x304d2</load_address>
         <run_address>0x304d2</run_address>
         <size>0xe</size>
         <input_file_ref idref="fl-26"/>
      </object_component>
      <object_component id="oc-15d">
         <name>.text:I2C_disableInterrupt</name>
         <load_address>0x304e0</load_address>
         <run_address>0x304e0</run_address>
         <size>0xe</size>
         <input_file_ref idref="fl-26"/>
      </object_component>
      <object_component id="oc-102">
         <name>.text:UART_clearInterruptFlag</name>
         <load_address>0x304ee</load_address>
         <run_address>0x304ee</run_address>
         <size>0xe</size>
         <input_file_ref idref="fl-2d"/>
      </object_component>
      <object_component id="oc-1a">
         <name>.text:decompress:none</name>
         <load_address>0x304fc</load_address>
         <run_address>0x304fc</run_address>
         <size>0xe</size>
         <input_file_ref idref="fl-e7"/>
      </object_component>
      <object_component id="oc-1f7">
         <name>.text:CPU_cpsie</name>
         <load_address>0x3050a</load_address>
         <run_address>0x3050a</run_address>
         <size>0xc</size>
         <input_file_ref idref="fl-2f"/>
      </object_component>
      <object_component id="oc-138">
         <name>.text:I2C_disableModule</name>
         <load_address>0x30516</load_address>
         <run_address>0x30516</run_address>
         <size>0xc</size>
         <input_file_ref idref="fl-26"/>
      </object_component>
      <object_component id="oc-14a">
         <name>.text:I2C_enableModule</name>
         <load_address>0x30522</load_address>
         <run_address>0x30522</run_address>
         <size>0xc</size>
         <input_file_ref idref="fl-26"/>
      </object_component>
      <object_component id="oc-370">
         <name>.text:PCM_getPowerState</name>
         <load_address>0x30530</load_address>
         <run_address>0x30530</run_address>
         <size>0xc</size>
         <input_file_ref idref="fl-28"/>
      </object_component>
      <object_component id="oc-df">
         <name>.text:UART_enableModule</name>
         <load_address>0x3053c</load_address>
         <run_address>0x3053c</run_address>
         <size>0xc</size>
         <input_file_ref idref="fl-2d"/>
      </object_component>
      <object_component id="oc-20">
         <name>.text:decompress:ZI</name>
         <load_address>0x30548</load_address>
         <run_address>0x30548</run_address>
         <size>0xc</size>
         <input_file_ref idref="fl-e8"/>
      </object_component>
      <object_component id="oc-2d1">
         <name>.text:LCD_Write_Data_Start</name>
         <load_address>0x30558</load_address>
         <run_address>0x30558</run_address>
         <size>0xa</size>
         <input_file_ref idref="fl-a"/>
      </object_component>
      <object_component id="oc-150">
         <name>.text:I2C_enableInterrupt</name>
         <load_address>0x30562</load_address>
         <run_address>0x30562</run_address>
         <size>0x8</size>
         <input_file_ref idref="fl-26"/>
      </object_component>
      <object_component id="oc-3b3">
         <name>.text:PCM_setPowerMode</name>
         <load_address>0x3056a</load_address>
         <run_address>0x3056a</run_address>
         <size>0x8</size>
         <input_file_ref idref="fl-28"/>
      </object_component>
      <object_component id="oc-263">
         <name>.text:PCM_setPowerState</name>
         <load_address>0x30572</load_address>
         <run_address>0x30572</run_address>
         <size>0x8</size>
         <input_file_ref idref="fl-28"/>
      </object_component>
      <object_component id="oc-203">
         <name>.text:UART_getInterruptStatus</name>
         <load_address>0x3057a</load_address>
         <run_address>0x3057a</run_address>
         <size>0x6</size>
         <input_file_ref idref="fl-2d"/>
      </object_component>
      <object_component id="oc-2ad">
         <name>.const:walle</name>
         <load_address>0xe4</load_address>
         <run_address>0xe4</run_address>
         <size>0x25800</size>
         <input_file_ref idref="fl-a"/>
      </object_component>
      <object_component id="oc-2b6">
         <name>.const:walle2</name>
         <load_address>0x258e4</load_address>
         <run_address>0x258e4</run_address>
         <size>0x1c20</size>
         <input_file_ref idref="fl-a"/>
      </object_component>
      <object_component id="oc-2b3">
         <name>.const:walle3</name>
         <load_address>0x27504</load_address>
         <run_address>0x27504</run_address>
         <size>0x1c20</size>
         <input_file_ref idref="fl-a"/>
      </object_component>
      <object_component id="oc-2b0">
         <name>.const:walle4</name>
         <load_address>0x29124</load_address>
         <run_address>0x29124</run_address>
         <size>0x1c20</size>
         <input_file_ref idref="fl-a"/>
      </object_component>
      <object_component id="oc-2b9">
         <name>.const:walleparte</name>
         <load_address>0x2ad44</load_address>
         <run_address>0x2ad44</run_address>
         <size>0x1c20</size>
         <input_file_ref idref="fl-a"/>
      </object_component>
      <object_component id="oc-3a7">
         <name>.const:AsciiLib</name>
         <load_address>0x2c964</load_address>
         <run_address>0x2c964</run_address>
         <size>0x5f0</size>
         <input_file_ref idref="fl-5"/>
      </object_component>
      <object_component id="oc-3a1">
         <name>.const:g_pulRegs</name>
         <load_address>0x2cf54</load_address>
         <run_address>0x2cf54</run_address>
         <size>0x50</size>
         <input_file_ref idref="fl-27"/>
      </object_component>
      <object_component id="oc-1fe">
         <name>.const</name>
         <load_address>0x2cfa4</load_address>
         <run_address>0x2cfa4</run_address>
         <size>0x40</size>
         <input_file_ref idref="fl-27"/>
      </object_component>
      <object_component id="oc-118">
         <name>.const:$P$T0$1</name>
         <load_address>0x2cfe4</load_address>
         <run_address>0x2cfe4</run_address>
         <size>0x24</size>
         <input_file_ref idref="fl-f"/>
      </object_component>
      <object_component id="oc-d0">
         <name>.const:$P$T0$1</name>
         <load_address>0x2d008</load_address>
         <run_address>0x2d008</run_address>
         <size>0x24</size>
         <input_file_ref idref="fl-1d"/>
      </object_component>
      <object_component id="oc-11b">
         <name>.const:.string:$P$T1$2</name>
         <load_address>0x2d02c</load_address>
         <run_address>0x2d02c</run_address>
         <size>0x1</size>
         <input_file_ref idref="fl-f"/>
      </object_component>
      <object_component id="oc-40c">
         <name>.cinit..data.load</name>
         <load_address>0x30580</load_address>
         <run_address>0x30580</run_address>
         <size>0x4a</size>
      </object_component>
      <object_component id="oc-40a">
         <name>__TI_handler_table</name>
         <load_address>0x305cc</load_address>
         <run_address>0x305cc</run_address>
         <size>0xc</size>
      </object_component>
      <object_component id="oc-40d">
         <name>.cinit..bss.load</name>
         <load_address>0x305d8</load_address>
         <run_address>0x305d8</run_address>
         <size>0x8</size>
      </object_component>
      <object_component id="oc-40b">
         <name>__TI_cinit_table</name>
         <load_address>0x305e0</load_address>
         <run_address>0x305e0</run_address>
         <size>0x10</size>
      </object_component>
      <object_component id="oc-3e7">
         <name>.binit</name>
         <load_address>0x0</load_address>
         <run_address>0x0</run_address>
         <size>0x0</size>
      </object_component>
      <object_component id="oc-1c9">
         <name>.data</name>
         <load_address>0x20000060</load_address>
         <run_address>0x20000060</run_address>
         <size>0x2</size>
         <input_file_ref idref="fl-2"/>
      </object_component>
      <object_component id="oc-1e8">
         <name>.data</name>
         <load_address>0x2000005c</load_address>
         <run_address>0x2000005c</run_address>
         <size>0x4</size>
         <input_file_ref idref="fl-4"/>
      </object_component>
      <object_component id="oc-176">
         <name>.data</name>
         <load_address>0x20000062</load_address>
         <run_address>0x20000062</run_address>
         <size>0x1</size>
         <input_file_ref idref="fl-18"/>
      </object_component>
      <object_component id="oc-126">
         <name>.data:i2cConfig</name>
         <load_address>0x20000030</load_address>
         <run_address>0x20000030</run_address>
         <size>0x14</size>
         <input_file_ref idref="fl-18"/>
      </object_component>
      <object_component id="oc-1f0">
         <name>.data:GPIO_PORT_TO_BASE</name>
         <load_address>0x20000000</load_address>
         <run_address>0x20000000</run_address>
         <size>0x30</size>
         <input_file_ref idref="fl-25"/>
      </object_component>
      <object_component id="oc-be">
         <name>.data:$O1$$</name>
         <load_address>0x20000044</load_address>
         <run_address>0x20000044</run_address>
         <size>0xc</size>
         <input_file_ref idref="fl-e9"/>
      </object_component>
      <object_component id="oc-71">
         <name>.data</name>
         <load_address>0x20000058</load_address>
         <run_address>0x20000058</run_address>
         <size>0x4</size>
         <input_file_ref idref="fl-f5"/>
      </object_component>
      <object_component id="oc-c1">
         <name>.data:$O1$$</name>
         <load_address>0x20000050</load_address>
         <run_address>0x20000050</run_address>
         <size>0x8</size>
         <input_file_ref idref="fl-f7"/>
      </object_component>
      <object_component id="oc-fd">
         <name>.common:cont_state</name>
         <uninitialized>true</uninitialized>
         <run_address>0x20000064</run_address>
         <size>0x6</size>
      </object_component>
      <object_component id="oc-34d">
         <name>.common:ButtonFunction</name>
         <uninitialized>true</uninitialized>
         <run_address>0x2000006c</run_address>
         <size>0x4</size>
      </object_component>
      <object_component id="oc-156">
         <name>.common:ui8Status</name>
         <uninitialized>true</uninitialized>
         <run_address>0x2000006b</run_address>
         <size>0x1</size>
      </object_component>
      <object_component id="oc-135">
         <name>.common:pData</name>
         <uninitialized>true</uninitialized>
         <run_address>0x2000007c</run_address>
         <size>0x4</size>
      </object_component>
      <object_component id="oc-191">
         <name>.common:ui8DummyRead</name>
         <uninitialized>true</uninitialized>
         <run_address>0x2000006a</run_address>
         <size>0x1</size>
      </object_component>
      <object_component id="oc-175">
         <name>.common:g_ui32ByteCount</name>
         <uninitialized>true</uninitialized>
         <run_address>0x20000070</run_address>
         <size>0x4</size>
      </object_component>
      <object_component id="oc-325">
         <name>.common:hfxtFreq</name>
         <uninitialized>true</uninitialized>
         <run_address>0x20000074</run_address>
         <size>0x4</size>
      </object_component>
      <object_component id="oc-326">
         <name>.common:lfxtFreq</name>
         <uninitialized>true</uninitialized>
         <run_address>0x20000078</run_address>
         <size>0x4</size>
      </object_component>
      <object_component id="oc-2f">
         <name>.stack</name>
         <uninitialized>true</uninitialized>
         <run_address>0x2000fe00</run_address>
         <size>0x0</size>
         <input_file_ref idref="fl-e5"/>
      </object_component>
      <object_component id="oc-40e">
         <name>.stack</name>
         <uninitialized>true</uninitialized>
         <run_address>0x2000fe00</run_address>
         <size>0x0</size>
      </object_component>
      <object_component id="oc-fe">
         <name>.debug_info</name>
         <load_address>0x0</load_address>
         <run_address>0x0</run_address>
         <size>0x908</size>
         <input_file_ref idref="fl-2"/>
      </object_component>
      <object_component id="oc-1ca">
         <name>.debug_info</name>
         <load_address>0x908</load_address>
         <run_address>0x908</run_address>
         <size>0xf1</size>
         <input_file_ref idref="fl-2"/>
      </object_component>
      <object_component id="oc-b7">
         <name>.debug_info</name>
         <load_address>0x9f9</load_address>
         <run_address>0x9f9</run_address>
         <size>0x3a1</size>
         <input_file_ref idref="fl-2"/>
      </object_component>
      <object_component id="oc-10e">
         <name>.debug_info</name>
         <load_address>0xd9a</load_address>
         <run_address>0xd9a</run_address>
         <size>0x199</size>
         <input_file_ref idref="fl-2"/>
      </object_component>
      <object_component id="oc-23c">
         <name>.debug_info</name>
         <load_address>0xf33</load_address>
         <run_address>0xf33</run_address>
         <size>0x6c</size>
         <input_file_ref idref="fl-2"/>
      </object_component>
      <object_component id="oc-199">
         <name>.debug_info</name>
         <load_address>0xf9f</load_address>
         <run_address>0xf9f</run_address>
         <size>0x37e2</size>
         <input_file_ref idref="fl-2"/>
      </object_component>
      <object_component id="oc-20c">
         <name>.debug_info</name>
         <load_address>0x4781</load_address>
         <run_address>0x4781</run_address>
         <size>0x1055</size>
         <input_file_ref idref="fl-2"/>
      </object_component>
      <object_component id="oc-241">
         <name>.debug_info</name>
         <load_address>0x57d6</load_address>
         <run_address>0x57d6</run_address>
         <size>0x9a</size>
         <input_file_ref idref="fl-2"/>
      </object_component>
      <object_component id="oc-2fd">
         <name>.debug_info</name>
         <load_address>0x5870</load_address>
         <run_address>0x5870</run_address>
         <size>0x62</size>
         <input_file_ref idref="fl-2"/>
      </object_component>
      <object_component id="oc-109">
         <name>.debug_info</name>
         <load_address>0x58d2</load_address>
         <run_address>0x58d2</run_address>
         <size>0x8b</size>
         <input_file_ref idref="fl-2"/>
      </object_component>
      <object_component id="oc-113">
         <name>.debug_info</name>
         <load_address>0x595d</load_address>
         <run_address>0x595d</run_address>
         <size>0x18b</size>
         <input_file_ref idref="fl-2"/>
      </object_component>
      <object_component id="oc-211">
         <name>.debug_info</name>
         <load_address>0x5ae8</load_address>
         <run_address>0x5ae8</run_address>
         <size>0x338</size>
         <input_file_ref idref="fl-2"/>
      </object_component>
      <object_component id="oc-21d">
         <name>.debug_info</name>
         <load_address>0x5e20</load_address>
         <run_address>0x5e20</run_address>
         <size>0xee</size>
         <input_file_ref idref="fl-2"/>
      </object_component>
      <object_component id="oc-8f">
         <name>.debug_info</name>
         <load_address>0x5f0e</load_address>
         <run_address>0x5f0e</run_address>
         <size>0x2bd</size>
         <input_file_ref idref="fl-3"/>
      </object_component>
      <object_component id="oc-2d">
         <name>.debug_info</name>
         <load_address>0x61cb</load_address>
         <run_address>0x61cb</run_address>
         <size>0xfb</size>
         <input_file_ref idref="fl-3"/>
      </object_component>
      <object_component id="oc-79">
         <name>.debug_info</name>
         <load_address>0x62c6</load_address>
         <run_address>0x62c6</run_address>
         <size>0x1c2</size>
         <input_file_ref idref="fl-3"/>
      </object_component>
      <object_component id="oc-36">
         <name>.debug_info</name>
         <load_address>0x6488</load_address>
         <run_address>0x6488</run_address>
         <size>0x84</size>
         <input_file_ref idref="fl-3"/>
      </object_component>
      <object_component id="oc-1e9">
         <name>.debug_info</name>
         <load_address>0x650c</load_address>
         <run_address>0x650c</run_address>
         <size>0xf4</size>
         <input_file_ref idref="fl-4"/>
      </object_component>
      <object_component id="oc-cb">
         <name>.debug_info</name>
         <load_address>0x6600</load_address>
         <run_address>0x6600</run_address>
         <size>0x266</size>
         <input_file_ref idref="fl-4"/>
      </object_component>
      <object_component id="oc-3ab">
         <name>.debug_info</name>
         <load_address>0x6866</load_address>
         <run_address>0x6866</run_address>
         <size>0x2bc</size>
         <input_file_ref idref="fl-5"/>
      </object_component>
      <object_component id="oc-3a8">
         <name>.debug_info</name>
         <load_address>0x6b22</load_address>
         <run_address>0x6b22</run_address>
         <size>0x118</size>
         <input_file_ref idref="fl-5"/>
      </object_component>
      <object_component id="oc-365">
         <name>.debug_info</name>
         <load_address>0x6c3a</load_address>
         <run_address>0x6c3a</run_address>
         <size>0x240</size>
         <input_file_ref idref="fl-5"/>
      </object_component>
      <object_component id="oc-9f">
         <name>.debug_info</name>
         <load_address>0x6e7a</load_address>
         <run_address>0x6e7a</run_address>
         <size>0x2c</size>
         <input_file_ref idref="fl-5"/>
      </object_component>
      <object_component id="oc-342">
         <name>.debug_info</name>
         <load_address>0x6ea6</load_address>
         <run_address>0x6ea6</run_address>
         <size>0x1b5</size>
         <input_file_ref idref="fl-6"/>
      </object_component>
      <object_component id="oc-1b3">
         <name>.debug_info</name>
         <load_address>0x705b</load_address>
         <run_address>0x705b</run_address>
         <size>0x3ea</size>
         <input_file_ref idref="fl-8"/>
      </object_component>
      <object_component id="oc-34e">
         <name>.debug_info</name>
         <load_address>0x7445</load_address>
         <run_address>0x7445</run_address>
         <size>0x5e6</size>
         <input_file_ref idref="fl-9"/>
      </object_component>
      <object_component id="oc-299">
         <name>.debug_info</name>
         <load_address>0x7a2b</load_address>
         <run_address>0x7a2b</run_address>
         <size>0x676</size>
         <input_file_ref idref="fl-9"/>
      </object_component>
      <object_component id="oc-2fc">
         <name>.debug_info</name>
         <load_address>0x80a1</load_address>
         <run_address>0x80a1</run_address>
         <size>0x6d0</size>
         <input_file_ref idref="fl-a"/>
      </object_component>
      <object_component id="oc-2ae">
         <name>.debug_info</name>
         <load_address>0x8771</load_address>
         <run_address>0x8771</run_address>
         <size>0x10e</size>
         <input_file_ref idref="fl-a"/>
      </object_component>
      <object_component id="oc-2b1">
         <name>.debug_info</name>
         <load_address>0x887f</load_address>
         <run_address>0x887f</run_address>
         <size>0x110</size>
         <input_file_ref idref="fl-a"/>
      </object_component>
      <object_component id="oc-2b4">
         <name>.debug_info</name>
         <load_address>0x898f</load_address>
         <run_address>0x898f</run_address>
         <size>0x111</size>
         <input_file_ref idref="fl-a"/>
      </object_component>
      <object_component id="oc-2b7">
         <name>.debug_info</name>
         <load_address>0x8aa0</load_address>
         <run_address>0x8aa0</run_address>
         <size>0x111</size>
         <input_file_ref idref="fl-a"/>
      </object_component>
      <object_component id="oc-2ba">
         <name>.debug_info</name>
         <load_address>0x8bb1</load_address>
         <run_address>0x8bb1</run_address>
         <size>0x119</size>
         <input_file_ref idref="fl-a"/>
      </object_component>
      <object_component id="oc-2e1">
         <name>.debug_info</name>
         <load_address>0x8cca</load_address>
         <run_address>0x8cca</run_address>
         <size>0x2c5</size>
         <input_file_ref idref="fl-a"/>
      </object_component>
      <object_component id="oc-2da">
         <name>.debug_info</name>
         <load_address>0x8f8f</load_address>
         <run_address>0x8f8f</run_address>
         <size>0x21e</size>
         <input_file_ref idref="fl-a"/>
      </object_component>
      <object_component id="oc-35f">
         <name>.debug_info</name>
         <load_address>0x91ad</load_address>
         <run_address>0x91ad</run_address>
         <size>0x228</size>
         <input_file_ref idref="fl-a"/>
      </object_component>
      <object_component id="oc-2e8">
         <name>.debug_info</name>
         <load_address>0x93d5</load_address>
         <run_address>0x93d5</run_address>
         <size>0x21a</size>
         <input_file_ref idref="fl-a"/>
      </object_component>
      <object_component id="oc-2cc">
         <name>.debug_info</name>
         <load_address>0x95ef</load_address>
         <run_address>0x95ef</run_address>
         <size>0x22e</size>
         <input_file_ref idref="fl-a"/>
      </object_component>
      <object_component id="oc-2f6">
         <name>.debug_info</name>
         <load_address>0x981d</load_address>
         <run_address>0x981d</run_address>
         <size>0x1ee</size>
         <input_file_ref idref="fl-a"/>
      </object_component>
      <object_component id="oc-2d3">
         <name>.debug_info</name>
         <load_address>0x9a0b</load_address>
         <run_address>0x9a0b</run_address>
         <size>0x1e7</size>
         <input_file_ref idref="fl-a"/>
      </object_component>
      <object_component id="oc-2ef">
         <name>.debug_info</name>
         <load_address>0x9bf2</load_address>
         <run_address>0x9bf2</run_address>
         <size>0x289</size>
         <input_file_ref idref="fl-a"/>
      </object_component>
      <object_component id="oc-2be">
         <name>.debug_info</name>
         <load_address>0x9e7b</load_address>
         <run_address>0x9e7b</run_address>
         <size>0x25c</size>
         <input_file_ref idref="fl-a"/>
      </object_component>
      <object_component id="oc-2c5">
         <name>.debug_info</name>
         <load_address>0xa0d7</load_address>
         <run_address>0xa0d7</run_address>
         <size>0x22f</size>
         <input_file_ref idref="fl-a"/>
      </object_component>
      <object_component id="oc-1cf">
         <name>.debug_info</name>
         <load_address>0xa306</load_address>
         <run_address>0xa306</run_address>
         <size>0x2154</size>
         <input_file_ref idref="fl-a"/>
      </object_component>
      <object_component id="oc-318">
         <name>.debug_info</name>
         <load_address>0xc45a</load_address>
         <run_address>0xc45a</run_address>
         <size>0x645</size>
         <input_file_ref idref="fl-d"/>
      </object_component>
      <object_component id="oc-218">
         <name>.debug_info</name>
         <load_address>0xca9f</load_address>
         <run_address>0xca9f</run_address>
         <size>0x37e2</size>
         <input_file_ref idref="fl-d"/>
      </object_component>
      <object_component id="oc-11f">
         <name>.debug_info</name>
         <load_address>0x10281</load_address>
         <run_address>0x10281</run_address>
         <size>0x72f</size>
         <input_file_ref idref="fl-f"/>
      </object_component>
      <object_component id="oc-119">
         <name>.debug_info</name>
         <load_address>0x109b0</load_address>
         <run_address>0x109b0</run_address>
         <size>0x112</size>
         <input_file_ref idref="fl-f"/>
      </object_component>
      <object_component id="oc-11c">
         <name>.debug_info</name>
         <load_address>0x10ac2</load_address>
         <run_address>0x10ac2</run_address>
         <size>0x112</size>
         <input_file_ref idref="fl-f"/>
      </object_component>
      <object_component id="oc-82">
         <name>.debug_info</name>
         <load_address>0x10bd4</load_address>
         <run_address>0x10bd4</run_address>
         <size>0x8f0</size>
         <input_file_ref idref="fl-f"/>
      </object_component>
      <object_component id="oc-229">
         <name>.debug_info</name>
         <load_address>0x114c4</load_address>
         <run_address>0x114c4</run_address>
         <size>0x37e2</size>
         <input_file_ref idref="fl-f"/>
      </object_component>
      <object_component id="oc-1c4">
         <name>.debug_info</name>
         <load_address>0x14ca6</load_address>
         <run_address>0x14ca6</run_address>
         <size>0x6df</size>
         <input_file_ref idref="fl-16"/>
      </object_component>
      <object_component id="oc-136">
         <name>.debug_info</name>
         <load_address>0x15385</load_address>
         <run_address>0x15385</run_address>
         <size>0xb46</size>
         <input_file_ref idref="fl-18"/>
      </object_component>
      <object_component id="oc-177">
         <name>.debug_info</name>
         <load_address>0x15ecb</load_address>
         <run_address>0x15ecb</run_address>
         <size>0x11d</size>
         <input_file_ref idref="fl-18"/>
      </object_component>
      <object_component id="oc-127">
         <name>.debug_info</name>
         <load_address>0x15fe8</load_address>
         <run_address>0x15fe8</run_address>
         <size>0x11d</size>
         <input_file_ref idref="fl-18"/>
      </object_component>
      <object_component id="oc-89">
         <name>.debug_info</name>
         <load_address>0x16105</load_address>
         <run_address>0x16105</run_address>
         <size>0xde3</size>
         <input_file_ref idref="fl-18"/>
      </object_component>
      <object_component id="oc-100">
         <name>.debug_info</name>
         <load_address>0x16ee8</load_address>
         <run_address>0x16ee8</run_address>
         <size>0x7c4</size>
         <input_file_ref idref="fl-1d"/>
      </object_component>
      <object_component id="oc-d1">
         <name>.debug_info</name>
         <load_address>0x176ac</load_address>
         <run_address>0x176ac</run_address>
         <size>0x112</size>
         <input_file_ref idref="fl-1d"/>
      </object_component>
      <object_component id="oc-7c">
         <name>.debug_info</name>
         <load_address>0x177be</load_address>
         <run_address>0x177be</run_address>
         <size>0x640</size>
         <input_file_ref idref="fl-1d"/>
      </object_component>
      <object_component id="oc-296">
         <name>.debug_info</name>
         <load_address>0x17dfe</load_address>
         <run_address>0x17dfe</run_address>
         <size>0x5ef</size>
         <input_file_ref idref="fl-23"/>
      </object_component>
      <object_component id="oc-336">
         <name>.debug_info</name>
         <load_address>0x183ed</load_address>
         <run_address>0x183ed</run_address>
         <size>0x17e</size>
         <input_file_ref idref="fl-23"/>
      </object_component>
      <object_component id="oc-27e">
         <name>.debug_info</name>
         <load_address>0x1856b</load_address>
         <run_address>0x1856b</run_address>
         <size>0x132</size>
         <input_file_ref idref="fl-23"/>
      </object_component>
      <object_component id="oc-272">
         <name>.debug_info</name>
         <load_address>0x1869d</load_address>
         <run_address>0x1869d</run_address>
         <size>0x22b</size>
         <input_file_ref idref="fl-23"/>
      </object_component>
      <object_component id="oc-278">
         <name>.debug_info</name>
         <load_address>0x188c8</load_address>
         <run_address>0x188c8</run_address>
         <size>0x1b9</size>
         <input_file_ref idref="fl-23"/>
      </object_component>
      <object_component id="oc-31c">
         <name>.debug_info</name>
         <load_address>0x18a81</load_address>
         <run_address>0x18a81</run_address>
         <size>0x131</size>
         <input_file_ref idref="fl-23"/>
      </object_component>
      <object_component id="oc-28c">
         <name>.debug_info</name>
         <load_address>0x18bb2</load_address>
         <run_address>0x18bb2</run_address>
         <size>0x129</size>
         <input_file_ref idref="fl-23"/>
      </object_component>
      <object_component id="oc-1c0">
         <name>.debug_info</name>
         <load_address>0x18cdb</load_address>
         <run_address>0x18cdb</run_address>
         <size>0x1dd</size>
         <input_file_ref idref="fl-23"/>
      </object_component>
      <object_component id="oc-322">
         <name>.debug_info</name>
         <load_address>0x18eb8</load_address>
         <run_address>0x18eb8</run_address>
         <size>0x120</size>
         <input_file_ref idref="fl-23"/>
      </object_component>
      <object_component id="oc-231">
         <name>.debug_info</name>
         <load_address>0x18fd8</load_address>
         <run_address>0x18fd8</run_address>
         <size>0x1d8</size>
         <input_file_ref idref="fl-23"/>
      </object_component>
      <object_component id="oc-123">
         <name>.debug_info</name>
         <load_address>0x191b0</load_address>
         <run_address>0x191b0</run_address>
         <size>0x132</size>
         <input_file_ref idref="fl-23"/>
      </object_component>
      <object_component id="oc-284">
         <name>.debug_info</name>
         <load_address>0x192e2</load_address>
         <run_address>0x192e2</run_address>
         <size>0x130</size>
         <input_file_ref idref="fl-23"/>
      </object_component>
      <object_component id="oc-1bb">
         <name>.debug_info</name>
         <load_address>0x19412</load_address>
         <run_address>0x19412</run_address>
         <size>0x130</size>
         <input_file_ref idref="fl-23"/>
      </object_component>
      <object_component id="oc-309">
         <name>.debug_info</name>
         <load_address>0x19542</load_address>
         <run_address>0x19542</run_address>
         <size>0x103e</size>
         <input_file_ref idref="fl-23"/>
      </object_component>
      <object_component id="oc-332">
         <name>.debug_info</name>
         <load_address>0x1a580</load_address>
         <run_address>0x1a580</run_address>
         <size>0x5c8</size>
         <input_file_ref idref="fl-24"/>
      </object_component>
      <object_component id="oc-26c">
         <name>.debug_info</name>
         <load_address>0x1ab48</load_address>
         <run_address>0x1ab48</run_address>
         <size>0x175</size>
         <input_file_ref idref="fl-24"/>
      </object_component>
      <object_component id="oc-1f4">
         <name>.debug_info</name>
         <load_address>0x1acbd</load_address>
         <run_address>0x1acbd</run_address>
         <size>0x4a4</size>
         <input_file_ref idref="fl-25"/>
      </object_component>
      <object_component id="oc-1f1">
         <name>.debug_info</name>
         <load_address>0x1b161</load_address>
         <run_address>0x1b161</run_address>
         <size>0xd0</size>
         <input_file_ref idref="fl-25"/>
      </object_component>
      <object_component id="oc-12c">
         <name>.debug_info</name>
         <load_address>0x1b231</load_address>
         <run_address>0x1b231</run_address>
         <size>0x1dd</size>
         <input_file_ref idref="fl-25"/>
      </object_component>
      <object_component id="oc-dc">
         <name>.debug_info</name>
         <load_address>0x1b40e</load_address>
         <run_address>0x1b40e</run_address>
         <size>0x1db</size>
         <input_file_ref idref="fl-25"/>
      </object_component>
      <object_component id="oc-2a2">
         <name>.debug_info</name>
         <load_address>0x1b5e9</load_address>
         <run_address>0x1b5e9</run_address>
         <size>0x19a</size>
         <input_file_ref idref="fl-25"/>
      </object_component>
      <object_component id="oc-2a8">
         <name>.debug_info</name>
         <load_address>0x1b783</load_address>
         <run_address>0x1b783</run_address>
         <size>0x185</size>
         <input_file_ref idref="fl-25"/>
      </object_component>
      <object_component id="oc-239">
         <name>.debug_info</name>
         <load_address>0x1b908</load_address>
         <run_address>0x1b908</run_address>
         <size>0x4ac</size>
         <input_file_ref idref="fl-26"/>
      </object_component>
      <object_component id="oc-146">
         <name>.debug_info</name>
         <load_address>0x1bdb4</load_address>
         <run_address>0x1bdb4</run_address>
         <size>0x182</size>
         <input_file_ref idref="fl-26"/>
      </object_component>
      <object_component id="oc-187">
         <name>.debug_info</name>
         <load_address>0x1bf36</load_address>
         <run_address>0x1bf36</run_address>
         <size>0x153</size>
         <input_file_ref idref="fl-26"/>
      </object_component>
      <object_component id="oc-159">
         <name>.debug_info</name>
         <load_address>0x1c089</load_address>
         <run_address>0x1c089</run_address>
         <size>0x19c</size>
         <input_file_ref idref="fl-26"/>
      </object_component>
      <object_component id="oc-194">
         <name>.debug_info</name>
         <load_address>0x1c225</load_address>
         <run_address>0x1c225</run_address>
         <size>0x17d</size>
         <input_file_ref idref="fl-26"/>
      </object_component>
      <object_component id="oc-171">
         <name>.debug_info</name>
         <load_address>0x1c3a2</load_address>
         <run_address>0x1c3a2</run_address>
         <size>0x149</size>
         <input_file_ref idref="fl-26"/>
      </object_component>
      <object_component id="oc-18d">
         <name>.debug_info</name>
         <load_address>0x1c4eb</load_address>
         <run_address>0x1c4eb</run_address>
         <size>0x15d</size>
         <input_file_ref idref="fl-26"/>
      </object_component>
      <object_component id="oc-131">
         <name>.debug_info</name>
         <load_address>0x1c648</load_address>
         <run_address>0x1c648</run_address>
         <size>0x138</size>
         <input_file_ref idref="fl-26"/>
      </object_component>
      <object_component id="oc-141">
         <name>.debug_info</name>
         <load_address>0x1c780</load_address>
         <run_address>0x1c780</run_address>
         <size>0x160</size>
         <input_file_ref idref="fl-26"/>
      </object_component>
      <object_component id="oc-16c">
         <name>.debug_info</name>
         <load_address>0x1c8e0</load_address>
         <run_address>0x1c8e0</run_address>
         <size>0x16f</size>
         <input_file_ref idref="fl-26"/>
      </object_component>
      <object_component id="oc-17c">
         <name>.debug_info</name>
         <load_address>0x1ca4f</load_address>
         <run_address>0x1ca4f</run_address>
         <size>0x173</size>
         <input_file_ref idref="fl-26"/>
      </object_component>
      <object_component id="oc-14d">
         <name>.debug_info</name>
         <load_address>0x1cbc2</load_address>
         <run_address>0x1cbc2</run_address>
         <size>0x13a</size>
         <input_file_ref idref="fl-26"/>
      </object_component>
      <object_component id="oc-153">
         <name>.debug_info</name>
         <load_address>0x1ccfc</load_address>
         <run_address>0x1ccfc</run_address>
         <size>0x165</size>
         <input_file_ref idref="fl-26"/>
      </object_component>
      <object_component id="oc-13b">
         <name>.debug_info</name>
         <load_address>0x1ce61</load_address>
         <run_address>0x1ce61</run_address>
         <size>0x13c</size>
         <input_file_ref idref="fl-26"/>
      </object_component>
      <object_component id="oc-160">
         <name>.debug_info</name>
         <load_address>0x1cf9d</load_address>
         <run_address>0x1cf9d</run_address>
         <size>0x167</size>
         <input_file_ref idref="fl-26"/>
      </object_component>
      <object_component id="oc-182">
         <name>.debug_info</name>
         <load_address>0x1d104</load_address>
         <run_address>0x1d104</run_address>
         <size>0x16b</size>
         <input_file_ref idref="fl-26"/>
      </object_component>
      <object_component id="oc-202">
         <name>.debug_info</name>
         <load_address>0x1d26f</load_address>
         <run_address>0x1d26f</run_address>
         <size>0x432</size>
         <input_file_ref idref="fl-27"/>
      </object_component>
      <object_component id="oc-1ff">
         <name>.debug_info</name>
         <load_address>0x1d6a1</load_address>
         <run_address>0x1d6a1</run_address>
         <size>0x173</size>
         <input_file_ref idref="fl-27"/>
      </object_component>
      <object_component id="oc-3a2">
         <name>.debug_info</name>
         <load_address>0x1d814</load_address>
         <run_address>0x1d814</run_address>
         <size>0xc5</size>
         <input_file_ref idref="fl-27"/>
      </object_component>
      <object_component id="oc-349">
         <name>.debug_info</name>
         <load_address>0x1d8d9</load_address>
         <run_address>0x1d8d9</run_address>
         <size>0x1a4</size>
         <input_file_ref idref="fl-27"/>
      </object_component>
      <object_component id="oc-ed">
         <name>.debug_info</name>
         <load_address>0x1da7d</load_address>
         <run_address>0x1da7d</run_address>
         <size>0x122</size>
         <input_file_ref idref="fl-27"/>
      </object_component>
      <object_component id="oc-f3">
         <name>.debug_info</name>
         <load_address>0x1db9f</load_address>
         <run_address>0x1db9f</run_address>
         <size>0x16b</size>
         <input_file_ref idref="fl-27"/>
      </object_component>
      <object_component id="oc-165">
         <name>.debug_info</name>
         <load_address>0x1dd0a</load_address>
         <run_address>0x1dd0a</run_address>
         <size>0x16d</size>
         <input_file_ref idref="fl-27"/>
      </object_component>
      <object_component id="oc-39b">
         <name>.debug_info</name>
         <load_address>0x1de77</load_address>
         <run_address>0x1de77</run_address>
         <size>0x560</size>
         <input_file_ref idref="fl-28"/>
      </object_component>
      <object_component id="oc-386">
         <name>.debug_info</name>
         <load_address>0x1e3d7</load_address>
         <run_address>0x1e3d7</run_address>
         <size>0x174</size>
         <input_file_ref idref="fl-28"/>
      </object_component>
      <object_component id="oc-374">
         <name>.debug_info</name>
         <load_address>0x1e54b</load_address>
         <run_address>0x1e54b</run_address>
         <size>0xf9</size>
         <input_file_ref idref="fl-28"/>
      </object_component>
      <object_component id="oc-3b1">
         <name>.debug_info</name>
         <load_address>0x1e644</load_address>
         <run_address>0x1e644</run_address>
         <size>0x112</size>
         <input_file_ref idref="fl-28"/>
      </object_component>
      <object_component id="oc-392">
         <name>.debug_info</name>
         <load_address>0x1e756</load_address>
         <run_address>0x1e756</run_address>
         <size>0x291</size>
         <input_file_ref idref="fl-28"/>
      </object_component>
      <object_component id="oc-3b7">
         <name>.debug_info</name>
         <load_address>0x1e9e7</load_address>
         <run_address>0x1e9e7</run_address>
[...]
      </symbol>
      <symbol id="sm-3be">
         <name>CS_clearInterruptFlag</name>
         <value>0x30299</value>
         <object_component_ref idref="oc-31f"/>
      </symbol>
      <symbol id="sm-3bf">
         <name>CS_setDCOFrequency</name>
         <value>0x2f21d</value>
         <object_component_ref idref="oc-26f"/>
      </symbol>
      <symbol id="sm-3c0">
         <name>CS_getDCOFrequency</name>
         <value>0x2f369</value>
         <object_component_ref idref="oc-1bd"/>
      </symbol>
      <symbol id="sm-3c1">
         <name>CS_getSMCLK</name>
         <value>0x303dd</value>
         <object_component_ref idref="oc-120"/>
      </symbol>
      <symbol id="sm-3c2">
         <name>CS_setDCOCenteredFrequency</name>
         <value>0x302bd</value>
         <object_component_ref idref="oc-27b"/>
      </symbol>
      <symbol id="sm-3c3">
         <name>CS_tuneDCOFrequency</name>
         <value>0x2fcc9</value>
         <object_component_ref idref="oc-333"/>
      </symbol>
      <symbol id="sm-3c4">
         <name>CS_initClockSignal</name>
         <value>0x2f46d</value>
         <object_component_ref idref="oc-275"/>
      </symbol>
      <symbol id="sm-3d5">
         <name>FlashCtl_setWaitState</name>
         <value>0x30249</value>
         <object_component_ref idref="oc-269"/>
      </symbol>
      <symbol id="sm-413">
         <name>GPIO_setAsInputPin</name>
         <value>0x301c5</value>
         <object_component_ref idref="oc-29e"/>
      </symbol>
      <symbol id="sm-414">
         <name>GPIO_setAsPeripheralModuleFunctionOutputPin</name>
         <value>0x2fe65</value>
         <object_component_ref idref="oc-129"/>
      </symbol>
      <symbol id="sm-415">
         <name>GPIO_getInputPinValue</name>
         <value>0x303f5</value>
         <object_component_ref idref="oc-2a4"/>
      </symbol>
      <symbol id="sm-416">
         <name>GPIO_setAsPeripheralModuleFunctionInputPin</name>
         <value>0x2ff49</value>
         <object_component_ref idref="oc-d9"/>
      </symbol>
      <symbol id="sm-4a1">
         <name>I2C_masterSendMultiByteStop</name>
         <value>0x30165</value>
         <object_component_ref idref="oc-185"/>
      </symbol>
      <symbol id="sm-4a2">
         <name>I2C_masterSendMultiByteNext</name>
         <value>0x302e1</value>
         <object_component_ref idref="oc-192"/>
      </symbol>
      <symbol id="sm-4a3">
         <name>I2C_disableInterrupt</name>
         <value>0x304e1</value>
         <object_component_ref idref="oc-15d"/>
      </symbol>
      <symbol id="sm-4a4">
         <name>I2C_masterSendMultiByteStart</name>
         <value>0x3012d</value>
         <object_component_ref idref="oc-157"/>
      </symbol>
      <symbol id="sm-4a5">
         <name>I2C_getEnabledInterruptStatus</name>
         <value>0x2dfeb</value>
         <object_component_ref idref="oc-179"/>
      </symbol>
      <symbol id="sm-4a6">
         <name>I2C_masterReceiveMultiByteNext</name>
         <value>0x2eeb3</value>
         <object_component_ref idref="oc-18b"/>
      </symbol>
      <symbol id="sm-4a7">
         <name>I2C_getInterruptStatus</name>
         <value>0x2ece3</value>
         <object_component_ref idref="oc-169"/>
      </symbol>
      <symbol id="sm-4a8">
         <name>I2C_isBusBusy</name>
         <value>0x30455</value>
         <object_component_ref idref="oc-12f"/>
      </symbol>
      <symbol id="sm-4a9">
         <name>I2C_enableModule</name>
         <value>0x30523</value>
         <object_component_ref idref="oc-14a"/>
      </symbol>
      <symbol id="sm-4aa">
         <name>I2C_masterReceiveStart</name>
         <value>0x304a3</value>
         <object_component_ref idref="oc-16f"/>
      </symbol>
      <symbol id="sm-4ab">
         <name>I2C_clearInterruptFlag</name>
         <value>0x304d3</value>
         <object_component_ref idref="oc-17f"/>
      </symbol>
      <symbol id="sm-4ac">
         <name>I2C_setSlaveAddress</name>
         <value>0x300ed</value>
         <object_component_ref idref="oc-144"/>
      </symbol>
      <symbol id="sm-4ad">
         <name>I2C_initMaster</name>
         <value>0x300af</value>
         <object_component_ref idref="oc-13e"/>
      </symbol>
      <symbol id="sm-4ae">
         <name>I2C_enableInterrupt</name>
         <value>0x30563</value>
         <object_component_ref idref="oc-150"/>
      </symbol>
      <symbol id="sm-4af">
         <name>I2C_disableModule</name>
         <value>0x30517</value>
         <object_component_ref idref="oc-138"/>
      </symbol>
      <symbol id="sm-503">
         <name>Interrupt_disableInterrupt</name>
         <value>0x2fc01</value>
         <object_component_ref idref="oc-163"/>
      </symbol>
      <symbol id="sm-504">
         <name>Interrupt_setPriority</name>
         <value>0x30305</value>
         <object_component_ref idref="oc-347"/>
      </symbol>
      <symbol id="sm-505">
         <name>Interrupt_enableMaster</name>
         <value>0x304b3</value>
         <object_component_ref idref="oc-eb"/>
      </symbol>
      <symbol id="sm-506">
         <name>Interrupt_enableInterrupt</name>
         <value>0x2fc65</value>
         <object_component_ref idref="oc-f1"/>
      </symbol>
      <symbol id="sm-5c3">
         <name>PCM_getCoreVoltageLevel</name>
         <value>0x301f1</value>
         <object_component_ref idref="oc-3ce"/>
      </symbol>
      <symbol id="sm-5c4">
         <name>PCM_shutdownDevice</name>
         <value>0x2fdc5</value>
         <object_component_ref idref="oc-382"/>
      </symbol>
      <symbol id="sm-5c5">
         <name>PCM_setPowerState</name>
         <value>0x30573</value>
         <object_component_ref idref="oc-263"/>
      </symbol>
      <symbol id="sm-5c6">
         <name>PCM_getPowerMode</name>
         <value>0x3021d</value>
         <object_component_ref idref="oc-3ad"/>
      </symbol>
      <symbol id="sm-5c7">
         <name>PCM_getPowerState</name>
         <value>0x30531</value>
         <object_component_ref idref="oc-370"/>
      </symbol>
      <symbol id="sm-5c8">
         <name>PCM_gotoLPM4</name>
         <value>0x304c3</value>
         <object_component_ref idref="oc-37c"/>
      </symbol>
      <symbol id="sm-5c9">
         <name>PCM_gotoLPM3</name>
         <value>0x2f951</value>
         <object_component_ref idref="oc-376"/>
      </symbol>
      <symbol id="sm-5ca">
         <name>PCM_gotoLPM0</name>
         <value>0x30271</value>
         <object_component_ref idref="oc-394"/>
      </symbol>
      <symbol id="sm-5cb">
         <name>PCM_setPowerMode</name>
         <value>0x3056b</value>
         <object_component_ref idref="oc-3b3"/>
      </symbol>
      <symbol id="sm-5d8">
         <name>RTC_C_holdClock</name>
         <value>0x30329</value>
         <object_component_ref idref="oc-3c6"/>
      </symbol>
      <symbol id="sm-5ee">
         <name>SysCtl_getTLVInfo</name>
         <value>0x2fe15</value>
         <object_component_ref idref="oc-28f"/>
      </symbol>
      <symbol id="sm-62d">
         <name>UART_enableInterrupt</name>
         <value>0x3043d</value>
         <object_component_ref idref="oc-e5"/>
      </symbol>
      <symbol id="sm-62e">
         <name>UART_enableModule</name>
         <value>0x3053d</value>
         <object_component_ref idref="oc-df"/>
      </symbol>
      <symbol id="sm-62f">
         <name>UART_getEnabledInterruptStatus</name>
         <value>0x30195</value>
         <object_component_ref idref="oc-f7"/>
      </symbol>
      <symbol id="sm-630">
         <name>UART_getInterruptStatus</name>
         <value>0x3057b</value>
         <object_component_ref idref="oc-203"/>
      </symbol>
      <symbol id="sm-631">
         <name>UART_initModule</name>
         <value>0x2f8bd</value>
         <object_component_ref idref="oc-d3"/>
      </symbol>
      <symbol id="sm-632">
         <name>UART_clearInterruptFlag</name>
         <value>0x304ef</value>
         <object_component_ref idref="oc-102"/>
      </symbol>
      <symbol id="sm-63e">
         <name>WDT_A_holdTimer</name>
         <value>0x3040d</value>
         <object_component_ref idref="oc-3c0"/>
      </symbol>
      <symbol id="sm-650">
         <name>CPU_wfi</name>
         <value>0x2da4d</value>
         <object_component_ref idref="oc-3b9"/>
      </symbol>
      <symbol id="sm-651">
         <name>CPU_cpsie</name>
         <value>0x3050b</value>
         <object_component_ref idref="oc-1f7"/>
      </symbol>
      <symbol id="sm-662">
         <name>_c_int00</name>
         <value>0x2fd1d</value>
         <object_component_ref idref="oc-26"/>
      </symbol>
      <symbol id="sm-663">
         <name>__stack</name>
         <value>0x2000fe00</value>
         <object_component_ref idref="oc-2f"/>
      </symbol>
      <symbol id="sm-681">
         <name>__TI_decompress_lzss</name>
         <value>0x2fb99</value>
         <object_component_ref idref="oc-14"/>
      </symbol>
      <symbol id="sm-698">
         <name>__TI_decompress_none</name>
         <value>0x304fd</value>
         <object_component_ref idref="oc-1a"/>
      </symbol>
      <symbol id="sm-6aa">
         <name>__TI_zero_init</name>
         <value>0x30549</value>
         <object_component_ref idref="oc-20"/>
      </symbol>
      <symbol id="sm-6cb">
         <name>C$$EXIT</name>
         <value>0x2fd71</value>
         <object_component_ref idref="oc-6b"/>
      </symbol>
      <symbol id="sm-6cc">
         <name>abort</name>
         <value>0x2fd75</value>
         <object_component_ref idref="oc-6b"/>
      </symbol>
      <symbol id="sm-6cd">
         <name>exit</name>
         <value>0x2fd7d</value>
         <object_component_ref idref="oc-6b"/>
      </symbol>
      <symbol id="sm-6ce">
         <name>__TI_dtors_ptr</name>
         <value>0x20000048</value>
         <object_component_ref idref="oc-be"/>
      </symbol>
      <symbol id="sm-6cf">
         <name>__TI_cleanup_ptr</name>
         <value>0x20000044</value>
         <object_component_ref idref="oc-be"/>
      </symbol>
      <symbol id="sm-6d0">
         <name>__TI_enable_exit_profile_output</name>
         <value>0x2000004c</value>
         <object_component_ref idref="oc-be"/>
      </symbol>
      <symbol id="sm-6f1">
         <name>memcpy</name>
         <value>0x2f821</value>
         <object_component_ref idref="oc-3b"/>
      </symbol>
      <symbol id="sm-6f2">
         <name>__aeabi_memcpy</name>
         <value>0x2f821</value>
         <object_component_ref idref="oc-3b"/>
      </symbol>
      <symbol id="sm-6f3">
         <name>__aeabi_memcpy8</name>
         <value>0x2f821</value>
         <object_component_ref idref="oc-3b"/>
      </symbol>
      <symbol id="sm-6f4">
         <name>__aeabi_memcpy4</name>
         <value>0x2f821</value>
         <object_component_ref idref="oc-3b"/>
      </symbol>
      <symbol id="sm-703">
         <name>__aeabi_memset</name>
         <value>0x2f9cf</value>
         <object_component_ref idref="oc-47"/>
      </symbol>
      <symbol id="sm-704">
         <name>memset</name>
         <value>0x2f9d5</value>
         <object_component_ref idref="oc-47"/>
      </symbol>
      <symbol id="sm-705">
         <name>__aeabi_memset8</name>
         <value>0x2f9cf</value>
         <object_component_ref idref="oc-47"/>
      </symbol>
      <symbol id="sm-706">
         <name>__aeabi_memset4</name>
         <value>0x2f9cf</value>
         <object_component_ref idref="oc-47"/>
      </symbol>
      <symbol id="sm-707">
         <name>__aeabi_memclr8</name>
         <value>0x2f9cd</value>
         <object_component_ref idref="oc-47"/>
      </symbol>
      <symbol id="sm-708">
         <name>__aeabi_memclr4</name>
         <value>0x2f9cd</value>
         <object_component_ref idref="oc-47"/>
      </symbol>
      <symbol id="sm-709">
         <name>__aeabi_memclr</name>
         <value>0x2f9cd</value>
         <object_component_ref idref="oc-47"/>
      </symbol>
      <symbol id="sm-713">
         <name>__mpu_init</name>
         <value>0x2f21b</value>
         <object_component_ref idref="oc-53"/>
      </symbol>
      <symbol id="sm-71d">
         <name>_system_pre_init</name>
         <value>0x3034d</value>
         <object_component_ref idref="oc-59"/>
      </symbol>
      <symbol id="sm-726">
         <name>main_func_sp</name>
         <value>0x20000058</value>
         <object_component_ref idref="oc-71"/>
      </symbol>
      <symbol id="sm-740">
         <name>_nop</name>
         <value>0x3048b</value>
         <object_component_ref idref="oc-1dc"/>
      </symbol>
      <symbol id="sm-741">
         <name>_lock</name>
         <value>0x20000050</value>
         <object_component_ref idref="oc-c1"/>
      </symbol>
      <symbol id="sm-742">
         <name>_unlock</name>
         <value>0x20000054</value>
         <object_component_ref idref="oc-c1"/>
      </symbol>
      <symbol id="sm-743">
         <name>_register_lock</name>
         <value>0x30483</value>
         <object_component_ref idref="oc-1dc"/>
      </symbol>
      <symbol id="sm-744">
         <name>_register_unlock</name>
         <value>0x3047d</value>
         <object_component_ref idref="oc-1dc"/>
      </symbol>
      <symbol id="sm-759">
         <name>_args_main</name>
         <value>0x30425</value>
         <object_component_ref idref="oc-65"/>
      </symbol>
      <symbol id="sm-784">
         <name>__TI_auto_init</name>
         <value>0x2fac1</value>
         <object_component_ref idref="oc-5f"/>
      </symbol>
      <symbol id="sm-79e">
         <name>copy_in</name>
         <value>0x2fefd</value>
         <object_component_ref idref="oc-a8"/>
      </symbol>
      <symbol id="sm-7b2">
         <name>_system_post_cinit</name>
         <value>0x2f783</value>
         <object_component_ref idref="oc-ae"/>
      </symbol>
      <symbol id="sm-7b7">
         <name>__TI_static_base__</name>
         <value>0x0</value>
      </symbol>
      <symbol id="sm-7ba">
         <name>SHT$$INIT_ARRAY$$Limit</name>
         <value>0x0</value>
      </symbol>
      <symbol id="sm-7bb">
         <name>SHT$$INIT_ARRAY$$Base</name>
         <value>0x0</value>
      </symbol>
      <symbol id="sm-7bc">
         <name>NMI_Handler</name>
         <value>0x304a1</value>
      </symbol>
      <symbol id="sm-7bd">
         <name>HardFault_Handler</name>
         <value>0x304a1</value>
      </symbol>
      <symbol id="sm-7be">
         <name>MemManage_Handler</name>
         <value>0x304a1</value>
      </symbol>
      <symbol id="sm-7bf">
         <name>BusFault_Handler</name>
         <value>0x304a1</value>
      </symbol>
      <symbol id="sm-7c0">
         <name>UsageFault_Handler</name>
         <value>0x304a1</value>
      </symbol>
      <symbol id="sm-7c1">
         <name>SVC_Handler</name>
         <value>0x304a1</value>
      </symbol>
      <symbol id="sm-7c2">
         <name>DebugMon_Handler</name>
         <value>0x304a1</value>
      </symbol>
      <symbol id="sm-7c3">
         <name>PendSV_Handler</name>
         <value>0x304a1</value>
      </symbol>
      <symbol id="sm-7c4">
         <name>SysTick_Handler</name>
         <value>0x304a1</value>
      </symbol>
      <symbol id="sm-7c5">
         <name>PSS_IRQHandler</name>
         <value>0x304a1</value>
      </symbol>
      <symbol id="sm-7c6">
         <name>CS_IRQHandler</name>
         <value>0x304a1</value>
      </symbol>
      <symbol id="sm-7c7">
         <name>PCM_IRQHandler</name>
         <value>0x304a1</value>
      </symbol>
      <symbol id="sm-7c8">
         <name>WDT_A_IRQHandler</name>
         <value>0x304a1</value>
      </symbol>
      <symbol id="sm-7c9">
         <name>FPU_IRQHandler</name>
         <value>0x304a1</value>
      </symbol>
      <symbol id="sm-7ca">
         <name>FLCTL_IRQHandler</name>
         <value>0x304a1</value>
      </symbol>
      <symbol id="sm-7cb">
         <name>COMP_E0_IRQHandler</name>
         <value>0x304a1</value>
      </symbol>
      <symbol id="sm-7cc">
         <name>COMP_E1_IRQHandler</name>
         <value>0x304a1</value>
      </symbol>
      <symbol id="sm-7cd">
         <name>TA0_0_IRQHandler</name>
         <value>0x304a1</value>
      </symbol>
      <symbol id="sm-7ce">
         <name>TA0_N_IRQHandler</name>
         <value>0x304a1</value>
      </symbol>
      <symbol id="sm-7cf">
         <name>TA1_0_IRQHandler</name>
         <value>0x304a1</value>
      </symbol>
      <symbol id="sm-7d0">
         <name>TA1_N_IRQHandler</name>
         <value>0x304a1</value>
      </symbol>
      <symbol id="sm-7d1">
         <name>TA2_0_IRQHandler</name>
         <value>0x304a1</value>
      </symbol>
      <symbol id="sm-7d2">
         <name>TA2_N_IRQHandler</name>
         <value>0x304a1</value>
      </symbol>
      <symbol id="sm-7d3">
         <name>TA3_0_IRQHandler</name>
         <value>0x304a1</value>
      </symbol>
      <symbol id="sm-7d4">
         <name>TA3_N_IRQHandler</name>
         <value>0x304a1</value>
      </symbol>
      <symbol id="sm-7d5">
         <name>EUSCIA0_IRQHandler</name>
         <value>0x304a1</value>
      </symbol>
      <symbol id="sm-7d6">
         <name>EUSCIA1_IRQHandler</name>
         <value>0x304a1</value>
      </symbol>
      <symbol id="sm-7d7">
         <name>EUSCIA2_IRQHandler</name>
         <value>0x2e6e9</value>
      </symbol>
      <symbol id="sm-7d8">
         <name>EUSCIA3_IRQHandler</name>
         <value>0x2f041</value>
      </symbol>
      <symbol id="sm-7d9">
         <name>EUSCIB0_IRQHandler</name>
         <value>0x304a1</value>
      </symbol>
      <symbol id="sm-7da">
         <name>EUSCIB1_IRQHandler</name>
         <value>0x2ded9</value>
      </symbol>
      <symbol id="sm-7db">
         <name>EUSCIB2_IRQHandler</name>
         <value>0x304a1</value>
      </symbol>
      <symbol id="sm-7dc">
         <name>EUSCIB3_IRQHandler</name>
         <value>0x304a1</value>
      </symbol>
      <symbol id="sm-7dd">
         <name>ADC14_IRQHandler</name>
         <value>0x304a1</value>
      </symbol>
      <symbol id="sm-7de">
         <name>T32_INT1_IRQHandler</name>
         <value>0x304a1</value>
      </symbol>
      <symbol id="sm-7df">
         <name>T32_INT2_IRQHandler</name>
         <value>0x304a1</value>
      </symbol>
      <symbol id="sm-7e0">
         <name>T32_INTC_IRQHandler</name>
         <value>0x304a1</value>
      </symbol>
      <symbol id="sm-7e1">
         <name>AES256_IRQHandler</name>
         <value>0x304a1</value>
      </symbol>
      <symbol id="sm-7e2">
         <name>RTC_C_IRQHandler</name>
         <value>0x304a1</value>
      </symbol>
      <symbol id="sm-7e3">
         <name>DMA_ERR_IRQHandler</name>
         <value>0x304a1</value>
      </symbol>
      <symbol id="sm-7e4">
         <name>DMA_INT3_IRQHandler</name>
         <value>0x304a1</value>
      </symbol>
      <symbol id="sm-7e5">
         <name>DMA_INT2_IRQHandler</name>
         <value>0x304a1</value>
      </symbol>
      <symbol id="sm-7e6">
         <name>DMA_INT1_IRQHandler</name>
         <value>0x304a1</value>
      </symbol>
      <symbol id="sm-7e7">
         <name>DMA_INT0_IRQHandler</name>
         <value>0x304a1</value>
      </symbol>
      <symbol id="sm-7e8">
         <name>PORT1_IRQHandler</name>
         <value>0x304a1</value>
      </symbol>
      <symbol id="sm-7e9">
         <name>PORT2_IRQHandler</name>
         <value>0x304a1</value>
      </symbol>
      <symbol id="sm-7ea">
         <name>PORT3_IRQHandler</name>
         <value>0x304a1</value>
      </symbol>
      <symbol id="sm-7eb">
         <name>PORT4_IRQHandler</name>
         <value>0x304a1</value>
      </symbol>
      <symbol id="sm-7ec">
         <name>PORT5_IRQHandler</name>
         <value>0x304a1</value>
      </symbol>
      <symbol id="sm-7ed">
         <name>PORT6_IRQHandler</name>
         <value>0x304a1</value>
      </symbol>
   </symbol_table>
   <title>Link successful</title>
</link_info>
